The target system is: PICO -  - cortex-m33
The host system is: Linux - 5.15.27 - x86_64
Compiling the C compiler identification source file "CMakeCCompilerId.c" succeeded.
Compiler: /usr/src/arm-gnu-toolchain/bin/arm-none-eabi-gcc 
Build flags: ;-mcpu=cortex-m33;-mthumb;-march=armv8-m.main+fp+dsp;-mfloat-abi=softfp;-mcmse
Id flags: -c 

The output was:
0


Compilation of the C compiler identification source "CMakeCCompilerId.c" produced "CMakeCCompilerId.o"

The C compiler identification is GNU, found in "/home/breaker/git/PS1/pico_booty/build/CMakeFiles/3.24.1/CompilerIdC/CMakeCCompilerId.o"

Compiling the CXX compiler identification source file "CMakeCXXCompilerId.cpp" succeeded.
Compiler: /usr/src/arm-gnu-toolchain/bin/arm-none-eabi-g++ 
Build flags: ;-mcpu=cortex-m33;-mthumb;-march=armv8-m.main+fp+dsp;-mfloat-abi=softfp;-mcmse
Id flags: -c 

The output was:
0


Compilation of the CXX compiler identification source "CMakeCXXCompilerId.cpp" produced "CMakeCXXCompilerId.o"

The CXX compiler identification is GNU, found in "/home/breaker/git/PS1/pico_booty/build/CMakeFiles/3.24.1/CompilerIdCXX/CMakeCXXCompilerId.o"

Checking whether the ASM compiler is GNU using "--version" matched "(GNU assembler)|(GCC)|(Free Software Foundation)":
arm-none-eabi-gcc (Arm GNU Toolchain 15.2.Rel1 (Build arm-15.86)) 15.2.1 20251203
Copyright (C) 2025 Free Software Foundation, Inc.
This is free software; see the source for copying conditions.  There is NO
warranty; not even for MERCHANTABILITY or FITNESS FOR A PARTICULAR PURPOSE.

Detecting C compiler ABI info compiled with the following output:
Change Dir: /home/breaker/git/PS1/pico_booty/build/CMakeFiles/CMakeTmp

Run Build Command(s):/usr/bin/gmake -f Makefile cmTC_d17d5/fast && /usr/bin/gmake  -f CMakeFiles/cmTC_d17d5.dir/build.make CMakeFiles/cmTC_d17d5.dir/build
gmake[1]: Entering directory '/home/breaker/git/PS1/pico_booty/build/CMakeFiles/CMakeTmp'
Building C object CMakeFiles/cmTC_d17d5.dir/CMakeCCompilerABI.c.o
/usr/src/arm-gnu-toolchain/bin/arm-none-eabi-gcc   -mcpu=cortex-m33 -mthumb -march=armv8-m.main+fp+dsp -mfloat-abi=softfp -mcmse    -v -std=gnu11 -o CMakeFiles/cmTC_d17d5.dir/CMakeCCompilerABI.c.o -c /usr/share/cmake-3.24/Modules/CMakeCCompilerABI.c
Using built-in specs.
COLLECT_GCC=/usr/src/arm-gnu-toolchain/bin/arm-none-eabi-gcc
Target: arm-none-eabi
Configured with: /data/jenkins/workspace/GNU-toolchain/arm-15/src/gcc/configure --target=arm-none-eabi --prefix=/data/jenkins/workspace/GNU-toolchain/arm-15/build-arm-none-eabi/install --with-gmp=/data/jenkins/workspace/GNU-toolchain/arm-15/build-arm-none-eabi/host-tools --with-mpfr=/data/jenkins/workspace/GNU-toolchain/arm-15/build-arm-none-eabi/host-tools --with-mpc=/data/jenkins/workspace/GNU-toolchain/arm-15/build-arm-none-eabi/host-tools --with-isl=/data/jenkins/workspace/GNU-toolchain/arm-15/build-arm-none-eabi/host-tools --disable-shared --disable-nls --disable-threads --enable-checking=release --enable-languages=c,c++,fortran --with-newlib --with-gnu-as --with-headers=yes --with-gnu-ld --with-native-system-header-dir=/include --with-sysroot=/data/jenkins/workspace/GNU-toolchain/arm-15/build-arm-none-eabi/install/arm-none-eabi --with-bugurl=https://gitlab.arm.com/tooling/gnu-devtools-for-arm/-/issues/ --with-multilib-list=aprofile,rmprofile --with-pkgversion='Arm GNU Toolchain 15.2.Rel1 (Build arm-15.86)'
Thread model: single
Supported LTO compression algorithms: zlib zstd
gcc version 15.2.1 20251203 (Arm GNU Toolchain 15.2.Rel1 (Build arm-15.86)) 
COLLECT_GCC_OPTIONS='-mcpu=cortex-m33' '-mthumb'  '-mfloat-abi=softfp' '-mcmse' '-v' '-std=gnu11' '-o' 'CMakeFiles/cmTC_d17d5.dir/CMakeCCompilerABI.c.o' '-c' '-mlibarch=armv8-m.main+dsp+fp' '-march=armv8-m.main+dsp+fp' '-dumpdir' 'CMakeFiles/cmTC_d17d5.dir/'
 /usr/src/arm-gnu-toolchain/bin/../libexec/gcc/arm-none-eabi/15.2.1/cc1 -quiet -v -imultilib thumb/v8-m.main+fp/softfp -iprefix /usr/src/arm-gnu-toolchain/bin/../lib/gcc/arm-none-eabi/15.2.1/ -isysroot /usr/src/arm-gnu-toolchain/bin/../arm-none-eabi -D__USES_INITFINI__ /usr/share/cmake-3.24/Modules/CMakeCCompilerABI.c -quiet -dumpdir CMakeFiles/cmTC_d17d5.dir/ -dumpbase CMakeCCompilerABI.c.c -dumpbase-ext .c -mcpu=cortex-m33 -mthumb -mfloat-abi=softfp -mcmse -mlibarch=armv8-m.main+dsp+fp -march=armv8-m.main+dsp+fp -std=gnu11 -version -o /tmp/ccxwabcG.s
GNU C11 (Arm GNU Toolchain 15.2.Rel1 (Build arm-15.86)) version 15.2.1 20251203 (arm-none-eabi)
	compiled by GNU C version 9.2.1 20191120 (Red Hat 9.2.1-2), GMP version 6.2.1, MPFR version 3.1.6, MPC version 1.0.3, isl version isl-0.15-1-g835ea3a-GMP

GGC heuristics: --param ggc-min-expand=100 --param ggc-min-heapsize=131072
ignoring duplicate directory "/usr/src/arm-gnu-toolchain/bin/../lib/gcc/../../lib/gcc/arm-none-eabi/15.2.1/include"
ignoring nonexistent directory "/usr/src/arm-gnu-toolchain/bin/../arm-none-eabi/usr/local/include"
ignoring duplicate directory "/usr/src/arm-gnu-toolchain/bin/../lib/gcc/../../lib/gcc/arm-none-eabi/15.2.1/include-fixed"
ignoring duplicate directory "/usr/src/arm-gnu-toolchain/bin/../lib/gcc/../../lib/gcc/arm-none-eabi/15.2.1/../../../../arm-none-eabi/include"
ignoring duplicate directory "/usr/src/arm-gnu-toolchain/bin/../arm-none-eabi/include"
#include "..." search starts here:
#include <...> search starts here:
 /usr/src/arm-gnu-toolchain/bin/../lib/gcc/arm-none-eabi/15.2.1/include
 /usr/src/arm-gnu-toolchain/bin/../lib/gcc/arm-none-eabi/15.2.1/include-fixed
 /usr/src/arm-gnu-toolchain/bin/../lib/gcc/arm-none-eabi/15.2.1/../../../../arm-none-eabi/include
End of search list.
Compiler executable checksum: b188e82d73c14327741f71b398212fe0
COLLECT_GCC_OPTIONS='-mcpu=cortex-m33' '-mthumb'  '-mfloat-abi=softfp' '-mcmse' '-v' '-std=gnu11' '-o' 'CMakeFiles/cmTC_d17d5.dir/CMakeCCompilerABI.c.o' '-c' '-mlibarch=armv8-m.main+dsp+fp' '-march=armv8-m.main+dsp+fp' '-dumpdir' 'CMakeFiles/cmTC_d17d5.dir/'
 /usr/src/arm-gnu-toolchain/bin/../lib/gcc/arm-none-eabi/15.2.1/../../../../arm-none-eabi/bin/as -v -march=armv8-m.main+dsp+fp -mfloat-abi=softfp -meabi=5 -o CMakeFiles/cmTC_d17d5.dir/CMakeCCompilerABI.c.o /tmp/ccxwabcG.s
GNU assembler version 2.45.1 (arm-none-eabi) using BFD version (Arm GNU Toolchain 15.2.Rel1 (Build arm-15.86)) 2.45.1.20251203
COMPILER_PATH=/usr/src/arm-gnu-toolchain/bin/../libexec/gcc/arm-none-eabi/15.2.1/:/usr/src/arm-gnu-toolchain/bin/../libexec/gcc/:/usr/src/arm-gnu-toolchain/bin/../lib/gcc/arm-none-eabi/15.2.1/../../../../arm-none-eabi/bin/
LIBRARY_PATH=/usr/src/arm-gnu-toolchain/bin/../lib/gcc/arm-none-eabi/15.2.1/thumb/v8-m.main+fp/softfp/:/usr/src/arm-gnu-toolchain/bin/../lib/gcc/arm-none-eabi/15.2.1/../../../../arm-none-eabi/lib/thumb/v8-m.main+fp/softfp/:/usr/src/arm-gnu-toolchain/bin/../arm-none-eabi/lib/thumb/v8-m.main+fp/softfp/:/usr/src/arm-gnu-toolchain/bin/../lib/gcc/arm-none-eabi/15.2.1/:/usr/src/arm-gnu-toolchain/bin/../lib/gcc/:/usr/src/arm-gnu-toolchain/bin/../lib/gcc/arm-none-eabi/15.2.1/../../../../arm-none-eabi/lib/:/usr/src/arm-gnu-toolchain/bin/../arm-none-eabi/lib/
COLLECT_GCC_OPTIONS='-mcpu=cortex-m33' '-mthumb'  '-mfloat-abi=softfp' '-mcmse' '-v' '-std=gnu11' '-o' 'CMakeFiles/cmTC_d17d5.dir/CMakeCCompilerABI.c.o' '-c' '-mlibarch=armv8-m.main+dsp+fp' '-march=armv8-m.main+dsp+fp' '-dumpdir' 'CMakeFiles/cmTC_d17d5.dir/CMakeCCompilerABI.c.'
Linking C executable cmTC_d17d5.elf
/usr/bin/cmake -E cmake_link_script CMakeFiles/cmTC_d17d5.dir/link.txt --verbose=1
/usr/src/arm-gnu-toolchain/bin/arm-none-eabi-gcc -mcpu=cortex-m33 -mthumb -march=armv8-m.main+fp+dsp -mfloat-abi=softfp -mcmse  -Wl,--build-id=none -nostdlib  -v CMakeFiles/cmTC_d17d5.dir/CMakeCCompilerABI.c.o -o cmTC_d17d5.elf 
Using built-in specs.
COLLECT_GCC=/usr/src/arm-gnu-toolchain/bin/arm-none-eabi-gcc
COLLECT_LTO_WRAPPER=/usr/src/arm-gnu-toolchain/bin/../libexec/gcc/arm-none-eabi/15.2.1/lto-wrapper
Target: arm-none-eabi
Configured with: /data/jenkins/workspace/GNU-toolchain/arm-15/src/gcc/configure --target=arm-none-eabi --prefix=/data/jenkins/workspace/GNU-toolchain/arm-15/build-arm-none-eabi/install --with-gmp=/data/jenkins/workspace/GNU-toolchain/arm-15/build-arm-none-eabi/host-tools --with-mpfr=/data/jenkins/workspace/GNU-toolchain/arm-15/build-arm-none-eabi/host-tools --with-mpc=/data/jenkins/workspace/GNU-toolchain/arm-15/build-arm-none-eabi/host-tools --with-isl=/data/jenkins/workspace/GNU-toolchain/arm-15/build-arm-none-eabi/host-tools --disable-shared --disable-nls --disable-threads --enable-checking=release --enable-languages=c,c++,fortran --with-newlib --with-gnu-as --with-headers=yes --with-gnu-ld --with-native-system-header-dir=/include --with-sysroot=/data/jenkins/workspace/GNU-toolchain/arm-15/build-arm-none-eabi/install/arm-none-eabi --with-bugurl=https://gitlab.arm.com/tooling/gnu-devtools-for-arm/-/issues/ --with-multilib-list=aprofile,rmprofile --with-pkgversion='Arm GNU Toolchain 15.2.Rel1 (Build arm-15.86)'
Thread model: single
Supported LTO compression algorithms: zlib zstd
gcc version 15.2.1 20251203 (Arm GNU Toolchain 15.2.Rel1 (Build arm-15.86)) 
COMPILER_PATH=/usr/src/arm-gnu-toolchain/bin/../libexec/gcc/arm-none-eabi/15.2.1/:/usr/src/arm-gnu-toolchain/bin/../libexec/gcc/:/usr/src/arm-gnu-toolchain/bin/../lib/gcc/arm-none-eabi/15.2.1/../../../../arm-none-eabi/bin/
LIBRARY_PATH=/usr/src/arm-gnu-toolchain/bin/../lib/gcc/arm-none-eabi/15.2.1/thumb/v8-m.main+fp/softfp/:/usr/src/arm-gnu-toolchain/bin/../lib/gcc/arm-none-eabi/15.2.1/../../../../arm-none-eabi/lib/thumb/v8-m.main+fp/softfp/:/usr/src/arm-gnu-toolchain/bin/../arm-none-eabi/lib/thumb/v8-m.main+fp/softfp/:/usr/src/arm-gnu-toolchain/bin/../lib/gcc/arm-none-eabi/15.2.1/:/usr/src/arm-gnu-toolchain/bin/../lib/gcc/:/usr/src/arm-gnu-toolchain/bin/../lib/gcc/arm-none-eabi/15.2.1/../../../../arm-none-eabi/lib/:/usr/src/arm-gnu-toolchain/bin/../arm-none-eabi/lib/
COLLECT_GCC_OPTIONS='-mcpu=cortex-m33' '-mthumb'  '-mfloat-abi=softfp' '-mcmse' '-nostdlib' '-v' '-o' 'cmTC_d17d5.elf' '-mlibarch=armv8-m.main+dsp+fp' '-march=armv8-m.main+dsp+fp' '-dumpdir' 'cmTC_d17d5.elf.'
 /usr/src/arm-gnu-toolchain/bin/../libexec/gcc/arm-none-eabi/15.2.1/collect2 -plugin /usr/src/arm-gnu-toolchain/bin/../libexec/gcc/arm-none-eabi/15.2.1/liblto_plugin.so -plugin-opt=/usr/src/arm-gnu-toolchain/bin/../libexec/gcc/arm-none-eabi/15.2.1/lto-wrapper -plugin-opt=-fresolution=/tmp/cc2V3DzW.res --sysroot=/usr/src/arm-gnu-toolchain/bin/../arm-none-eabi -X -o cmTC_d17d5.elf -L/usr/src/arm-gnu-toolchain/bin/../lib/gcc/arm-none-eabi/15.2.1/thumb/v8-m.main+fp/softfp -L/usr/src/arm-gnu-toolchain/bin/../lib/gcc/arm-none-eabi/15.2.1/../../../../arm-none-eabi/lib/thumb/v8-m.main+fp/softfp -L/usr/src/arm-gnu-toolchain/bin/../arm-none-eabi/lib/thumb/v8-m.main+fp/softfp -L/usr/src/arm-gnu-toolchain/bin/../lib/gcc/arm-none-eabi/15.2.1 -L/usr/src/arm-gnu-toolchain/bin/../lib/gcc -L/usr/src/arm-gnu-toolchain/bin/../lib/gcc/arm-none-eabi/15.2.1/../../../../arm-none-eabi/lib -L/usr/src/arm-gnu-toolchain/bin/../arm-none-eabi/lib --build-id=none CMakeFiles/cmTC_d17d5.dir/CMakeCCompilerABI.c.o
/usr/src/arm-gnu-toolchain/bin/../lib/gcc/arm-none-eabi/15.2.1/../../../../arm-none-eabi/bin/ld: warning: cannot find entry symbol _start; defaulting to 00008000
COLLECT_GCC_OPTIONS='-mcpu=cortex-m33' '-mthumb'  '-mfloat-abi=softfp' '-mcmse' '-nostdlib' '-v' '-o' 'cmTC_d17d5.elf' '-mlibarch=armv8-m.main+dsp+fp' '-march=armv8-m.main+dsp+fp' '-dumpdir' 'cmTC_d17d5.elf.'
gmake[1]: Leaving directory '/home/breaker/git/PS1/pico_booty/build/CMakeFiles/CMakeTmp'



Parsed C implicit include dir info from above output: rv=done
  found start of include info
  found start of implicit include info
    add: [/usr/src/arm-gnu-toolchain/bin/../lib/gcc/arm-none-eabi/15.2.1/include]
    add: [/usr/src/arm-gnu-toolchain/bin/../lib/gcc/arm-none-eabi/15.2.1/include-fixed]
    add: [/usr/src/arm-gnu-toolchain/bin/../lib/gcc/arm-none-eabi/15.2.1/../../../../arm-none-eabi/include]
  end of search list found
  collapse include dir [/usr/src/arm-gnu-toolchain/bin/../lib/gcc/arm-none-eabi/15.2.1/include] ==> [/usr/src/arm-gnu-toolchain/lib/gcc/arm-none-eabi/15.2.1/include]
  collapse include dir [/usr/src/arm-gnu-toolchain/bin/../lib/gcc/arm-none-eabi/15.2.1/include-fixed] ==> [/usr/src/arm-gnu-toolchain/lib/gcc/arm-none-eabi/15.2.1/include-fixed]
  collapse include dir [/usr/src/arm-gnu-toolchain/bin/../lib/gcc/arm-none-eabi/15.2.1/../../../../arm-none-eabi/include] ==> [/usr/src/arm-gnu-toolchain/arm-none-eabi/include]
  implicit include dirs: [/usr/src/arm-gnu-toolchain/lib/gcc/arm-none-eabi/15.2.1/include;/usr/src/arm-gnu-toolchain/lib/gcc/arm-none-eabi/15.2.1/include-fixed;/usr/src/arm-gnu-toolchain/arm-none-eabi/include]


Parsed C implicit link information from above output:
  link line regex: [^( *|.*[/\])(arm-none-eabi-ld|CMAKE_LINK_STARTFILE-NOTFOUND|([^/\]+-)?ld|collect2)[^/\]*( |$)]
  ignore line: [Change Dir: /home/breaker/git/PS1/pico_booty/build/CMakeFiles/CMakeTmp]
  ignore line: []
  ignore line: [Run Build Command(s):/usr/bin/gmake -f Makefile cmTC_d17d5/fast && /usr/bin/gmake  -f CMakeFiles/cmTC_d17d5.dir/build.make CMakeFiles/cmTC_d17d5.dir/build]
  ignore line: [gmake[1]: Entering directory '/home/breaker/git/PS1/pico_booty/build/CMakeFiles/CMakeTmp']
  ignore line: [Building C object CMakeFiles/cmTC_d17d5.dir/CMakeCCompilerABI.c.o]
  ignore line: [/usr/src/arm-gnu-toolchain/bin/arm-none-eabi-gcc   -mcpu=cortex-m33 -mthumb -march=armv8-m.main+fp+dsp -mfloat-abi=softfp -mcmse    -v -std=gnu11 -o CMakeFiles/cmTC_d17d5.dir/CMakeCCompilerABI.c.o -c /usr/share/cmake-3.24/Modules/CMakeCCompilerABI.c]
  ignore line: [Using built-in specs.]
  ignore line: [COLLECT_GCC=/usr/src/arm-gnu-toolchain/bin/arm-none-eabi-gcc]
  ignore line: [Target: arm-none-eabi]
  ignore line: [Configured with: /data/jenkins/workspace/GNU-toolchain/arm-15/src/gcc/configure --target=arm-none-eabi --prefix=/data/jenkins/workspace/GNU-toolchain/arm-15/build-arm-none-eabi/install --with-gmp=/data/jenkins/workspace/GNU-toolchain/arm-15/build-arm-none-eabi/host-tools --with-mpfr=/data/jenkins/workspace/GNU-toolchain/arm-15/build-arm-none-eabi/host-tools --with-mpc=/data/jenkins/workspace/GNU-toolchain/arm-15/build-arm-none-eabi/host-tools --with-isl=/data/jenkins/workspace/GNU-toolchain/arm-15/build-arm-none-eabi/host-tools --disable-shared --disable-nls --disable-threads --enable-checking=release --enable-languages=c,c++,fortran --with-newlib --with-gnu-as --with-headers=yes --with-gnu-ld --with-native-system-header-dir=/include --with-sysroot=/data/jenkins/workspace/GNU-toolchain/arm-15/build-arm-none-eabi/install/arm-none-eabi --with-bugurl=https://gitlab.arm.com/tooling/gnu-devtools-for-arm/-/issues/ --with-multilib-list=aprofile,rmprofile --with-pkgversion='Arm GNU Toolchain 15.2.Rel1 (Build arm-15.86)']
  ignore line: [Thread model: single]
  ignore line: [Supported LTO compression algorithms: zlib zstd]
  ignore line: [gcc version 15.2.1 20251203 (Arm GNU Toolchain 15.2.Rel1 (Build arm-15.86)) ]
  ignore line: [COLLECT_GCC_OPTIONS='-mcpu=cortex-m33' '-mthumb'  '-mfloat-abi=softfp' '-mcmse' '-v' '-std=gnu11' '-o' 'CMakeFiles/cmTC_d17d5.dir/CMakeCCompilerABI.c.o' '-c' '-mlibarch=armv8-m.main+dsp+fp' '-march=armv8-m.main+dsp+fp' '-dumpdir' 'CMakeFiles/cmTC_d17d5.dir/']
  ignore line: [ /usr/src/arm-gnu-toolchain/bin/../libexec/gcc/arm-none-eabi/15.2.1/cc1 -quiet -v -imultilib thumb/v8-m.main+fp/softfp -iprefix /usr/src/arm-gnu-toolchain/bin/../lib/gcc/arm-none-eabi/15.2.1/ -isysroot /usr/src/arm-gnu-toolchain/bin/../arm-none-eabi -D__USES_INITFINI__ /usr/share/cmake-3.24/Modules/CMakeCCompilerABI.c -quiet -dumpdir CMakeFiles/cmTC_d17d5.dir/ -dumpbase CMakeCCompilerABI.c.c -dumpbase-ext .c -mcpu=cortex-m33 -mthumb -mfloat-abi=softfp -mcmse -mlibarch=armv8-m.main+dsp+fp -march=armv8-m.main+dsp+fp -std=gnu11 -version -o /tmp/ccxwabcG.s]
  ignore line: [GNU C11 (Arm GNU Toolchain 15.2.Rel1 (Build arm-15.86)) version 15.2.1 20251203 (arm-none-eabi)]
  ignore line: [	compiled by GNU C version 9.2.1 20191120 (Red Hat 9.2.1-2)  GMP version 6.2.1  MPFR version 3.1.6  MPC version 1.0.3  isl version isl-0.15-1-g835ea3a-GMP]
  ignore line: []
  ignore line: [GGC heuristics: --param ggc-min-expand=100 --param ggc-min-heapsize=131072]
  ignore line: [ignoring duplicate directory "/usr/src/arm-gnu-toolchain/bin/../lib/gcc/../../lib/gcc/arm-none-eabi/15.2.1/include"]
  ignore line: [ignoring nonexistent directory "/usr/src/arm-gnu-toolchain/bin/../arm-none-eabi/usr/local/include"]
  ignore line: [ignoring duplicate directory "/usr/src/arm-gnu-toolchain/bin/../lib/gcc/../../lib/gcc/arm-none-eabi/15.2.1/include-fixed"]
  ignore line: [ignoring duplicate directory "/usr/src/arm-gnu-toolchain/bin/../lib/gcc/../../lib/gcc/arm-none-eabi/15.2.1/../../../../arm-none-eabi/include"]
  ignore line: [ignoring duplicate directory "/usr/src/arm-gnu-toolchain/bin/../arm-none-eabi/include"]
  ignore line: [#include "..." search starts here:]
  ignore line: [#include <...> search starts here:]
  ignore line: [ /usr/src/arm-gnu-toolchain/bin/../lib/gcc/arm-none-eabi/15.2.1/include]
  ignore line: [ /usr/src/arm-gnu-toolchain/bin/../lib/gcc/arm-none-eabi/15.2.1/include-fixed]
  ignore line: [ /usr/src/arm-gnu-toolchain/bin/../lib/gcc/arm-none-eabi/15.2.1/../../../../arm-none-eabi/include]
  ignore line: [End of search list.]
  ignore line: [Compiler executable checksum: b188e82d73c14327741f71b398212fe0]
  ignore line: [COLLECT_GCC_OPTIONS='-mcpu=cortex-m33' '-mthumb'  '-mfloat-abi=softfp' '-mcmse' '-v' '-std=gnu11' '-o' 'CMakeFiles/cmTC_d17d5.dir/CMakeCCompilerABI.c.o' '-c' '-mlibarch=armv8-m.main+dsp+fp' '-march=armv8-m.main+dsp+fp' '-dumpdir' 'CMakeFiles/cmTC_d17d5.dir/']
  ignore line: [ /usr/src/arm-gnu-toolchain/bin/../lib/gcc/arm-none-eabi/15.2.1/../../../../arm-none-eabi/bin/as -v -march=armv8-m.main+dsp+fp -mfloat-abi=softfp -meabi=5 -o CMakeFiles/cmTC_d17d5.dir/CMakeCCompilerABI.c.o /tmp/ccxwabcG.s]
  ignore line: [GNU assembler version 2.45.1 (arm-none-eabi) using BFD version (Arm GNU Toolchain 15.2.Rel1 (Build arm-15.86)) 2.45.1.20251203]
  ignore line: [COMPILER_PATH=/usr/src/arm-gnu-toolchain/bin/../libexec/gcc/arm-none-eabi/15.2.1/:/usr/src/arm-gnu-toolchain/bin/../libexec/gcc/:/usr/src/arm-gnu-toolchain/bin/../lib/gcc/arm-none-eabi/15.2.1/../../../../arm-none-eabi/bin/]
  ignore line: [LIBRARY_PATH=/usr/src/arm-gnu-toolchain/bin/../lib/gcc/arm-none-eabi/15.2.1/thumb/v8-m.main+fp/softfp/:/usr/src/arm-gnu-toolchain/bin/../lib/gcc/arm-none-eabi/15.2.1/../../../../arm-none-eabi/lib/thumb/v8-m.main+fp/softfp/:/usr/src/arm-gnu-toolchain/bin/../arm-none-eabi/lib/thumb/v8-m.main+fp/softfp/:/usr/src/arm-gnu-toolchain/bin/../lib/gcc/arm-none-eabi/15.2.1/:/usr/src/arm-gnu-toolchain/bin/../lib/gcc/:/usr/src/arm-gnu-toolchain/bin/../lib/gcc/arm-none-eabi/15.2.1/../../../../arm-none-eabi/lib/:/usr/src/arm-gnu-toolchain/bin/../arm-none-eabi/lib/]
  ignore line: [COLLECT_GCC_OPTIONS='-mcpu=cortex-m33' '-mthumb'  '-mfloat-abi=softfp' '-mcmse' '-v' '-std=gnu11' '-o' 'CMakeFiles/cmTC_d17d5.dir/CMakeCCompilerABI.c.o' '-c' '-mlibarch=armv8-m.main+dsp+fp' '-march=armv8-m.main+dsp+fp' '-dumpdir' 'CMakeFiles/cmTC_d17d5.dir/CMakeCCompilerABI.c.']
  ignore line: [Linking C executable cmTC_d17d5.elf]
  ignore line: [/usr/bin/cmake -E cmake_link_script CMakeFiles/cmTC_d17d5.dir/link.txt --verbose=1]
  ignore line: [/usr/src/arm-gnu-toolchain/bin/arm-none-eabi-gcc -mcpu=cortex-m33 -mthumb -march=armv8-m.main+fp+dsp -mfloat-abi=softfp -mcmse  -Wl --build-id=none -nostdlib  -v CMakeFiles/cmTC_d17d5.dir/CMakeCCompilerABI.c.o -o cmTC_d17d5.elf ]
  ignore line: [Using built-in specs.]
  ignore line: [COLLECT_GCC=/usr/src/arm-gnu-toolchain/bin/arm-none-eabi-gcc]
  ignore line: [COLLECT_LTO_WRAPPER=/usr/src/arm-gnu-toolchain/bin/../libexec/gcc/arm-none-eabi/15.2.1/lto-wrapper]
  ignore line: [Target: arm-none-eabi]
  ignore line: [Configured with: /data/jenkins/workspace/GNU-toolchain/arm-15/src/gcc/configure --target=arm-none-eabi --prefix=/data/jenkins/workspace/GNU-toolchain/arm-15/build-arm-none-eabi/install --with-gmp=/data/jenkins/workspace/GNU-toolchain/arm-15/build-arm-none-eabi/host-tools --with-mpfr=/data/jenkins/workspace/GNU-toolchain/arm-15/build-arm-none-eabi/host-tools --with-mpc=/data/jenkins/workspace/GNU-toolchain/arm-15/build-arm-none-eabi/host-tools --with-isl=/data/jenkins/workspace/GNU-toolchain/arm-15/build-arm-none-eabi/host-tools --disable-shared --disable-nls --disable-threads --enable-checking=release --enable-languages=c,c++,fortran --with-newlib --with-gnu-as --with-headers=yes --with-gnu-ld --with-native-system-header-dir=/include --with-sysroot=/data/jenkins/workspace/GNU-toolchain/arm-15/build-arm-none-eabi/install/arm-none-eabi --with-bugurl=https://gitlab.arm.com/tooling/gnu-devtools-for-arm/-/issues/ --with-multilib-list=aprofile,rmprofile --with-pkgversion='Arm GNU Toolchain 15.2.Rel1 (Build arm-15.86)']
  ignore line: [Thread model: single]
  ignore line: [Supported LTO compression algorithms: zlib zstd]
  ignore line: [gcc version 15.2.1 20251203 (Arm GNU Toolchain 15.2.Rel1 (Build arm-15.86)) ]
  ignore line: [COMPILER_PATH=/usr/src/arm-gnu-toolchain/bin/../libexec/gcc/arm-none-eabi/15.2.1/:/usr/src/arm-gnu-toolchain/bin/../libexec/gcc/:/usr/src/arm-gnu-toolchain/bin/../lib/gcc/arm-none-eabi/15.2.1/../../../../arm-none-eabi/bin/]
  ignore line: [LIBRARY_PATH=/usr/src/arm-gnu-toolchain/bin/../lib/gcc/arm-none-eabi/15.2.1/thumb/v8-m.main+fp/softfp/:/usr/src/arm-gnu-toolchain/bin/../lib/gcc/arm-none-eabi/15.2.1/../../../../arm-none-eabi/lib/thumb/v8-m.main+fp/softfp/:/usr/src/arm-gnu-toolchain/bin/../arm-none-eabi/lib/thumb/v8-m.main+fp/softfp/:/usr/src/arm-gnu-toolchain/bin/../lib/gcc/arm-none-eabi/15.2.1/:/usr/src/arm-gnu-toolchain/bin/../lib/gcc/:/usr/src/arm-gnu-toolchain/bin/../lib/gcc/arm-none-eabi/15.2.1/../../../../arm-none-eabi/lib/:/usr/src/arm-gnu-toolchain/bin/../arm-none-eabi/lib/]
  ignore line: [COLLECT_GCC_OPTIONS='-mcpu=cortex-m33' '-mthumb'  '-mfloat-abi=softfp' '-mcmse' '-nostdlib' '-v' '-o' 'cmTC_d17d5.elf' '-mlibarch=armv8-m.main+dsp+fp' '-march=armv8-m.main+dsp+fp' '-dumpdir' 'cmTC_d17d5.elf.']
  link line: [ /usr/src/arm-gnu-toolchain/bin/../libexec/gcc/arm-none-eabi/15.2.1/collect2 -plugin /usr/src/arm-gnu-toolchain/bin/../libexec/gcc/arm-none-eabi/15.2.1/liblto_plugin.so -plugin-opt=/usr/src/arm-gnu-toolchain/bin/../libexec/gcc/arm-none-eabi/15.2.1/lto-wrapper -plugin-opt=-fresolution=/tmp/cc2V3DzW.res --sysroot=/usr/src/arm-gnu-toolchain/bin/../arm-none-eabi -X -o cmTC_d17d5.elf -L/usr/src/arm-gnu-toolchain/bin/../lib/gcc/arm-none-eabi/15.2.1/thumb/v8-m.main+fp/softfp -L/usr/src/arm-gnu-toolchain/bin/../lib/gcc/arm-none-eabi/15.2.1/../../../../arm-none-eabi/lib/thumb/v8-m.main+fp/softfp -L/usr/src/arm-gnu-toolchain/bin/../arm-none-eabi/lib/thumb/v8-m.main+fp/softfp -L/usr/src/arm-gnu-toolchain/bin/../lib/gcc/arm-none-eabi/15.2.1 -L/usr/src/arm-gnu-toolchain/bin/../lib/gcc -L/usr/src/arm-gnu-toolchain/bin/../lib/gcc/arm-none-eabi/15.2.1/../../../../arm-none-eabi/lib -L/usr/src/arm-gnu-toolchain/bin/../arm-none-eabi/lib --build-id=none CMakeFiles/cmTC_d17d5.dir/CMakeCCompilerABI.c.o]
    arg [/usr/src/arm-gnu-toolchain/bin/../libexec/gcc/arm-none-eabi/15.2.1/collect2] ==> ignore
    arg [-plugin] ==> ignore
    arg [/usr/src/arm-gnu-toolchain/bin/../libexec/gcc/arm-none-eabi/15.2.1/liblto_plugin.so] ==> ignore
    arg [-plugin-opt=/usr/src/arm-gnu-toolchain/bin/../libexec/gcc/arm-none-eabi/15.2.1/lto-wrapper] ==> ignore
    arg [-plugin-opt=-fresolution=/tmp/cc2V3DzW.res] ==> ignore
    arg [--sysroot=/usr/src/arm-gnu-toolchain/bin/../arm-none-eabi] ==> ignore
    arg [-X] ==> ignore
    arg [-o] ==> ignore
    arg [cmTC_d17d5.elf] ==> ignore
    arg [-L/usr/src/arm-gnu-toolchain/bin/../lib/gcc/arm-none-eabi/15.2.1/thumb/v8-m.main+fp/softfp] ==> dir [/usr/src/arm-gnu-toolchain/bin/../lib/gcc/arm-none-eabi/15.2.1/thumb/v8-m.main+fp/softfp]
    arg [-L/usr/src/arm-gnu-toolchain/bin/../lib/gcc/arm-none-eabi/15.2.1/../../../../arm-none-eabi/lib/thumb/v8-m.main+fp/softfp] ==> dir [/usr/src/arm-gnu-toolchain/bin/../lib/gcc/arm-none-eabi/15.2.1/../../../../arm-none-eabi/lib/thumb/v8-m.main+fp/softfp]
    arg [-L/usr/src/arm-gnu-toolchain/bin/../arm-none-eabi/lib/thumb/v8-m.main+fp/softfp] ==> dir [/usr/src/arm-gnu-toolchain/bin/../arm-none-eabi/lib/thumb/v8-m.main+fp/softfp]
    arg [-L/usr/src/arm-gnu-toolchain/bin/../lib/gcc/arm-none-eabi/15.2.1] ==> dir [/usr/src/arm-gnu-toolchain/bin/../lib/gcc/arm-none-eabi/15.2.1]
    arg [-L/usr/src/arm-gnu-toolchain/bin/../lib/gcc] ==> dir [/usr/src/arm-gnu-toolchain/bin/../lib/gcc]
    arg [-L/usr/src/arm-gnu-toolchain/bin/../lib/gcc/arm-none-eabi/15.2.1/../../../../arm-none-eabi/lib] ==> dir [/usr/src/arm-gnu-toolchain/bin/../lib/gcc/arm-none-eabi/15.2.1/../../../../arm-none-eabi/lib]
    arg [-L/usr/src/arm-gnu-toolchain/bin/../arm-none-eabi/lib] ==> dir [/usr/src/arm-gnu-toolchain/bin/../arm-none-eabi/lib]
    arg [--build-id=none] ==> ignore
    arg [CMakeFiles/cmTC_d17d5.dir/CMakeCCompilerABI.c.o] ==> ignore
  collapse library dir [/usr/src/arm-gnu-toolchain/bin/../lib/gcc/arm-none-eabi/15.2.1/thumb/v8-m.main+fp/softfp] ==> [/usr/src/arm-gnu-toolchain/lib/gcc/arm-none-eabi/15.2.1/thumb/v8-m.main+fp/softfp]
  collapse library dir [/usr/src/arm-gnu-toolchain/bin/../lib/gcc/arm-none-eabi/15.2.1/../../../../arm-none-eabi/lib/thumb/v8-m.main+fp/softfp] ==> [/usr/src/arm-gnu-toolchain/arm-none-eabi/lib/thumb/v8-m.main+fp/softfp]
  collapse library dir [/usr/src/arm-gnu-toolchain/bin/../arm-none-eabi/lib/thumb/v8-m.main+fp/softfp] ==> [/usr/src/arm-gnu-toolchain/arm-none-eabi/lib/thumb/v8-m.main+fp/softfp]
  collapse library dir [/usr/src/arm-gnu-toolchain/bin/../lib/gcc/arm-none-eabi/15.2.1] ==> [/usr/src/arm-gnu-toolchain/lib/gcc/arm-none-eabi/15.2.1]
  collapse library dir [/usr/src/arm-gnu-toolchain/bin/../lib/gcc] ==> [/usr/src/arm-gnu-toolchain/lib/gcc]
  collapse library dir [/usr/src/arm-gnu-toolchain/bin/../lib/gcc/arm-none-eabi/15.2.1/../../../../arm-none-eabi/lib] ==> [/usr/src/arm-gnu-toolchain/arm-none-eabi/lib]
  collapse library dir [/usr/src/arm-gnu-toolchain/bin/../arm-none-eabi/lib] ==> [/usr/src/arm-gnu-toolchain/arm-none-eabi/lib]
  implicit libs: []
  implicit objs: []
  implicit dirs: [/usr/src/arm-gnu-toolchain/lib/gcc/arm-none-eabi/15.2.1/thumb/v8-m.main+fp/softfp;/usr/src/arm-gnu-toolchain/arm-none-eabi/lib/thumb/v8-m.main+fp/softfp;/usr/src/arm-gnu-toolchain/lib/gcc/arm-none-eabi/15.2.1;/usr/src/arm-gnu-toolchain/lib/gcc;/usr/src/arm-gnu-toolchain/arm-none-eabi/lib]
  implicit fwks: []


Detecting CXX compiler ABI info compiled with the following output:
Change Dir: /home/breaker/git/PS1/pico_booty/build/CMakeFiles/CMakeTmp

Run Build Command(s):/usr/bin/gmake -f Makefile cmTC_cf917/fast && /usr/bin/gmake  -f CMakeFiles/cmTC_cf917.dir/build.make CMakeFiles/cmTC_cf917.dir/build
gmake[1]: Entering directory '/home/breaker/git/PS1/pico_booty/build/CMakeFiles/CMakeTmp'
Building CXX object CMakeFiles/cmTC_cf917.dir/CMakeCXXCompilerABI.cpp.o
/usr/src/arm-gnu-toolchain/bin/arm-none-eabi-g++   -mcpu=cortex-m33 -mthumb -march=armv8-m.main+fp+dsp -mfloat-abi=softfp -mcmse    -v -o CMakeFiles/cmTC_cf917.dir/CMakeCXXCompilerABI.cpp.o -c /usr/share/cmake-3.24/Modules/CMakeCXXCompilerABI.cpp
Using built-in specs.
COLLECT_GCC=/usr/src/arm-gnu-toolchain/bin/arm-none-eabi-g++
Target: arm-none-eabi
Configured with: /data/jenkins/workspace/GNU-toolchain/arm-15/src/gcc/configure --target=arm-none-eabi --prefix=/data/jenkins/workspace/GNU-toolchain/arm-15/build-arm-none-eabi/install --with-gmp=/data/jenkins/workspace/GNU-toolchain/arm-15/build-arm-none-eabi/host-tools --with-mpfr=/data/jenkins/workspace/GNU-toolchain/arm-15/build-arm-none-eabi/host-tools --with-mpc=/data/jenkins/workspace/GNU-toolchain/arm-15/build-arm-none-eabi/host-tools --with-isl=/data/jenkins/workspace/GNU-toolchain/arm-15/build-arm-none-eabi/host-tools --disable-shared --disable-nls --disable-threads --enable-checking=release --enable-languages=c,c++,fortran --with-newlib --with-gnu-as --with-headers=yes --with-gnu-ld --with-native-system-header-dir=/include --with-sysroot=/data/jenkins/workspace/GNU-toolchain/arm-15/build-arm-none-eabi/install/arm-none-eabi --with-bugurl=https://gitlab.arm.com/tooling/gnu-devtools-for-arm/-/issues/ --with-multilib-list=aprofile,rmprofile --with-pkgversion='Arm GNU Toolchain 15.2.Rel1 (Build arm-15.86)'
Thread model: single
Supported LTO compression algorithms: zlib zstd
gcc version 15.2.1 20251203 (Arm GNU Toolchain 15.2.Rel1 (Build arm-15.86)) 
COLLECT_GCC_OPTIONS='-mcpu=cortex-m33' '-mthumb'  '-mfloat-abi=softfp' '-mcmse' '-v' '-o' 'CMakeFiles/cmTC_cf917.dir/CMakeCXXCompilerABI.cpp.o' '-c' '-mlibarch=armv8-m.main+dsp+fp' '-march=armv8-m.main+dsp+fp' '-dumpdir' 'CMakeFiles/cmTC_cf917.dir/'
 /usr/src/arm-gnu-toolchain/bin/../libexec/gcc/arm-none-eabi/15.2.1/cc1plus -quiet -v -imultilib thumb/v8-m.main+fp/softfp -iprefix /usr/src/arm-gnu-toolchain/bin/../lib/gcc/arm-none-eabi/15.2.1/ -isysroot /usr/src/arm-gnu-toolchain/bin/../arm-none-eabi -D__USES_INITFINI__ /usr/share/cmake-3.24/Modules/CMakeCXXCompilerABI.cpp -quiet -dumpdir CMakeFiles/cmTC_cf917.dir/ -dumpbase CMakeCXXCompilerABI.cpp.cpp -dumpbase-ext .cpp -mcpu=cortex-m33 -mthumb -mfloat-abi=softfp -mcmse -mlibarch=armv8-m.main+dsp+fp -march=armv8-m.main+dsp+fp -version -o /tmp/cco899zy.s
GNU C++17 (Arm GNU Toolchain 15.2.Rel1 (Build arm-15.86)) version 15.2.1 20251203 (arm-none-eabi)
	compiled by GNU C version 9.2.1 20191120 (Red Hat 9.2.1-2), GMP version 6.2.1, MPFR version 3.1.6, MPC version 1.0.3, isl version isl-0.15-1-g835ea3a-GMP

GGC heuristics: --param ggc-min-expand=100 --param ggc-min-heapsize=131072
ignoring duplicate directory "/usr/src/arm-gnu-toolchain/bin/../lib/gcc/../../lib/gcc/arm-none-eabi/15.2.1/../../../../arm-none-eabi/include/c++/15.2.1"
ignoring duplicate directory "/usr/src/arm-gnu-toolchain/bin/../lib/gcc/../../lib/gcc/arm-none-eabi/15.2.1/../../../../arm-none-eabi/include/c++/15.2.1/arm-none-eabi/thumb/v8-m.main+fp/softfp"
ignoring duplicate directory "/usr/src/arm-gnu-toolchain/bin/../lib/gcc/../../lib/gcc/arm-none-eabi/15.2.1/../../../../arm-none-eabi/include/c++/15.2.1/backward"
ignoring duplicate directory "/usr/src/arm-gnu-toolchain/bin/../lib/gcc/../../lib/gcc/arm-none-eabi/15.2.1/include"
ignoring nonexistent directory "/usr/src/arm-gnu-toolchain/bin/../arm-none-eabi/usr/local/include"
ignoring duplicate directory "/usr/src/arm-gnu-toolchain/bin/../lib/gcc/../../lib/gcc/arm-none-eabi/15.2.1/include-fixed"
ignoring duplicate directory "/usr/src/arm-gnu-toolchain/bin/../lib/gcc/../../lib/gcc/arm-none-eabi/15.2.1/../../../../arm-none-eabi/include"
ignoring duplicate directory "/usr/src/arm-gnu-toolchain/bin/../arm-none-eabi/include"
#include "..." search starts here:
#include <...> search starts here:
 /usr/src/arm-gnu-toolchain/bin/../lib/gcc/arm-none-eabi/15.2.1/../../../../arm-none-eabi/include/c++/15.2.1
 /usr/src/arm-gnu-toolchain/bin/../lib/gcc/arm-none-eabi/15.2.1/../../../../arm-none-eabi/include/c++/15.2.1/arm-none-eabi/thumb/v8-m.main+fp/softfp
 /usr/src/arm-gnu-toolchain/bin/../lib/gcc/arm-none-eabi/15.2.1/../../../../arm-none-eabi/include/c++/15.2.1/backward
 /usr/src/arm-gnu-toolchain/bin/../lib/gcc/arm-none-eabi/15.2.1/include
 /usr/src/arm-gnu-toolchain/bin/../lib/gcc/arm-none-eabi/15.2.1/include-fixed
 /usr/src/arm-gnu-toolchain/bin/../lib/gcc/arm-none-eabi/15.2.1/../../../../arm-none-eabi/include
End of search list.
Compiler executable checksum: 11dcbadfa8b298132a6bf615d82ed1e4
COLLECT_GCC_OPTIONS='-mcpu=cortex-m33' '-mthumb'  '-mfloat-abi=softfp' '-mcmse' '-v' '-o' 'CMakeFiles/cmTC_cf917.dir/CMakeCXXCompilerABI.cpp.o' '-c' '-mlibarch=armv8-m.main+dsp+fp' '-march=armv8-m.main+dsp+fp' '-dumpdir' 'CMakeFiles/cmTC_cf917.dir/'
 /usr/src/arm-gnu-toolchain/bin/../lib/gcc/arm-none-eabi/15.2.1/../../../../arm-none-eabi/bin/as -v -march=armv8-m.main+dsp+fp -mfloat-abi=softfp -meabi=5 -o CMakeFiles/cmTC_cf917.dir/CMakeCXXCompilerABI.cpp.o /tmp/cco899zy.s
GNU assembler version 2.45.1 (arm-none-eabi) using BFD version (Arm GNU Toolchain 15.2.Rel1 (Build arm-15.86)) 2.45.1.20251203
COMPILER_PATH=/usr/src/arm-gnu-toolchain/bin/../libexec/gcc/arm-none-eabi/15.2.1/:/usr/src/arm-gnu-toolchain/bin/../libexec/gcc/:/usr/src/arm-gnu-toolchain/bin/../lib/gcc/arm-none-eabi/15.2.1/../../../../arm-none-eabi/bin/
LIBRARY_PATH=/usr/src/arm-gnu-toolchain/bin/../lib/gcc/arm-none-eabi/15.2.1/thumb/v8-m.main+fp/softfp/:/usr/src/arm-gnu-toolchain/bin/../lib/gcc/arm-none-eabi/15.2.1/../../../../arm-none-eabi/lib/thumb/v8-m.main+fp/softfp/:/usr/src/arm-gnu-toolchain/bin/../arm-none-eabi/lib/thumb/v8-m.main+fp/softfp/:/usr/src/arm-gnu-toolchain/bin/../lib/gcc/arm-none-eabi/15.2.1/:/usr/src/arm-gnu-toolchain/bin/../lib/gcc/:/usr/src/arm-gnu-toolchain/bin/../lib/gcc/arm-none-eabi/15.2.1/../../../../arm-none-eabi/lib/:/usr/src/arm-gnu-toolchain/bin/../arm-none-eabi/lib/
COLLECT_GCC_OPTIONS='-mcpu=cortex-m33' '-mthumb'  '-mfloat-abi=softfp' '-mcmse' '-v' '-o' 'CMakeFiles/cmTC_cf917.dir/CMakeCXXCompilerABI.cpp.o' '-c' '-mlibarch=armv8-m.main+dsp+fp' '-march=armv8-m.main+dsp+fp' '-dumpdir' 'CMakeFiles/cmTC_cf917.dir/CMakeCXXCompilerABI.cpp.'
Linking CXX executable cmTC_cf917.elf
/usr/bin/cmake -E cmake_link_script CMakeFiles/cmTC_cf917.dir/link.txt --verbose=1
/usr/src/arm-gnu-toolchain/bin/arm-none-eabi-g++ -mcpu=cortex-m33 -mthumb -march=armv8-m.main+fp+dsp -mfloat-abi=softfp -mcmse  -Wl,--build-id=none -nostdlib  -v CMakeFiles/cmTC_cf917.dir/CMakeCXXCompilerABI.cpp.o -o cmTC_cf917.elf 
Using built-in specs.
COLLECT_GCC=/usr/src/arm-gnu-toolchain/bin/arm-none-eabi-g++
COLLECT_LTO_WRAPPER=/usr/src/arm-gnu-toolchain/bin/../libexec/gcc/arm-none-eabi/15.2.1/lto-wrapper
Target: arm-none-eabi
Configured with: /data/jenkins/workspace/GNU-toolchain/arm-15/src/gcc/configure --target=arm-none-eabi --prefix=/data/jenkins/workspace/GNU-toolchain/arm-15/build-arm-none-eabi/install --with-gmp=/data/jenkins/workspace/GNU-toolchain/arm-15/build-arm-none-eabi/host-tools --with-mpfr=/data/jenkins/workspace/GNU-toolchain/arm-15/build-arm-none-eabi/host-tools --with-mpc=/data/jenkins/workspace/GNU-toolchain/arm-15/build-arm-none-eabi/host-tools --with-isl=/data/jenkins/workspace/GNU-toolchain/arm-15/build-arm-none-eabi/host-tools --disable-shared --disable-nls --disable-threads --enable-checking=release --enable-languages=c,c++,fortran --with-newlib --with-gnu-as --with-headers=yes --with-gnu-ld --with-native-system-header-dir=/include --with-sysroot=/data/jenkins/workspace/GNU-toolchain/arm-15/build-arm-none-eabi/install/arm-none-eabi --with-bugurl=https://gitlab.arm.com/tooling/gnu-devtools-for-arm/-/issues/ --with-multilib-list=aprofile,rmprofile --with-pkgversion='Arm GNU Toolchain 15.2.Rel1 (Build arm-15.86)'
Thread model: single
Supported LTO compression algorithms: zlib zstd
gcc version 15.2.1 20251203 (Arm GNU Toolchain 15.2.Rel1 (Build arm-15.86)) 
COMPILER_PATH=/usr/src/arm-gnu-toolchain/bin/../libexec/gcc/arm-none-eabi/15.2.1/:/usr/src/arm-gnu-toolchain/bin/../libexec/gcc/:/usr/src/arm-gnu-toolchain/bin/../lib/gcc/arm-none-eabi/15.2.1/../../../../arm-none-eabi/bin/
LIBRARY_PATH=/usr/src/arm-gnu-toolchain/bin/../lib/gcc/arm-none-eabi/15.2.1/thumb/v8-m.main+fp/softfp/:/usr/src/arm-gnu-toolchain/bin/../lib/gcc/arm-none-eabi/15.2.1/../../../../arm-none-eabi/lib/thumb/v8-m.main+fp/softfp/:/usr/src/arm-gnu-toolchain/bin/../arm-none-eabi/lib/thumb/v8-m.main+fp/softfp/:/usr/src/arm-gnu-toolchain/bin/../lib/gcc/arm-none-eabi/15.2.1/:/usr/src/arm-gnu-toolchain/bin/../lib/gcc/:/usr/src/arm-gnu-toolchain/bin/../lib/gcc/arm-none-eabi/15.2.1/../../../../arm-none-eabi/lib/:/usr/src/arm-gnu-toolchain/bin/../arm-none-eabi/lib/
COLLECT_GCC_OPTIONS='-mcpu=cortex-m33' '-mthumb'  '-mfloat-abi=softfp' '-mcmse' '-nostdlib' '-v' '-o' 'cmTC_cf917.elf' '-mlibarch=armv8-m.main+dsp+fp' '-march=armv8-m.main+dsp+fp' '-dumpdir' 'cmTC_cf917.elf.'
 /usr/src/arm-gnu-toolchain/bin/../libexec/gcc/arm-none-eabi/15.2.1/collect2 -plugin /usr/src/arm-gnu-toolchain/bin/../libexec/gcc/arm-none-eabi/15.2.1/liblto_plugin.so -plugin-opt=/usr/src/arm-gnu-toolchain/bin/../libexec/gcc/arm-none-eabi/15.2.1/lto-wrapper -plugin-opt=-fresolution=/tmp/ccmzlHuy.res --sysroot=/usr/src/arm-gnu-toolchain/bin/../arm-none-eabi -X -o cmTC_cf917.elf -L/usr/src/arm-gnu-toolchain/bin/../lib/gcc/arm-none-eabi/15.2.1/thumb/v8-m.main+fp/softfp -L/usr/src/arm-gnu-toolchain/bin/../lib/gcc/arm-none-eabi/15.2.1/../../../../arm-none-eabi/lib/thumb/v8-m.main+fp/softfp -L/usr/src/arm-gnu-toolchain/bin/../arm-none-eabi/lib/thumb/v8-m.main+fp/softfp -L/usr/src/arm-gnu-toolchain/bin/../lib/gcc/arm-none-eabi/15.2.1 -L/usr/src/arm-gnu-toolchain/bin/../lib/gcc -L/usr/src/arm-gnu-toolchain/bin/../lib/gcc/arm-none-eabi/15.2.1/../../../../arm-none-eabi/lib -L/usr/src/arm-gnu-toolchain/bin/../arm-none-eabi/lib --build-id=none CMakeFiles/cmTC_cf917.dir/CMakeCXXCompilerABI.cpp.o
/usr/src/arm-gnu-toolchain/bin/../lib/gcc/arm-none-eabi/15.2.1/../../../../arm-none-eabi/bin/ld: warning: cannot find entry symbol _start; defaulting to 00008000
COLLECT_GCC_OPTIONS='-mcpu=cortex-m33' '-mthumb'  '-mfloat-abi=softfp' '-mcmse' '-nostdlib' '-v' '-o' 'cmTC_cf917.elf' '-mlibarch=armv8-m.main+dsp+fp' '-march=armv8-m.main+dsp+fp' '-dumpdir' 'cmTC_cf917.elf.'
gmake[1]: Leaving directory '/home/breaker/git/PS1/pico_booty/build/CMakeFiles/CMakeTmp'



Parsed CXX implicit include dir info from above output: rv=done
  found start of include info
  found start of implicit include info
    add: [/usr/src/arm-gnu-toolchain/bin/../lib/gcc/arm-none-eabi/15.2.1/../../../../arm-none-eabi/include/c++/15.2.1]
    add: [/usr/src/arm-gnu-toolchain/bin/../lib/gcc/arm-none-eabi/15.2.1/../../../../arm-none-eabi/include/c++/15.2.1/arm-none-eabi/thumb/v8-m.main+fp/softfp]
    add: [/usr/src/arm-gnu-toolchain/bin/../lib/gcc/arm-none-eabi/15.2.1/../../../../arm-none-eabi/include/c++/15.2.1/backward]
    add: [/usr/src/arm-gnu-toolchain/bin/../lib/gcc/arm-none-eabi/15.2.1/include]
    add: [/usr/src/arm-gnu-toolchain/bin/../lib/gcc/arm-none-eabi/15.2.1/include-fixed]
    add: [/usr/src/arm-gnu-toolchain/bin/../lib/gcc/arm-none-eabi/15.2.1/../../../../arm-none-eabi/include]
  end of search list found
  collapse include dir [/usr/src/arm-gnu-toolchain/bin/../lib/gcc/arm-none-eabi/15.2.1/../../../../arm-none-eabi/include/c++/15.2.1] ==> [/usr/src/arm-gnu-toolchain/arm-none-eabi/include/c++/15.2.1]
  collapse include dir [/usr/src/arm-gnu-toolchain/bin/../lib/gcc/arm-none-eabi/15.2.1/../../../../arm-none-eabi/include/c++/15.2.1/arm-none-eabi/thumb/v8-m.main+fp/softfp] ==> [/usr/src/arm-gnu-toolchain/arm-none-eabi/include/c++/15.2.1/arm-none-eabi/thumb/v8-m.main+fp/softfp]
  collapse include dir [/usr/src/arm-gnu-toolchain/bin/../lib/gcc/arm-none-eabi/15.2.1/../../../../arm-none-eabi/include/c++/15.2.1/backward] ==> [/usr/src/arm-gnu-toolchain/arm-none-eabi/include/c++/15.2.1/backward]
  collapse include dir [/usr/src/arm-gnu-toolchain/bin/../lib/gcc/arm-none-eabi/15.2.1/include] ==> [/usr/src/arm-gnu-toolchain/lib/gcc/arm-none-eabi/15.2.1/include]
  collapse include dir [/usr/src/arm-gnu-toolchain/bin/../lib/gcc/arm-none-eabi/15.2.1/include-fixed] ==> [/usr/src/arm-gnu-toolchain/lib/gcc/arm-none-eabi/15.2.1/include-fixed]
  collapse include dir [/usr/src/arm-gnu-toolchain/bin/../lib/gcc/arm-none-eabi/15.2.1/../../../../arm-none-eabi/include] ==> [/usr/src/arm-gnu-toolchain/arm-none-eabi/include]
  implicit include dirs: [/usr/src/arm-gnu-toolchain/arm-none-eabi/include/c++/15.2.1;/usr/src/arm-gnu-toolchain/arm-none-eabi/include/c++/15.2.1/arm-none-eabi/thumb/v8-m.main+fp/softfp;/usr/src/arm-gnu-toolchain/arm-none-eabi/include/c++/15.2.1/backward;/usr/src/arm-gnu-toolchain/lib/gcc/arm-none-eabi/15.2.1/include;/usr/src/arm-gnu-toolchain/lib/gcc/arm-none-eabi/15.2.1/include-fixed;/usr/src/arm-gnu-toolchain/arm-none-eabi/include]


Parsed CXX implicit link information from above output:
  link line regex: [^( *|.*[/\])(arm-none-eabi-ld|CMAKE_LINK_STARTFILE-NOTFOUND|([^/\]+-)?ld|collect2)[^/\]*( |$)]
  ignore line: [Change Dir: /home/breaker/git/PS1/pico_booty/build/CMakeFiles/CMakeTmp]
  ignore line: []
  ignore line: [Run Build Command(s):/usr/bin/gmake -f Makefile cmTC_cf917/fast && /usr/bin/gmake  -f CMakeFiles/cmTC_cf917.dir/build.make CMakeFiles/cmTC_cf917.dir/build]
  ignore line: [gmake[1]: Entering directory '/home/breaker/git/PS1/pico_booty/build/CMakeFiles/CMakeTmp']
  ignore line: [Building CXX object CMakeFiles/cmTC_cf917.dir/CMakeCXXCompilerABI.cpp.o]
  ignore line: [/usr/src/arm-gnu-toolchain/bin/arm-none-eabi-g++   -mcpu=cortex-m33 -mthumb -march=armv8-m.main+fp+dsp -mfloat-abi=softfp -mcmse    -v -o CMakeFiles/cmTC_cf917.dir/CMakeCXXCompilerABI.cpp.o -c /usr/share/cmake-3.24/Modules/CMakeCXXCompilerABI.cpp]
  ignore line: [Using built-in specs.]
  ignore line: [COLLECT_GCC=/usr/src/arm-gnu-toolchain/bin/arm-none-eabi-g++]
  ignore line: [Target: arm-none-eabi]
  ignore line: [Configured with: /data/jenkins/workspace/GNU-toolchain/arm-15/src/gcc/configure --target=arm-none-eabi --prefix=/data/jenkins/workspace/GNU-toolchain/arm-15/build-arm-none-eabi/install --with-gmp=/data/jenkins/workspace/GNU-toolchain/arm-15/build-arm-none-eabi/host-tools --with-mpfr=/data/jenkins/workspace/GNU-toolchain/arm-15/build-arm-none-eabi/host-tools --with-mpc=/data/jenkins/workspace/GNU-toolchain/arm-15/build-arm-none-eabi/host-tools --with-isl=/data/jenkins/workspace/GNU-toolchain/arm-15/build-arm-none-eabi/host-tools --disable-shared --disable-nls --disable-threads --enable-checking=release --enable-languages=c,c++,fortran --with-newlib --with-gnu-as --with-headers=yes --with-gnu-ld --with-native-system-header-dir=/include --with-sysroot=/data/jenkins/workspace/GNU-toolchain/arm-15/build-arm-none-eabi/install/arm-none-eabi --with-bugurl=https://gitlab.arm.com/tooling/gnu-devtools-for-arm/-/issues/ --with-multilib-list=aprofile,rmprofile --with-pkgversion='Arm GNU Toolchain 15.2.Rel1 (Build arm-15.86)']
  ignore line: [Thread model: single]
  ignore line: [Supported LTO compression algorithms: zlib zstd]
  ignore line: [gcc version 15.2.1 20251203 (Arm GNU Toolchain 15.2.Rel1 (Build arm-15.86)) ]
  ignore line: [COLLECT_GCC_OPTIONS='-mcpu=cortex-m33' '-mthumb'  '-mfloat-abi=softfp' '-mcmse' '-v' '-o' 'CMakeFiles/cmTC_cf917.dir/CMakeCXXCompilerABI.cpp.o' '-c' '-mlibarch=armv8-m.main+dsp+fp' '-march=armv8-m.main+dsp+fp' '-dumpdir' 'CMakeFiles/cmTC_cf917.dir/']
  ignore line: [ /usr/src/arm-gnu-toolchain/bin/../libexec/gcc/arm-none-eabi/15.2.1/cc1plus -quiet -v -imultilib thumb/v8-m.main+fp/softfp -iprefix /usr/src/arm-gnu-toolchain/bin/../lib/gcc/arm-none-eabi/15.2.1/ -isysroot /usr/src/arm-gnu-toolchain/bin/../arm-none-eabi -D__USES_INITFINI__ /usr/share/cmake-3.24/Modules/CMakeCXXCompilerABI.cpp -quiet -dumpdir CMakeFiles/cmTC_cf917.dir/ -dumpbase CMakeCXXCompilerABI.cpp.cpp -dumpbase-ext .cpp -mcpu=cortex-m33 -mthumb -mfloat-abi=softfp -mcmse -mlibarch=armv8-m.main+dsp+fp -march=armv8-m.main+dsp+fp -version -o /tmp/cco899zy.s]
  ignore line: [GNU C++17 (Arm GNU Toolchain 15.2.Rel1 (Build arm-15.86)) version 15.2.1 20251203 (arm-none-eabi)]
  ignore line: [	compiled by GNU C version 9.2.1 20191120 (Red Hat 9.2.1-2)  GMP version 6.2.1  MPFR version 3.1.6  MPC version 1.0.3  isl version isl-0.15-1-g835ea3a-GMP]
  ignore line: []
  ignore line: [GGC heuristics: --param ggc-min-expand=100 --param ggc-min-heapsize=131072]
  ignore line: [ignoring duplicate directory "/usr/src/arm-gnu-toolchain/bin/../lib/gcc/../../lib/gcc/arm-none-eabi/15.2.1/../../../../arm-none-eabi/include/c++/15.2.1"]
  ignore line: [ignoring duplicate directory "/usr/src/arm-gnu-toolchain/bin/../lib/gcc/../../lib/gcc/arm-none-eabi/15.2.1/../../../../arm-none-eabi/include/c++/15.2.1/arm-none-eabi/thumb/v8-m.main+fp/softfp"]
  ignore line: [ignoring duplicate directory "/usr/src/arm-gnu-toolchain/bin/../lib/gcc/../../lib/gcc/arm-none-eabi/15.2.1/../../../../arm-none-eabi/include/c++/15.2.1/backward"]
  ignore line: [ignoring duplicate directory "/usr/src/arm-gnu-toolchain/bin/../lib/gcc/../../lib/gcc/arm-none-eabi/15.2.1/include"]
  ignore line: [ignoring nonexistent directory "/usr/src/arm-gnu-toolchain/bin/../arm-none-eabi/usr/local/include"]
  ignore line: [ignoring duplicate directory "/usr/src/arm-gnu-toolchain/bin/../lib/gcc/../../lib/gcc/arm-none-eabi/15.2.1/include-fixed"]
  ignore line: [ignoring duplicate directory "/usr/src/arm-gnu-toolchain/bin/../lib/gcc/../../lib/gcc/arm-none-eabi/15.2.1/../../../../arm-none-eabi/include"]
  ignore line: [ignoring duplicate directory "/usr/src/arm-gnu-toolchain/bin/../arm-none-eabi/include"]
  ignore line: [#include "..." search starts here:]
  ignore line: [#include <...> search starts here:]
  ignore line: [ /usr/src/arm-gnu-toolchain/bin/../lib/gcc/arm-none-eabi/15.2.1/../../../../arm-none-eabi/include/c++/15.2.1]
  ignore line: [ /usr/src/arm-gnu-toolchain/bin/../lib/gcc/arm-none-eabi/15.2.1/../../../../arm-none-eabi/include/c++/15.2.1/arm-none-eabi/thumb/v8-m.main+fp/softfp]
  ignore line: [ /usr/src/arm-gnu-toolchain/bin/../lib/gcc/arm-none-eabi/15.2.1/../../../../arm-none-eabi/include/c++/15.2.1/backward]
  ignore line: [ /usr/src/arm-gnu-toolchain/bin/../lib/gcc/arm-none-eabi/15.2.1/include]
  ignore line: [ /usr/src/arm-gnu-toolchain/bin/../lib/gcc/arm-none-eabi/15.2.1/include-fixed]
  ignore line: [ /usr/src/arm-gnu-toolchain/bin/../lib/gcc/arm-none-eabi/15.2.1/../../../../arm-none-eabi/include]
  ignore line: [End of search list.]
  ignore line: [Compiler executable checksum: 11dcbadfa8b298132a6bf615d82ed1e4]
  ignore line: [COLLECT_GCC_OPTIONS='-mcpu=cortex-m33' '-mthumb'  '-mfloat-abi=softfp' '-mcmse' '-v' '-o' 'CMakeFiles/cmTC_cf917.dir/CMakeCXXCompilerABI.cpp.o' '-c' '-mlibarch=armv8-m.main+dsp+fp' '-march=armv8-m.main+dsp+fp' '-dumpdir' 'CMakeFiles/cmTC_cf917.dir/']
  ignore line: [ /usr/src/arm-gnu-toolchain/bin/../lib/gcc/arm-none-eabi/15.2.1/../../../../arm-none-eabi/bin/as -v -march=armv8-m.main+dsp+fp -mfloat-abi=softfp -meabi=5 -o CMakeFiles/cmTC_cf917.dir/CMakeCXXCompilerABI.cpp.o /tmp/cco899zy.s]
  ignore line: [GNU assembler version 2.45.1 (arm-none-eabi) using BFD version (Arm GNU Toolchain 15.2.Rel1 (Build arm-15.86)) 2.45.1.20251203]
  ignore line: [COMPILER_PATH=/usr/src/arm-gnu-toolchain/bin/../libexec/gcc/arm-none-eabi/15.2.1/:/usr/src/arm-gnu-toolchain/bin/../libexec/gcc/:/usr/src/arm-gnu-toolchain/bin/../lib/gcc/arm-none-eabi/15.2.1/../../../../arm-none-eabi/bin/]
  ignore line: [LIBRARY_PATH=/usr/src/arm-gnu-toolchain/bin/../lib/gcc/arm-none-eabi/15.2.1/thumb/v8-m.main+fp/softfp/:/usr/src/arm-gnu-toolchain/bin/../lib/gcc/arm-none-eabi/15.2.1/../../../../arm-none-eabi/lib/thumb/v8-m.main+fp/softfp/:/usr/src/arm-gnu-toolchain/bin/../arm-none-eabi/lib/thumb/v8-m.main+fp/softfp/:/usr/src/arm-gnu-toolchain/bin/../lib/gcc/arm-none-eabi/15.2.1/:/usr/src/arm-gnu-toolchain/bin/../lib/gcc/:/usr/src/arm-gnu-toolchain/bin/../lib/gcc/arm-none-eabi/15.2.1/../../../../arm-none-eabi/lib/:/usr/src/arm-gnu-toolchain/bin/../arm-none-eabi/lib/]
  ignore line: [COLLECT_GCC_OPTIONS='-mcpu=cortex-m33' '-mthumb'  '-mfloat-abi=softfp' '-mcmse' '-v' '-o' 'CMakeFiles/cmTC_cf917.dir/CMakeCXXCompilerABI.cpp.o' '-c' '-mlibarch=armv8-m.main+dsp+fp' '-march=armv8-m.main+dsp+fp' '-dumpdir' 'CMakeFiles/cmTC_cf917.dir/CMakeCXXCompilerABI.cpp.']
  ignore line: [Linking CXX executable cmTC_cf917.elf]
  ignore line: [/usr/bin/cmake -E cmake_link_script CMakeFiles/cmTC_cf917.dir/link.txt --verbose=1]
  ignore line: [/usr/src/arm-gnu-toolchain/bin/arm-none-eabi-g++ -mcpu=cortex-m33 -mthumb -march=armv8-m.main+fp+dsp -mfloat-abi=softfp -mcmse  -Wl --build-id=none -nostdlib  -v CMakeFiles/cmTC_cf917.dir/CMakeCXXCompilerABI.cpp.o -o cmTC_cf917.elf ]
  ignore line: [Using built-in specs.]
  ignore line: [COLLECT_GCC=/usr/src/arm-gnu-toolchain/bin/arm-none-eabi-g++]
  ignore line: [COLLECT_LTO_WRAPPER=/usr/src/arm-gnu-toolchain/bin/../libexec/gcc/arm-none-eabi/15.2.1/lto-wrapper]
  ignore line: [Target: arm-none-eabi]
  ignore line: [Configured with: /data/jenkins/workspace/GNU-toolchain/arm-15/src/gcc/configure --target=arm-none-eabi --prefix=/data/jenkins/workspace/GNU-toolchain/arm-15/build-arm-none-eabi/install --with-gmp=/data/jenkins/workspace/GNU-toolchain/arm-15/build-arm-none-eabi/host-tools --with-mpfr=/data/jenkins/workspace/GNU-toolchain/arm-15/build-arm-none-eabi/host-tools --with-mpc=/data/jenkins/workspace/GNU-toolchain/arm-15/build-arm-none-eabi/host-tools --with-isl=/data/jenkins/workspace/GNU-toolchain/arm-15/build-arm-none-eabi/host-tools --disable-shared --disable-nls --disable-threads --enable-checking=release --enable-languages=c,c++,fortran --with-newlib --with-gnu-as --with-headers=yes --with-gnu-ld --with-native-system-header-dir=/include --with-sysroot=/data/jenkins/workspace/GNU-toolchain/arm-15/build-arm-none-eabi/install/arm-none-eabi --with-bugurl=https://gitlab.arm.com/tooling/gnu-devtools-for-arm/-/issues/ --with-multilib-list=aprofile,rmprofile --with-pkgversion='Arm GNU Toolchain 15.2.Rel1 (Build arm-15.86)']
  ignore line: [Thread model: single]
  ignore line: [Supported LTO compression algorithms: zlib zstd]
  ignore line: [gcc version 15.2.1 20251203 (Arm GNU Toolchain 15.2.Rel1 (Build arm-15.86)) ]
  ignore line: [COMPILER_PATH=/usr/src/arm-gnu-toolchain/bin/../libexec/gcc/arm-none-eabi/15.2.1/:/usr/src/arm-gnu-toolchain/bin/../libexec/gcc/:/usr/src/arm-gnu-toolchain/bin/../lib/gcc/arm-none-eabi/15.2.1/../../../../arm-none-eabi/bin/]
  ignore line: [LIBRARY_PATH=/usr/src/arm-gnu-toolchain/bin/../lib/gcc/arm-none-eabi/15.2.1/thumb/v8-m.main+fp/softfp/:/usr/src/arm-gnu-toolchain/bin/../lib/gcc/arm-none-eabi/15.2.1/../../../../arm-none-eabi/lib/thumb/v8-m.main+fp/softfp/:/usr/src/arm-gnu-toolchain/bin/../arm-none-eabi/lib/thumb/v8-m.main+fp/softfp/:/usr/src/arm-gnu-toolchain/bin/../lib/gcc/arm-none-eabi/15.2.1/:/usr/src/arm-gnu-toolchain/bin/../lib/gcc/:/usr/src/arm-gnu-toolchain/bin/../lib/gcc/arm-none-eabi/15.2.1/../../../../arm-none-eabi/lib/:/usr/src/arm-gnu-toolchain/bin/../arm-none-eabi/lib/]
  ignore line: [COLLECT_GCC_OPTIONS='-mcpu=cortex-m33' '-mthumb'  '-mfloat-abi=softfp' '-mcmse' '-nostdlib' '-v' '-o' 'cmTC_cf917.elf' '-mlibarch=armv8-m.main+dsp+fp' '-march=armv8-m.main+dsp+fp' '-dumpdir' 'cmTC_cf917.elf.']
  link line: [ /usr/src/arm-gnu-toolchain/bin/../libexec/gcc/arm-none-eabi/15.2.1/collect2 -plugin /usr/src/arm-gnu-toolchain/bin/../libexec/gcc/arm-none-eabi/15.2.1/liblto_plugin.so -plugin-opt=/usr/src/arm-gnu-toolchain/bin/../libexec/gcc/arm-none-eabi/15.2.1/lto-wrapper -plugin-opt=-fresolution=/tmp/ccmzlHuy.res --sysroot=/usr/src/arm-gnu-toolchain/bin/../arm-none-eabi -X -o cmTC_cf917.elf -L/usr/src/arm-gnu-toolchain/bin/../lib/gcc/arm-none-eabi/15.2.1/thumb/v8-m.main+fp/softfp -L/usr/src/arm-gnu-toolchain/bin/../lib/gcc/arm-none-eabi/15.2.1/../../../../arm-none-eabi/lib/thumb/v8-m.main+fp/softfp -L/usr/src/arm-gnu-toolchain/bin/../arm-none-eabi/lib/thumb/v8-m.main+fp/softfp -L/usr/src/arm-gnu-toolchain/bin/../lib/gcc/arm-none-eabi/15.2.1 -L/usr/src/arm-gnu-toolchain/bin/../lib/gcc -L/usr/src/arm-gnu-toolchain/bin/../lib/gcc/arm-none-eabi/15.2.1/../../../../arm-none-eabi/lib -L/usr/src/arm-gnu-toolchain/bin/../arm-none-eabi/lib --build-id=none CMakeFiles/cmTC_cf917.dir/CMakeCXXCompilerABI.cpp.o]
    arg [/usr/src/arm-gnu-toolchain/bin/../libexec/gcc/arm-none-eabi/15.2.1/collect2] ==> ignore
    arg [-plugin] ==> ignore
    arg [/usr/src/arm-gnu-toolchain/bin/../libexec/gcc/arm-none-eabi/15.2.1/liblto_plugin.so] ==> ignore
    arg [-plugin-opt=/usr/src/arm-gnu-toolchain/bin/../libexec/gcc/arm-none-eabi/15.2.1/lto-wrapper] ==> ignore
    arg [-plugin-opt=-fresolution=/tmp/ccmzlHuy.res] ==> ignore
    arg [--sysroot=/usr/src/arm-gnu-toolchain/bin/../arm-none-eabi] ==> ignore
    arg [-X] ==> ignore
    arg [-o] ==> ignore
    arg [cmTC_cf917.elf] ==> ignore
    arg [-L/usr/src/arm-gnu-toolchain/bin/../lib/gcc/arm-none-eabi/15.2.1/thumb/v8-m.main+fp/softfp] ==> dir [/usr/src/arm-gnu-toolchain/bin/../lib/gcc/arm-none-eabi/15.2.1/thumb/v8-m.main+fp/softfp]
    arg [-L/usr/src/arm-gnu-toolchain/bin/../lib/gcc/arm-none-eabi/15.2.1/../../../../arm-none-eabi/lib/thumb/v8-m.main+fp/softfp] ==> dir [/usr/src/arm-gnu-toolchain/bin/../lib/gcc/arm-none-eabi/15.2.1/../../../../arm-none-eabi/lib/thumb/v8-m.main+fp/softfp]
    arg [-L/usr/src/arm-gnu-toolchain/bin/../arm-none-eabi/lib/thumb/v8-m.main+fp/softfp] ==> dir [/usr/src/arm-gnu-toolchain/bin/../arm-none-eabi/lib/thumb/v8-m.main+fp/softfp]
    arg [-L/usr/src/arm-gnu-toolchain/bin/../lib/gcc/arm-none-eabi/15.2.1] ==> dir [/usr/src/arm-gnu-toolchain/bin/../lib/gcc/arm-none-eabi/15.2.1]
    arg [-L/usr/src/arm-gnu-toolchain/bin/../lib/gcc] ==> dir [/usr/src/arm-gnu-toolchain/bin/../lib/gcc]
    arg [-L/usr/src/arm-gnu-toolchain/bin/../lib/gcc/arm-none-eabi/15.2.1/../../../../arm-none-eabi/lib] ==> dir [/usr/src/arm-gnu-toolchain/bin/../lib/gcc/arm-none-eabi/15.2.1/../../../../arm-none-eabi/lib]
    arg [-L/usr/src/arm-gnu-toolchain/bin/../arm-none-eabi/lib] ==> dir [/usr/src/arm-gnu-toolchain/bin/../arm-none-eabi/lib]
    arg [--build-id=none] ==> ignore
    arg [CMakeFiles/cmTC_cf917.dir/CMakeCXXCompilerABI.cpp.o] ==> ignore
  collapse library dir [/usr/src/arm-gnu-toolchain/bin/../lib/gcc/arm-none-eabi/15.2.1/thumb/v8-m.main+fp/softfp] ==> [/usr/src/arm-gnu-toolchain/lib/gcc/arm-none-eabi/15.2.1/thumb/v8-m.main+fp/softfp]
  collapse library dir [/usr/src/arm-gnu-toolchain/bin/../lib/gcc/arm-none-eabi/15.2.1/../../../../arm-none-eabi/lib/thumb/v8-m.main+fp/softfp] ==> [/usr/src/arm-gnu-toolchain/arm-none-eabi/lib/thumb/v8-m.main+fp/softfp]
  collapse library dir [/usr/src/arm-gnu-toolchain/bin/../arm-none-eabi/lib/thumb/v8-m.main+fp/softfp] ==> [/usr/src/arm-gnu-toolchain/arm-none-eabi/lib/thumb/v8-m.main+fp/softfp]
  collapse library dir [/usr/src/arm-gnu-toolchain/bin/../lib/gcc/arm-none-eabi/15.2.1] ==> [/usr/src/arm-gnu-toolchain/lib/gcc/arm-none-eabi/15.2.1]
  collapse library dir [/usr/src/arm-gnu-toolchain/bin/../lib/gcc] ==> [/usr/src/arm-gnu-toolchain/lib/gcc]
  collapse library dir [/usr/src/arm-gnu-toolchain/bin/../lib/gcc/arm-none-eabi/15.2.1/../../../../arm-none-eabi/lib] ==> [/usr/src/arm-gnu-toolchain/arm-none-eabi/lib]
  collapse library dir [/usr/src/arm-gnu-toolchain/bin/../arm-none-eabi/lib] ==> [/usr/src/arm-gnu-toolchain/arm-none-eabi/lib]
  implicit libs: []
  implicit objs: []
  implicit dirs: [/usr/src/arm-gnu-toolchain/lib/gcc/arm-none-eabi/15.2.1/thumb/v8-m.main+fp/softfp;/usr/src/arm-gnu-toolchain/arm-none-eabi/lib/thumb/v8-m.main+fp/softfp;/usr/src/arm-gnu-toolchain/lib/gcc/arm-none-eabi/15.2.1;/usr/src/arm-gnu-toolchain/lib/gcc;/usr/src/arm-gnu-toolchain/arm-none-eabi/lib]
  implicit fwks: []


