Archive member included to satisfy reference by file (symbol)

/usr/src/arm-gnu-toolchain/bin/../lib/gcc/arm-none-eabi/15.2.1/../../../../arm-none-eabi/lib/thumb/v8-m.main+fp/softfp/libm.a(libm_a-wf_sqrt.o)
                              CMakeFiles/pico_booty.dir/usr/src/pico-sdk/src/rp2_common/pico_float/float_math.c.o (sqrtf)
/usr/src/arm-gnu-toolchain/bin/../lib/gcc/arm-none-eabi/15.2.1/../../../../arm-none-eabi/lib/thumb/v8-m.main+fp/softfp/libm.a(libm_a-ef_sqrt.o)
                              /usr/src/arm-gnu-toolchain/bin/../lib/gcc/arm-none-eabi/15.2.1/../../../../arm-none-eabi/lib/thumb/v8-m.main+fp/softfp/libm.a(libm_a-wf_sqrt.o) (__ieee754_sqrtf)
/usr/src/arm-gnu-toolchain/bin/../lib/gcc/arm-none-eabi/15.2.1/thumb/v8-m.main+fp/softfp/libgcc.a(_arm_addsubdf3.o)
                              CMakeFiles/pico_booty.dir/usr/src/pico-sdk/src/rp2_common/pico_float/float_math.c.o (__aeabi_f2d)
/usr/src/arm-gnu-toolchain/bin/../lib/gcc/arm-none-eabi/15.2.1/thumb/v8-m.main+fp/softfp/libgcc.a(_aeabi_ldivmod.o)
                              CMakeFiles/pico_booty.dir/usr/src/pico-sdk/src/common/pico_time/time.c.o (__aeabi_ldivmod)
/usr/src/arm-gnu-toolchain/bin/../lib/gcc/arm-none-eabi/15.2.1/thumb/v8-m.main+fp/softfp/libgcc.a(_aeabi_uldivmod.o)
                              CMakeFiles/pico_booty.dir/usr/src/pico-sdk/src/rp2_common/hardware_clocks/clocks.c.o (__aeabi_uldivmod)
/usr/src/arm-gnu-toolchain/bin/../lib/gcc/arm-none-eabi/15.2.1/thumb/v8-m.main+fp/softfp/libgcc.a(_udivmoddi4.o)
                              /usr/src/arm-gnu-toolchain/bin/../lib/gcc/arm-none-eabi/15.2.1/thumb/v8-m.main+fp/softfp/libgcc.a(_aeabi_ldivmod.o) (__udivmoddi4)
/usr/src/arm-gnu-toolchain/bin/../lib/gcc/arm-none-eabi/15.2.1/thumb/v8-m.main+fp/softfp/libgcc.a(_dvmd_tls.o)
                              /usr/src/arm-gnu-toolchain/bin/../lib/gcc/arm-none-eabi/15.2.1/thumb/v8-m.main+fp/softfp/libgcc.a(_aeabi_ldivmod.o) (__aeabi_ldiv0)
/usr/src/arm-gnu-toolchain/bin/../lib/gcc/arm-none-eabi/15.2.1/../../../../arm-none-eabi/lib/thumb/v8-m.main+fp/softfp/libg.a(libc_a-calloc.o)
                              CMakeFiles/pico_booty.dir/usr/src/pico-sdk/src/rp2_common/pico_malloc/malloc.c.o (calloc)
/usr/src/arm-gnu-toolchain/bin/../lib/gcc/arm-none-eabi/15.2.1/../../../../arm-none-eabi/lib/thumb/v8-m.main+fp/softfp/libg.a(libc_a-callocr.o)
                              /usr/src/arm-gnu-toolchain/bin/../lib/gcc/arm-none-eabi/15.2.1/../../../../arm-none-eabi/lib/thumb/v8-m.main+fp/softfp/libg.a(libc_a-calloc.o) (_calloc_r)
/usr/src/arm-gnu-toolchain/bin/../lib/gcc/arm-none-eabi/15.2.1/../../../../arm-none-eabi/lib/thumb/v8-m.main+fp/softfp/libg.a(libc_a-malloc.o)
                              CMakeFiles/pico_booty.dir/usr/src/pico-sdk/src/rp2_common/pico_malloc/malloc.c.o (malloc)
/usr/src/arm-gnu-toolchain/bin/../lib/gcc/arm-none-eabi/15.2.1/../../../../arm-none-eabi/lib/thumb/v8-m.main+fp/softfp/libg.a(libc_a-mallocr.o)
                              /usr/src/arm-gnu-toolchain/bin/../lib/gcc/arm-none-eabi/15.2.1/../../../../arm-none-eabi/lib/thumb/v8-m.main+fp/softfp/libg.a(libc_a-callocr.o) (_malloc_r)
/usr/src/arm-gnu-toolchain/bin/../lib/gcc/arm-none-eabi/15.2.1/../../../../arm-none-eabi/lib/thumb/v8-m.main+fp/softfp/libg.a(libc_a-mlock.o)
                              /usr/src/arm-gnu-toolchain/bin/../lib/gcc/arm-none-eabi/15.2.1/../../../../arm-none-eabi/lib/thumb/v8-m.main+fp/softfp/libg.a(libc_a-mallocr.o) (__malloc_lock)
/usr/src/arm-gnu-toolchain/bin/../lib/gcc/arm-none-eabi/15.2.1/../../../../arm-none-eabi/lib/thumb/v8-m.main+fp/softfp/libg.a(libc_a-realloc.o)
                              CMakeFiles/pico_booty.dir/usr/src/pico-sdk/src/rp2_common/pico_malloc/malloc.c.o (realloc)
/usr/src/arm-gnu-toolchain/bin/../lib/gcc/arm-none-eabi/15.2.1/../../../../arm-none-eabi/lib/thumb/v8-m.main+fp/softfp/libg.a(libc_a-reallocr.o)
                              /usr/src/arm-gnu-toolchain/bin/../lib/gcc/arm-none-eabi/15.2.1/../../../../arm-none-eabi/lib/thumb/v8-m.main+fp/softfp/libg.a(libc_a-realloc.o) (_realloc_r)
/usr/src/arm-gnu-toolchain/bin/../lib/gcc/arm-none-eabi/15.2.1/../../../../arm-none-eabi/lib/thumb/v8-m.main+fp/softfp/libg.a(libc_a-memcmp.o)
                              CMakeFiles/pico_booty.dir/usr/src/pico-sdk/src/rp2_common/pico_atomic/atomic.c.o (memcmp)
/usr/src/arm-gnu-toolchain/bin/../lib/gcc/arm-none-eabi/15.2.1/../../../../arm-none-eabi/lib/thumb/v8-m.main+fp/softfp/libg.a(libc_a-memmove.o)
                              /usr/src/arm-gnu-toolchain/bin/../lib/gcc/arm-none-eabi/15.2.1/../../../../arm-none-eabi/lib/thumb/v8-m.main+fp/softfp/libg.a(libc_a-reallocr.o) (memmove)
/usr/src/arm-gnu-toolchain/bin/../lib/gcc/arm-none-eabi/15.2.1/../../../../arm-none-eabi/lib/thumb/v8-m.main+fp/softfp/libg.a(libc_a-memset.o)
                              /usr/src/arm-gnu-toolchain/bin/../lib/gcc/arm-none-eabi/15.2.1/../../../../arm-none-eabi/lib/thumb/v8-m.main+fp/softfp/crt0.o (memset)
[...]
Memory Configuration

Name             Origin             Length             Attributes
FLASH            0x10000000         0x00400000         xr
RAM              0x20000000         0x00080000         xrw
SCRATCH_X        0x20080000         0x00001000         xrw
SCRATCH_Y        0x20081000         0x00001000         xrw
*default*        0x00000000         0xffffffff

Linker script and memory map

LOAD /usr/src/arm-gnu-toolchain/bin/../lib/gcc/arm-none-eabi/15.2.1/thumb/v8-m.main+fp/softfp/crti.o
LOAD /usr/src/arm-gnu-toolchain/bin/../lib/gcc/arm-none-eabi/15.2.1/thumb/v8-m.main+fp/softfp/crtbegin.o
LOAD /usr/src/arm-gnu-toolchain/bin/../lib/gcc/arm-none-eabi/15.2.1/../../../../arm-none-eabi/lib/thumb/v8-m.main+fp/softfp/crt0.o

.flash_begin    0x10000000        0x0
                0x10000000                        __flash_binary_start = .

.text           0x10000000     0x4f00
                0x10000000                        __logical_binary_start = .
 *(.vectors)
 .vectors       0x10000000      0x124 CMakeFiles/pico_booty.dir/usr/src/pico-sdk/src/rp2_common/pico_crt0/crt0.S.o
                0x10000000                __vectors
                0x10000000                __VECTOR_TABLE
                0x10000110                isr_securefault
                0x10000110                isr_irq30
                0x10000110                __unhandled_user_irq
                0x10000110                isr_irq49
                0x10000110                isr_irq13
                0x10000110                isr_irq43
                0x10000110                isr_irq45
                0x10000110                isr_irq27
                0x10000110                isr_irq32
                0x10000110                isr_irq31
                0x10000110                isr_irq5
                0x10000110                isr_irq11
                0x10000110                isr_irq23
                0x10000110                isr_usagefault
                0x10000110                isr_irq48
                0x10000110                isr_irq35
                0x10000110                isr_irq18
                0x10000110                isr_irq50
                0x10000110                isr_irq40
                0x10000110                isr_irq28
                0x10000110                isr_irq19
                0x10000110                isr_irq36
                0x10000110                isr_irq41
                0x10000110                isr_irq0
                0x10000110                isr_irq6
                0x10000110                isr_memmanage
                0x10000110                isr_irq37
                0x10000110                isr_irq42
                0x10000110                isr_irq22
                0x10000110                isr_irq17
                0x10000110                isr_irq38
                0x10000110                isr_irq14
                0x10000110                __vectors_end
                0x10000110                __default_isrs_start
                0x10000110                isr_irq2
                0x10000110                isr_irq10
                0x10000110                isr_irq8
                0x10000110                isr_debugmonitor
                0x10000110                isr_irq24
                0x10000110                isr_irq46
                0x10000110                isr_irq1
                0x10000110                isr_irq47
                0x10000110                isr_irq51
                0x10000110                isr_irq7
                0x10000110                isr_irq21
                0x10000110                isr_irq39
                0x10000110                isr_irq20
                0x10000110                isr_irq15
                0x10000110                isr_irq25
                0x10000110                isr_irq34
                0x10000110                isr_irq4
                0x10000110                isr_busfault
                0x10000110                isr_irq16
                0x10000110                isr_irq44
                0x10000110                isr_irq29
                0x10000110                isr_irq26
                0x10000110                isr_irq33
                0x10000110                isr_irq3
                0x10000110                isr_irq12
                0x10000110                isr_irq9
                0x10000116                unhandled_user_irq_num_in_r0
                0x10000118                isr_invalid
                0x1000011a                isr_nmi
                0x1000011c                isr_hardfault
                0x1000011e                isr_svcall
                0x10000120                isr_pendsv
                0x10000122                isr_systick
                0x10000124                __default_isrs_end
 *(.binary_info_header)
 .binary_info_header
                0x10000124       0x14 CMakeFiles/pico_booty.dir/usr/src/pico-sdk/src/rp2_common/pico_crt0/crt0.S.o
                0x10000138                        __binary_info_header_end = .
 *(.embedded_block)
 .embedded_block
                0x10000138       0x14 CMakeFiles/pico_booty.dir/usr/src/pico-sdk/src/rp2_common/pico_crt0/crt0.S.o
                0x1000014c                        __embedded_block_end = .
 *(.reset)
 .reset         0x1000014c       0x98 CMakeFiles/pico_booty.dir/usr/src/pico-sdk/src/rp2_common/pico_crt0/crt0.S.o
                0x1000014c                _entry_point
 *(.init)
 .init          0x100001e4        0x4 /usr/src/arm-gnu-toolchain/bin/../lib/gcc/arm-none-eabi/15.2.1/thumb/v8-m.main+fp/softfp/crti.o
                0x100001e4                _init
 SORT_BY_NAME(REVERSE(*libgcc.a:cmse_nonsecure_call.o))()
 *(EXCLUDE_FILE(*libm.a: *libc.a:*lib_a-mem*.o *libgcc.a:) .text*)
 .text.register_tm_clones
                0x100001e8       0x28 /usr/src/arm-gnu-toolchain/bin/../lib/gcc/arm-none-eabi/15.2.1/thumb/v8-m.main+fp/softfp/crtbegin.o
 .text.frame_dummy
                0x10000210       0x24 /usr/src/arm-gnu-toolchain/bin/../lib/gcc/arm-none-eabi/15.2.1/thumb/v8-m.main+fp/softfp/crtbegin.o
 .text._Z13resetCallbackjm
                0x10000234       0x6c CMakeFiles/pico_booty.dir/pico_booty.cpp.o
                0x10000234                resetCallback(unsigned int, unsigned long)
 .text._Z19initParallelProgramP8pio_hw_thh
                0x100002a0       0xd8 CMakeFiles/pico_booty.dir/pico_booty.cpp.o
                0x100002a0                initParallelProgram(pio_hw_t*, unsigned char, unsigned char)
 .text.startup.main
                0x10000378      0x15c CMakeFiles/pico_booty.dir/pico_booty.cpp.o
                0x10000378                main
 .text.gpio_default_irq_handler
                0x100004d4      0x1d8 CMakeFiles/pico_booty.dir/usr/src/pico-sdk/src/rp2_common/hardware_gpio/gpio.c.o
 .text.gpio_set_function
                0x100006ac       0x3c CMakeFiles/pico_booty.dir/usr/src/pico-sdk/src/rp2_common/hardware_gpio/gpio.c.o
                0x100006ac                gpio_set_function
 .text.gpio_set_slew_rate
                0x100006e8       0x1c CMakeFiles/pico_booty.dir/usr/src/pico-sdk/src/rp2_common/hardware_gpio/gpio.c.o
                0x100006e8                gpio_set_slew_rate
 .text.gpio_set_drive_strength
                0x10000704       0x20 CMakeFiles/pico_booty.dir/usr/src/pico-sdk/src/rp2_common/hardware_gpio/gpio.c.o
                0x10000704                gpio_set_drive_strength
 .text.gpio_set_irq_enabled
                0x10000724       0x48 CMakeFiles/pico_booty.dir/usr/src/pico-sdk/src/rp2_common/hardware_gpio/gpio.c.o
                0x10000724                gpio_set_irq_enabled
 .text.gpio_set_irq_enabled_with_callback
                0x1000076c       0xa8 CMakeFiles/pico_booty.dir/usr/src/pico-sdk/src/rp2_common/hardware_gpio/gpio.c.o
                0x1000076c                gpio_set_irq_enabled_with_callback
 .text.gpio_set_input_enabled
                0x10000814       0x20 CMakeFiles/pico_booty.dir/usr/src/pico-sdk/src/rp2_common/hardware_gpio/gpio.c.o
                0x10000814                gpio_set_input_enabled
 .text.gpio_init
                0x10000834       0x4c CMakeFiles/pico_booty.dir/usr/src/pico-sdk/src/rp2_common/hardware_gpio/gpio.c.o
                0x10000834                gpio_init
 .text.panic    0x10000880       0x30 CMakeFiles/pico_booty.dir/usr/src/pico-sdk/src/rp2_common/pico_platform_panic/panic.c.o
                0x10000880                panic
 .text.hw_claim_lock
                0x100008b0       0x24 CMakeFiles/pico_booty.dir/usr/src/pico-sdk/src/common/hardware_claim/claim.c.o
                0x100008b0                hw_claim_lock
 .text.hw_claim_unlock
                0x100008d4       0x14 CMakeFiles/pico_booty.dir/usr/src/pico-sdk/src/common/hardware_claim/claim.c.o
                0x100008d4                hw_claim_unlock
 .text.hw_claim_or_assert
                0x100008e8       0x58 CMakeFiles/pico_booty.dir/usr/src/pico-sdk/src/common/hardware_claim/claim.c.o
                0x100008e8                hw_claim_or_assert
 .text.hw_claim_unused_from_range
                0x10000940       0x84 CMakeFiles/pico_booty.dir/usr/src/pico-sdk/src/common/hardware_claim/claim.c.o
                0x10000940                hw_claim_unused_from_range
 .text.hw_claim_clear
                0x100009c4       0x50 CMakeFiles/pico_booty.dir/usr/src/pico-sdk/src/common/hardware_claim/claim.c.o
                0x100009c4                hw_claim_clear
 .text.next_striped_spin_lock_num
                0x10000a14       0x18 CMakeFiles/pico_booty.dir/usr/src/pico-sdk/src/rp2_common/hardware_sync/sync.c.o
                0x10000a14                next_striped_spin_lock_num
 .text.spin_lock_claim_unused
                0x10000a2c       0x24 CMakeFiles/pico_booty.dir/usr/src/pico-sdk/src/rp2_common/hardware_sync/sync.c.o
                0x10000a2c                spin_lock_claim_unused
 .text.spinlock_set_extexclall
                0x10000a50       0x10 CMakeFiles/pico_booty.dir/usr/src/pico-sdk/src/rp2_common/hardware_sync_spin_lock/sync_spin_lock.c.o
 .text.spin_locks_reset
                0x10000a60       0x18 CMakeFiles/pico_booty.dir/usr/src/pico-sdk/src/rp2_common/hardware_sync_spin_lock/sync_spin_lock.c.o
                0x10000a60                spin_locks_reset
 .text.runtime_init_per_core_irq_priorities
                0x10000a78       0x40 CMakeFiles/pico_booty.dir/usr/src/pico-sdk/src/rp2_common/hardware_irq/irq.c.o
                0x10000a78                runtime_init_per_core_irq_priorities
 .text.irq_set_enabled
                0x10000ab8       0x2c CMakeFiles/pico_booty.dir/usr/src/pico-sdk/src/rp2_common/hardware_irq/irq.c.o
                0x10000ab8                irq_set_enabled
 .text.irq_is_enabled
                0x10000ae4       0x20 CMakeFiles/pico_booty.dir/usr/src/pico-sdk/src/rp2_common/hardware_irq/irq.c.o
                0x10000ae4                irq_is_enabled
 .text.irq_set_pending
                0x10000b04       0x18 CMakeFiles/pico_booty.dir/usr/src/pico-sdk/src/rp2_common/hardware_irq/irq.c.o
                0x10000b04                irq_set_pending
 .text.irq_has_shared_handler
                0x10000b1c       0x20 CMakeFiles/pico_booty.dir/usr/src/pico-sdk/src/rp2_common/hardware_irq/irq.c.o
                0x10000b1c                irq_has_shared_handler
 .text.irq_set_exclusive_handler
                0x10000b3c       0x70 CMakeFiles/pico_booty.dir/usr/src/pico-sdk/src/rp2_common/hardware_irq/irq.c.o
                0x10000b3c                irq_set_exclusive_handler
 .text.irq_add_shared_handler
                0x10000bac      0x1f4 CMakeFiles/pico_booty.dir/usr/src/pico-sdk/src/rp2_common/hardware_irq/irq.c.o
                0x10000bac                irq_add_shared_handler
 .text.irq_remove_handler
                0x10000da0      0x208 CMakeFiles/pico_booty.dir/usr/src/pico-sdk/src/rp2_common/hardware_irq/irq.c.o
                0x10000da0                irq_remove_handler
 .text.irq_add_tail_to_free_list
                0x10000fa8       0xcc CMakeFiles/pico_booty.dir/usr/src/pico-sdk/src/rp2_common/hardware_irq/irq.c.o
                0x10000fa8                irq_add_tail_to_free_list
 .text.user_irq_claim_unused
                0x10001074       0x2c CMakeFiles/pico_booty.dir/usr/src/pico-sdk/src/rp2_common/hardware_irq/irq.c.o
                0x10001074                user_irq_claim_unused
 .text.lock_init
                0x100010a0        0xc CMakeFiles/pico_booty.dir/usr/src/pico-sdk/src/common/pico_sync/lock_core.c.o
                0x100010a0                lock_init
 .text.runtime_init_mutex
                0x100010ac       0x4c CMakeFiles/pico_booty.dir/usr/src/pico-sdk/src/common/pico_sync/mutex.c.o
                0x100010ac                runtime_init_mutex
 .text.mutex_init
                0x100010f8       0x1c CMakeFiles/pico_booty.dir/usr/src/pico-sdk/src/common/pico_sync/mutex.c.o
                0x100010f8                mutex_init
 .text.critical_section_init
                0x10001114       0x1c CMakeFiles/pico_booty.dir/usr/src/pico-sdk/src/common/pico_sync/critical_section.c.o
                0x10001114                critical_section_init
 .text.critical_section_init_with_lock_num
                0x10001130       0x10 CMakeFiles/pico_booty.dir/usr/src/pico-sdk/src/common/pico_sync/critical_section.c.o
                0x10001130                critical_section_init_with_lock_num
 .text.sleep_until_callback
                0x10001140       0x3c CMakeFiles/pico_booty.dir/usr/src/pico-sdk/src/common/pico_time/time.c.o
 *fill*         0x1000117c        0x4 
 .text.alarm_pool_irq_handler
                0x10001180      0x2ec CMakeFiles/pico_booty.dir/usr/src/pico-sdk/src/common/pico_time/time.c.o
 .text.runtime_init_default_alarm_pool
                0x1000146c      0x104 CMakeFiles/pico_booty.dir/usr/src/pico-sdk/src/common/pico_time/time.c.o
                0x1000146c                runtime_init_default_alarm_pool
 .text.alarm_pool_get_default
                0x10001570        0x8 CMakeFiles/pico_booty.dir/usr/src/pico-sdk/src/common/pico_time/time.c.o
                0x10001570                alarm_pool_get_default
 .text.alarm_pool_add_alarm_at
                0x10001578       0xe4 CMakeFiles/pico_booty.dir/usr/src/pico-sdk/src/common/pico_time/time.c.o
                0x10001578                alarm_pool_add_alarm_at
 .text.alarm_pool_add_alarm_at_force_in_context
                0x1000165c       0xcc CMakeFiles/pico_booty.dir/usr/src/pico-sdk/src/common/pico_time/time.c.o
                0x1000165c                alarm_pool_add_alarm_at_force_in_context
 .text.alarm_pool_cancel_alarm
                0x10001728       0x84 CMakeFiles/pico_booty.dir/usr/src/pico-sdk/src/common/pico_time/time.c.o
                0x10001728                alarm_pool_cancel_alarm
 .text.alarm_pool_core_num
                0x100017ac        0x4 CMakeFiles/pico_booty.dir/usr/src/pico-sdk/src/common/pico_time/time.c.o
                0x100017ac                alarm_pool_core_num
 .text.sleep_ms
                0x100017b0       0xdc CMakeFiles/pico_booty.dir/usr/src/pico-sdk/src/common/pico_time/time.c.o
                0x100017b0                sleep_ms
 .text.best_effort_wfe_or_timeout
                0x1000188c       0xf8 CMakeFiles/pico_booty.dir/usr/src/pico-sdk/src/common/pico_time/time.c.o
                0x1000188c                best_effort_wfe_or_timeout
 .text.timer_hardware_alarm_claim
                0x10001984       0x24 CMakeFiles/pico_booty.dir/usr/src/pico-sdk/src/rp2_common/hardware_timer/timer.c.o
                0x10001984                timer_hardware_alarm_claim
 .text.timer_time_us_64
                0x100019a8       0x10 CMakeFiles/pico_booty.dir/usr/src/pico-sdk/src/rp2_common/hardware_timer/timer.c.o
                0x100019a8                timer_time_us_64
 .text.time_us_64
                0x100019b8       0x14 CMakeFiles/pico_booty.dir/usr/src/pico-sdk/src/rp2_common/hardware_timer/timer.c.o
                0x100019b8                time_us_64
 .text.busy_wait_until
                0x100019cc       0x24 CMakeFiles/pico_booty.dir/usr/src/pico-sdk/src/rp2_common/hardware_timer/timer.c.o
                0x100019cc                busy_wait_until
 .text.clock_configure_undivided
                0x100019f0       0xdc CMakeFiles/pico_booty.dir/usr/src/pico-sdk/src/rp2_common/hardware_clocks/clocks.c.o
                0x100019f0                clock_configure_undivided
 .text.clock_get_hz
                0x10001acc        0xc CMakeFiles/pico_booty.dir/usr/src/pico-sdk/src/rp2_common/hardware_clocks/clocks.c.o
                0x10001acc                clock_get_hz
 .text.pll_init
                0x10001ad8       0x90 CMakeFiles/pico_booty.dir/usr/src/pico-sdk/src/rp2_common/hardware_pll/pll.c.o
                0x10001ad8                pll_init
 .text.watchdog_reboot
                0x10001b68       0xac CMakeFiles/pico_booty.dir/usr/src/pico-sdk/src/rp2_common/hardware_watchdog/watchdog.c.o
                0x10001b68                watchdog_reboot
 .text.tick_start
                0x10001c14       0x18 CMakeFiles/pico_booty.dir/usr/src/pico-sdk/src/rp2_common/hardware_ticks/ticks.c.o
                0x10001c14                tick_start
 .text.rom_reboot.constprop.0.isra.0
                0x10001c2c       0x38 CMakeFiles/pico_booty.dir/usr/src/pico-sdk/src/rp2_common/pico_bootrom/bootrom.c.o
 .text.rom_func_lookup
                0x10001c64       0x18 CMakeFiles/pico_booty.dir/usr/src/pico-sdk/src/rp2_common/pico_bootrom/bootrom.c.o
                0x10001c64                rom_func_lookup
 .text.rom_reset_usb_boot_extra
                0x10001c7c       0x1c CMakeFiles/pico_booty.dir/usr/src/pico-sdk/src/rp2_common/pico_bootrom/bootrom.c.o
                0x10001c7c                rom_reset_usb_boot_extra
 .text.runtime_init_bootrom_locking_enable
                0x10001c98       0x14 CMakeFiles/pico_booty.dir/usr/src/pico-sdk/src/rp2_common/pico_bootrom/bootrom_lock.c.o
                0x10001c98                runtime_init_bootrom_locking_enable
 .text.runtime_init_boot_locks_reset
                0x10001cac       0x1c CMakeFiles/pico_booty.dir/usr/src/pico-sdk/src/rp2_common/hardware_boot_lock/boot_lock.c.o
                0x10001cac                runtime_init_boot_locks_reset
 .text.xosc_init
                0x10001cc8       0x2c CMakeFiles/pico_booty.dir/usr/src/pico-sdk/src/rp2_common/hardware_xosc/xosc.c.o
                0x10001cc8                xosc_init
 .text.first_per_core_initializer
                0x10001cf4        0x4 CMakeFiles/pico_booty.dir/usr/src/pico-sdk/src/rp2_common/pico_runtime/runtime.c.o
 .text.hard_assertion_failure
                0x10001cf8        0xc CMakeFiles/pico_booty.dir/usr/src/pico-sdk/src/rp2_common/pico_runtime/runtime.c.o
                0x10001cf8                hard_assertion_failure
 .text.runtime_run_initializers
                0x10001d04       0x20 CMakeFiles/pico_booty.dir/usr/src/pico-sdk/src/rp2_common/pico_runtime/runtime.c.o
                0x10001d04                runtime_run_initializers
 .text.runtime_init_early_resets
                0x10001d24       0x30 CMakeFiles/pico_booty.dir/usr/src/pico-sdk/src/rp2_common/pico_runtime_init/runtime_init.c.o
                0x10001d24                runtime_init_early_resets
 .text.runtime_init_usb_power_down
                0x10001d54       0x1c CMakeFiles/pico_booty.dir/usr/src/pico-sdk/src/rp2_common/pico_runtime_init/runtime_init.c.o
                0x10001d54                runtime_init_usb_power_down
 .text.runtime_init_per_core_enable_coprocessors
                0x10001d70       0x1c CMakeFiles/pico_booty.dir/usr/src/pico-sdk/src/rp2_common/pico_runtime_init/runtime_init.c.o
                0x10001d70                runtime_init_per_core_enable_coprocessors
 .text.runtime_init_post_clock_resets
                0x10001d8c       0x20 CMakeFiles/pico_booty.dir/usr/src/pico-sdk/src/rp2_common/pico_runtime_init/runtime_init.c.o
                0x10001d8c                runtime_init_post_clock_resets
 .text.runtime_init_bootrom_reset
                0x10001dac       0x14 CMakeFiles/pico_booty.dir/usr/src/pico-sdk/src/rp2_common/pico_runtime_init/runtime_init.c.o
                0x10001dac                runtime_init_bootrom_reset
 .text.runtime_init_per_core_bootrom_reset
                0x10001dc0       0x14 CMakeFiles/pico_booty.dir/usr/src/pico-sdk/src/rp2_common/pico_runtime_init/runtime_init.c.o
                0x10001dc0                runtime_init_per_core_bootrom_reset
 .text.runtime_init_spin_locks_reset
                0x10001dd4        0x4 CMakeFiles/pico_booty.dir/usr/src/pico-sdk/src/rp2_common/pico_runtime_init/runtime_init.c.o
                0x10001dd4                runtime_init_spin_locks_reset
 .text.runtime_init_install_ram_vector_table
                0x10001dd8       0x68 CMakeFiles/pico_booty.dir/usr/src/pico-sdk/src/rp2_common/pico_runtime_init/runtime_init.c.o
                0x10001dd8                runtime_init_install_ram_vector_table
 .text.runtime_init_clocks
                0x10001e40       0xdc CMakeFiles/pico_booty.dir/usr/src/pico-sdk/src/rp2_common/pico_runtime_init/runtime_init_clocks.c.o
                0x10001e40                runtime_init_clocks
 .text._out_char
                0x10001f1c        0x8 CMakeFiles/pico_booty.dir/usr/src/pico-sdk/src/rp2_common/pico_printf/printf.c.o
 .text.weak_raw_vprintf
                0x10001f24       0x30 CMakeFiles/pico_booty.dir/usr/src/pico-sdk/src/rp2_common/pico_printf/printf.c.o
                0x10001f24                weak_raw_vprintf
 .text._exit    0x10001f54        0x4 CMakeFiles/pico_booty.dir/usr/src/pico-sdk/src/rp2_common/pico_clib_interface/newlib_interface.c.o
                0x10001f54                _exit
 .text.exit     0x10001f58        0x8 CMakeFiles/pico_booty.dir/usr/src/pico-sdk/src/rp2_common/pico_clib_interface/newlib_interface.c.o
                0x10001f58                exit
 .text.runtime_init
                0x10001f60       0x24 CMakeFiles/pico_booty.dir/usr/src/pico-sdk/src/rp2_common/pico_clib_interface/newlib_interface.c.o
                0x10001f60                runtime_init
 .text.stdio_out_chars_no_crlf
                0x10001f84        0x8 CMakeFiles/pico_booty.dir/usr/src/pico-sdk/src/rp2_common/pico_stdio/stdio.c.o
 .text.stdio_out_chars_crlf
                0x10001f8c       0xc0 CMakeFiles/pico_booty.dir/usr/src/pico-sdk/src/rp2_common/pico_stdio/stdio.c.o
 .text.stdio_put_string
                0x1000204c       0xec CMakeFiles/pico_booty.dir/usr/src/pico-sdk/src/rp2_common/pico_stdio/stdio.c.o
                0x1000204c                stdio_put_string
 .text.stdio_set_driver_enabled
                0x10002138       0x28 CMakeFiles/pico_booty.dir/usr/src/pico-sdk/src/rp2_common/pico_stdio/stdio.c.o
                0x10002138                stdio_set_driver_enabled
 .text.stdio_init_all
                0x10002160        0x4 CMakeFiles/pico_booty.dir/usr/src/pico-sdk/src/rp2_common/pico_stdio/stdio.c.o
                0x10002160                stdio_init_all
 .text.__wrap_putchar
                0x10002164       0x84 CMakeFiles/pico_booty.dir/usr/src/pico-sdk/src/rp2_common/pico_stdio/stdio.c.o
                0x10002164                stdio_putchar
                0x10002164                __wrap_putchar
 .text.__wrap_puts
                0x100021e8       0x3c CMakeFiles/pico_booty.dir/usr/src/pico-sdk/src/rp2_common/pico_stdio/stdio.c.o
                0x100021e8                __wrap_puts
                0x100021e8                stdio_puts
 .text.resetd_init
                0x10002224        0x4 CMakeFiles/pico_booty.dir/usr/src/pico-sdk/src/rp2_common/pico_stdio_usb/reset_interface.c.o
 .text.resetd_reset
                0x10002228        0xc CMakeFiles/pico_booty.dir/usr/src/pico-sdk/src/rp2_common/pico_stdio_usb/reset_interface.c.o
 .text.resetd_open
                0x10002234       0x28 CMakeFiles/pico_booty.dir/usr/src/pico-sdk/src/rp2_common/pico_stdio_usb/reset_interface.c.o
 .text.resetd_xfer_cb
                0x1000225c        0x4 CMakeFiles/pico_booty.dir/usr/src/pico-sdk/src/rp2_common/pico_stdio_usb/reset_interface.c.o
 .text.resetd_control_xfer_cb
                0x10002260       0x50 CMakeFiles/pico_booty.dir/usr/src/pico-sdk/src/rp2_common/pico_stdio_usb/reset_interface.c.o
 .text.tud_descriptor_bos_cb
                0x100022b0        0x8 CMakeFiles/pico_booty.dir/usr/src/pico-sdk/src/rp2_common/pico_stdio_usb/reset_interface.c.o
                0x100022b0                tud_descriptor_bos_cb
 .text.tud_vendor_control_xfer_cb
                0x100022b8       0x28 CMakeFiles/pico_booty.dir/usr/src/pico-sdk/src/rp2_common/pico_stdio_usb/reset_interface.c.o
                0x100022b8                tud_vendor_control_xfer_cb
 .text.usbd_app_driver_get_cb
                0x100022e0       0x10 CMakeFiles/pico_booty.dir/usr/src/pico-sdk/src/rp2_common/pico_stdio_usb/reset_interface.c.o
                0x100022e0                usbd_app_driver_get_cb
 .text.tud_cdc_line_coding_cb
                0x100022f0       0x18 CMakeFiles/pico_booty.dir/usr/src/pico-sdk/src/rp2_common/pico_stdio_usb/reset_interface.c.o
                0x100022f0                tud_cdc_line_coding_cb
 .text.stdio_usb_set_chars_available_callback
                0x10002308       0x14 CMakeFiles/pico_booty.dir/usr/src/pico-sdk/src/rp2_common/pico_stdio_usb/stdio_usb.c.o
                0x10002308                stdio_usb_set_chars_available_callback
 .text.timer_task
                0x1000231c       0x70 CMakeFiles/pico_booty.dir/usr/src/pico-sdk/src/rp2_common/pico_stdio_usb/stdio_usb.c.o
 .text.usb_irq  0x1000238c        0xc CMakeFiles/pico_booty.dir/usr/src/pico-sdk/src/rp2_common/pico_stdio_usb/stdio_usb.c.o
 .text.stdio_usb_in_chars
                0x10002398       0x88 CMakeFiles/pico_booty.dir/usr/src/pico-sdk/src/rp2_common/pico_stdio_usb/stdio_usb.c.o
                0x10002398                stdio_usb_in_chars
 .text.stdio_usb_out_flush
                0x10002420       0x54 CMakeFiles/pico_booty.dir/usr/src/pico-sdk/src/rp2_common/pico_stdio_usb/stdio_usb.c.o
 .text.stdio_usb_out_chars
                0x10002474       0xf0 CMakeFiles/pico_booty.dir/usr/src/pico-sdk/src/rp2_common/pico_stdio_usb/stdio_usb.c.o
 .text.low_priority_worker_irq
                0x10002564       0xe8 CMakeFiles/pico_booty.dir/usr/src/pico-sdk/src/rp2_common/pico_stdio_usb/stdio_usb.c.o
 .text.stdio_usb_init
                0x1000264c       0xf0 CMakeFiles/pico_booty.dir/usr/src/pico-sdk/src/rp2_common/pico_stdio_usb/stdio_usb.c.o
                0x1000264c                stdio_usb_init
 .text.tud_descriptor_device_cb
                0x1000273c        0x8 CMakeFiles/pico_booty.dir/usr/src/pico-sdk/src/rp2_common/pico_stdio_usb/stdio_usb_descriptors.c.o
                0x1000273c                tud_descriptor_device_cb
 .text.tud_descriptor_configuration_cb
                0x10002744        0x8 CMakeFiles/pico_booty.dir/usr/src/pico-sdk/src/rp2_common/pico_stdio_usb/stdio_usb_descriptors.c.o
                0x10002744                tud_descriptor_configuration_cb
 .text.tud_descriptor_string_cb
                0x1000274c       0x80 CMakeFiles/pico_booty.dir/usr/src/pico-sdk/src/rp2_common/pico_stdio_usb/stdio_usb_descriptors.c.o
                0x1000274c                tud_descriptor_string_cb
 .text.startup._retrieve_unique_id_on_boot
                0x100027cc       0x2c CMakeFiles/pico_booty.dir/usr/src/pico-sdk/src/rp2_common/pico_unique_id/unique_id.c.o
 .text.pico_get_unique_board_id_string
                0x100027f8      0x190 CMakeFiles/pico_booty.dir/usr/src/pico-sdk/src/rp2_common/pico_unique_id/unique_id.c.o
                0x100027f8                pico_get_unique_board_id_string
 .text.dcd_init
                0x10002988       0x9c CMakeFiles/pico_booty.dir/usr/src/pico-sdk/lib/tinyusb/src/portable/raspberrypi/rp2040/dcd_rp2040.c.o
                0x10002988                dcd_init
 .text.dcd_int_enable
                0x10002a24        0x8 CMakeFiles/pico_booty.dir/usr/src/pico-sdk/lib/tinyusb/src/portable/raspberrypi/rp2040/dcd_rp2040.c.o
                0x10002a24                dcd_int_enable
 .text.dcd_set_address
                0x10002a2c       0x10 CMakeFiles/pico_booty.dir/usr/src/pico-sdk/lib/tinyusb/src/portable/raspberrypi/rp2040/dcd_rp2040.c.o
                0x10002a2c                dcd_set_address
 .text.dcd_sof_enable
                0x10002a3c       0x1c CMakeFiles/pico_booty.dir/usr/src/pico-sdk/lib/tinyusb/src/portable/raspberrypi/rp2040/dcd_rp2040.c.o
                0x10002a3c                dcd_sof_enable
 .text.dcd_edpt0_status_complete
                0x10002a58       0x1c CMakeFiles/pico_booty.dir/usr/src/pico-sdk/lib/tinyusb/src/portable/raspberrypi/rp2040/dcd_rp2040.c.o
                0x10002a58                dcd_edpt0_status_complete
 .text.dcd_edpt_open
                0x10002a74      0x10c CMakeFiles/pico_booty.dir/usr/src/pico-sdk/lib/tinyusb/src/portable/raspberrypi/rp2040/dcd_rp2040.c.o
                0x10002a74                dcd_edpt_open
 .text.dcd_edpt_close_all
                0x10002b80        0x4 CMakeFiles/pico_booty.dir/usr/src/pico-sdk/lib/tinyusb/src/portable/raspberrypi/rp2040/dcd_rp2040.c.o
                0x10002b80                dcd_edpt_close_all
 .text.dcd_edpt_xfer
                0x10002b84       0x28 CMakeFiles/pico_booty.dir/usr/src/pico-sdk/lib/tinyusb/src/portable/raspberrypi/rp2040/dcd_rp2040.c.o
                0x10002b84                dcd_edpt_xfer
 .text.dcd_edpt_stall
                0x10002bac       0x30 CMakeFiles/pico_booty.dir/usr/src/pico-sdk/lib/tinyusb/src/portable/raspberrypi/rp2040/dcd_rp2040.c.o
                0x10002bac                dcd_edpt_stall
 .text.dcd_edpt_clear_stall
                0x10002bdc       0x24 CMakeFiles/pico_booty.dir/usr/src/pico-sdk/lib/tinyusb/src/portable/raspberrypi/rp2040/dcd_rp2040.c.o
                0x10002bdc                dcd_edpt_clear_stall
 .text.rp2040_usb_init
                0x10002c00       0x40 CMakeFiles/pico_booty.dir/usr/src/pico-sdk/lib/tinyusb/src/portable/raspberrypi/rp2040/rp2040_usb.c.o
                0x10002c00                rp2040_usb_init
 .text.hw_endpoint_xfer_start
                0x10002c40       0x40 CMakeFiles/pico_booty.dir/usr/src/pico-sdk/lib/tinyusb/src/portable/raspberrypi/rp2040/rp2040_usb.c.o
                0x10002c40                hw_endpoint_xfer_start
 .text.configuration_reset
                0x10002c80       0x8c CMakeFiles/pico_booty.dir/usr/src/pico-sdk/lib/tinyusb/src/device/usbd.c.o
 .text.tud_event_hook_cb
                0x10002d0c        0x4 CMakeFiles/pico_booty.dir/usr/src/pico-sdk/lib/tinyusb/src/device/usbd.c.o
                0x10002d0c                tud_event_hook_cb
 .text.tud_sof_cb
                0x10002d10        0x4 CMakeFiles/pico_booty.dir/usr/src/pico-sdk/lib/tinyusb/src/device/usbd.c.o
                0x10002d10                tud_sof_cb
 .text.tud_descriptor_device_qualifier_cb
                0x10002d14        0x4 CMakeFiles/pico_booty.dir/usr/src/pico-sdk/lib/tinyusb/src/device/usbd.c.o
                0x10002d14                tud_descriptor_device_qualifier_cb
 .text.tud_descriptor_other_speed_configuration_cb
                0x10002d18        0x4 CMakeFiles/pico_booty.dir/usr/src/pico-sdk/lib/tinyusb/src/device/usbd.c.o
                0x10002d18                tud_descriptor_other_speed_configuration_cb
 .text.tud_mount_cb
                0x10002d1c        0x4 CMakeFiles/pico_booty.dir/usr/src/pico-sdk/lib/tinyusb/src/device/usbd.c.o
                0x10002d1c                tud_mount_cb
 .text.tud_umount_cb
                0x10002d20        0x4 CMakeFiles/pico_booty.dir/usr/src/pico-sdk/lib/tinyusb/src/device/usbd.c.o
                0x10002d20                tud_umount_cb
 .text.tud_suspend_cb
                0x10002d24        0x4 CMakeFiles/pico_booty.dir/usr/src/pico-sdk/lib/tinyusb/src/device/usbd.c.o
                0x10002d24                tud_suspend_cb
 .text.tud_resume_cb
                0x10002d28        0x4 CMakeFiles/pico_booty.dir/usr/src/pico-sdk/lib/tinyusb/src/device/usbd.c.o
                0x10002d28                tud_resume_cb
 .text.tud_mounted
                0x10002d2c       0x10 CMakeFiles/pico_booty.dir/usr/src/pico-sdk/lib/tinyusb/src/device/usbd.c.o
                0x10002d2c                tud_mounted
 .text.tud_suspended
                0x10002d3c       0x10 CMakeFiles/pico_booty.dir/usr/src/pico-sdk/lib/tinyusb/src/device/usbd.c.o
                0x10002d3c                tud_suspended
 .text.tud_rhport_init
                0x10002d4c       0xf0 CMakeFiles/pico_booty.dir/usr/src/pico-sdk/lib/tinyusb/src/device/usbd.c.o
                0x10002d4c                tud_rhport_init
 .text.tud_task_ext
                0x10002e3c      0x7cc CMakeFiles/pico_booty.dir/usr/src/pico-sdk/lib/tinyusb/src/device/usbd.c.o
                0x10002e3c                tud_task_ext
 .text.usbd_open_edpt_pair
                0x10003608       0xa0 CMakeFiles/pico_booty.dir/usr/src/pico-sdk/lib/tinyusb/src/device/usbd.c.o
                0x10003608                usbd_open_edpt_pair
 .text.usbd_edpt_open
                0x100036a8       0x5c CMakeFiles/pico_booty.dir/usr/src/pico-sdk/lib/tinyusb/src/device/usbd.c.o
                0x100036a8                usbd_edpt_open
 .text.usbd_edpt_claim
                0x10003704       0x24 CMakeFiles/pico_booty.dir/usr/src/pico-sdk/lib/tinyusb/src/device/usbd.c.o
                0x10003704                usbd_edpt_claim
 .text.usbd_edpt_release
                0x10003728       0x24 CMakeFiles/pico_booty.dir/usr/src/pico-sdk/lib/tinyusb/src/device/usbd.c.o
                0x10003728                usbd_edpt_release
 .text.usbd_edpt_xfer
                0x1000374c       0x70 CMakeFiles/pico_booty.dir/usr/src/pico-sdk/lib/tinyusb/src/device/usbd.c.o
                0x1000374c                usbd_edpt_xfer
 .text.tud_control_status
                0x100037bc       0x38 CMakeFiles/pico_booty.dir/usr/src/pico-sdk/lib/tinyusb/src/device/usbd_control.c.o
                0x100037bc                tud_control_status
 .text.tud_control_xfer
                0x100037f4       0xb4 CMakeFiles/pico_booty.dir/usr/src/pico-sdk/lib/tinyusb/src/device/usbd_control.c.o
                0x100037f4                tud_control_xfer
 .text.usbd_control_reset
                0x100038a8       0x14 CMakeFiles/pico_booty.dir/usr/src/pico-sdk/lib/tinyusb/src/device/usbd_control.c.o
                0x100038a8                usbd_control_reset
 .text.usbd_control_set_complete_callback
                0x100038bc        0xc CMakeFiles/pico_booty.dir/usr/src/pico-sdk/lib/tinyusb/src/device/usbd_control.c.o
                0x100038bc                usbd_control_set_complete_callback
 .text.usbd_control_set_request
                0x100038c8       0x1c CMakeFiles/pico_booty.dir/usr/src/pico-sdk/lib/tinyusb/src/device/usbd_control.c.o
                0x100038c8                usbd_control_set_request
 .text.usbd_control_xfer_cb
                0x100038e4      0x104 CMakeFiles/pico_booty.dir/usr/src/pico-sdk/lib/tinyusb/src/device/usbd_control.c.o
                0x100038e4                usbd_control_xfer_cb
 .text._prep_out_transaction.isra.0
                0x100039e8       0x80 CMakeFiles/pico_booty.dir/usr/src/pico-sdk/lib/tinyusb/src/class/cdc/cdc_device.c.o
 .text.tud_cdc_n_connected
                0x10003a68       0x2c CMakeFiles/pico_booty.dir/usr/src/pico-sdk/lib/tinyusb/src/class/cdc/cdc_device.c.o
                0x10003a68                tud_cdc_n_connected
 .text.tud_cdc_n_available
                0x10003a94       0x14 CMakeFiles/pico_booty.dir/usr/src/pico-sdk/lib/tinyusb/src/class/cdc/cdc_device.c.o
                0x10003a94                tud_cdc_n_available
 .text.tud_cdc_n_read
                0x10003aa8       0x8c CMakeFiles/pico_booty.dir/usr/src/pico-sdk/lib/tinyusb/src/class/cdc/cdc_device.c.o
                0x10003aa8                tud_cdc_n_read
 .text.tud_cdc_n_write_flush
                0x10003b34       0x94 CMakeFiles/pico_booty.dir/usr/src/pico-sdk/lib/tinyusb/src/class/cdc/cdc_device.c.o
                0x10003b34                tud_cdc_n_write_flush
 .text.tud_cdc_n_write
                0x10003bc8       0x3c CMakeFiles/pico_booty.dir/usr/src/pico-sdk/lib/tinyusb/src/class/cdc/cdc_device.c.o
                0x10003bc8                tud_cdc_n_write
 .text.tud_cdc_n_write_available
                0x10003c04       0x14 CMakeFiles/pico_booty.dir/usr/src/pico-sdk/lib/tinyusb/src/class/cdc/cdc_device.c.o
                0x10003c04                tud_cdc_n_write_available
 .text.cdcd_init
                0x10003c18       0x74 CMakeFiles/pico_booty.dir/usr/src/pico-sdk/lib/tinyusb/src/class/cdc/cdc_device.c.o
                0x10003c18                cdcd_init
 .text.cdcd_deinit
                0x10003c8c       0x30 CMakeFiles/pico_booty.dir/usr/src/pico-sdk/lib/tinyusb/src/class/cdc/cdc_device.c.o
                0x10003c8c                cdcd_deinit
 .text.cdcd_reset
                0x10003cbc       0x50 CMakeFiles/pico_booty.dir/usr/src/pico-sdk/lib/tinyusb/src/class/cdc/cdc_device.c.o
                0x10003cbc                cdcd_reset
 .text.cdcd_open
                0x10003d0c       0xd0 CMakeFiles/pico_booty.dir/usr/src/pico-sdk/lib/tinyusb/src/class/cdc/cdc_device.c.o
                0x10003d0c                cdcd_open
 .text.cdcd_control_xfer_cb
                0x10003ddc       0xd0 CMakeFiles/pico_booty.dir/usr/src/pico-sdk/lib/tinyusb/src/class/cdc/cdc_device.c.o
                0x10003ddc                cdcd_control_xfer_cb
 .text.cdcd_xfer_cb
                0x10003eac       0xf8 CMakeFiles/pico_booty.dir/usr/src/pico-sdk/lib/tinyusb/src/class/cdc/cdc_device.c.o
                0x10003eac                cdcd_xfer_cb
 .text.vendord_init
                0x10003fa4       0x5c CMakeFiles/pico_booty.dir/usr/src/pico-sdk/lib/tinyusb/src/class/vendor/vendor_device.c.o
                0x10003fa4                vendord_init
 .text.vendord_deinit
                0x10004000       0x1c CMakeFiles/pico_booty.dir/usr/src/pico-sdk/lib/tinyusb/src/class/vendor/vendor_device.c.o
                0x10004000                vendord_deinit
 .text.vendord_reset
                0x1000401c       0x24 CMakeFiles/pico_booty.dir/usr/src/pico-sdk/lib/tinyusb/src/class/vendor/vendor_device.c.o
                0x1000401c                vendord_reset
 .text.vendord_open
                0x10004040       0xf4 CMakeFiles/pico_booty.dir/usr/src/pico-sdk/lib/tinyusb/src/class/vendor/vendor_device.c.o
                0x10004040                vendord_open
 .text.vendord_xfer_cb
                0x10004134       0x98 CMakeFiles/pico_booty.dir/usr/src/pico-sdk/lib/tinyusb/src/class/vendor/vendor_device.c.o
                0x10004134                vendord_xfer_cb
 .text.tusb_rhport_init
                0x100041cc       0x6c CMakeFiles/pico_booty.dir/usr/src/pico-sdk/lib/tinyusb/src/tusb.c.o
                0x100041cc                tusb_rhport_init
 .text.tu_edpt_claim
                0x10004238       0x60 CMakeFiles/pico_booty.dir/usr/src/pico-sdk/lib/tinyusb/src/tusb.c.o
                0x10004238                tu_edpt_claim
 .text.tu_edpt_release
                0x10004298       0x38 CMakeFiles/pico_booty.dir/usr/src/pico-sdk/lib/tinyusb/src/tusb.c.o
                0x10004298                tu_edpt_release
 .text.tu_edpt_validate
                0x100042d0       0x60 CMakeFiles/pico_booty.dir/usr/src/pico-sdk/lib/tinyusb/src/tusb.c.o
                0x100042d0                tu_edpt_validate
 .text.tu_edpt_bind_driver
                0x10004330       0x54 CMakeFiles/pico_booty.dir/usr/src/pico-sdk/lib/tinyusb/src/tusb.c.o
                0x10004330                tu_edpt_bind_driver
 .text.tu_edpt_stream_init
                0x10004384       0x58 CMakeFiles/pico_booty.dir/usr/src/pico-sdk/lib/tinyusb/src/tusb.c.o
                0x10004384                tu_edpt_stream_init
 .text.tu_edpt_stream_deinit
                0x100043dc        0x4 CMakeFiles/pico_booty.dir/usr/src/pico-sdk/lib/tinyusb/src/tusb.c.o
                0x100043dc                tu_edpt_stream_deinit
 .text.tu_edpt_stream_write_zlp_if_needed
                0x100043e0       0x6c CMakeFiles/pico_booty.dir/usr/src/pico-sdk/lib/tinyusb/src/tusb.c.o
                0x100043e0                tu_edpt_stream_write_zlp_if_needed
 .text.tu_edpt_stream_write_xfer
                0x1000444c       0x74 CMakeFiles/pico_booty.dir/usr/src/pico-sdk/lib/tinyusb/src/tusb.c.o
                0x1000444c                tu_edpt_stream_write_xfer
 .text.tu_edpt_stream_read_xfer
                0x100044c0       0xd0 CMakeFiles/pico_booty.dir/usr/src/pico-sdk/lib/tinyusb/src/tusb.c.o
                0x100044c0                tu_edpt_stream_read_xfer
 .text.tu_fifo_config
                0x10004590       0x60 CMakeFiles/pico_booty.dir/usr/src/pico-sdk/lib/tinyusb/src/common/tusb_fifo.c.o
                0x10004590                tu_fifo_config
 .text.tu_fifo_count
                0x100045f0       0x20 CMakeFiles/pico_booty.dir/usr/src/pico-sdk/lib/tinyusb/src/common/tusb_fifo.c.o
                0x100045f0                tu_fifo_count
 .text.tu_fifo_empty
                0x10004610       0x14 CMakeFiles/pico_booty.dir/usr/src/pico-sdk/lib/tinyusb/src/common/tusb_fifo.c.o
                0x10004610                tu_fifo_empty
 .text.tu_fifo_remaining
                0x10004624       0x24 CMakeFiles/pico_booty.dir/usr/src/pico-sdk/lib/tinyusb/src/common/tusb_fifo.c.o
                0x10004624                tu_fifo_remaining
 .text.tu_fifo_read
                0x10004648       0x9c CMakeFiles/pico_booty.dir/usr/src/pico-sdk/lib/tinyusb/src/common/tusb_fifo.c.o
                0x10004648                tu_fifo_read
 .text.tu_fifo_read_n
                0x100046e4       0xe0 CMakeFiles/pico_booty.dir/usr/src/pico-sdk/lib/tinyusb/src/common/tusb_fifo.c.o
                0x100046e4                tu_fifo_read_n
 .text.tu_fifo_write
                0x100047c4       0xa8 CMakeFiles/pico_booty.dir/usr/src/pico-sdk/lib/tinyusb/src/common/tusb_fifo.c.o
                0x100047c4                tu_fifo_write
 .text.tu_fifo_write_n
                0x1000486c      0x150 CMakeFiles/pico_booty.dir/usr/src/pico-sdk/lib/tinyusb/src/common/tusb_fifo.c.o
                0x1000486c                tu_fifo_write_n
 .text.tu_fifo_clear
                0x100049bc       0x38 CMakeFiles/pico_booty.dir/usr/src/pico-sdk/lib/tinyusb/src/common/tusb_fifo.c.o
                0x100049bc                tu_fifo_clear
 .text.tu_fifo_set_overwritable
                0x100049f4       0x3c CMakeFiles/pico_booty.dir/usr/src/pico-sdk/lib/tinyusb/src/common/tusb_fifo.c.o
                0x100049f4                tu_fifo_set_overwritable
 .text.dma_channel_unclaim
                0x10004a30        0xc CMakeFiles/pico_booty.dir/usr/src/pico-sdk/src/rp2_common/hardware_dma/dma.c.o
                0x10004a30                dma_channel_unclaim
 .text.dma_claim_unused_channel
                0x10004a3c       0x24 CMakeFiles/pico_booty.dir/usr/src/pico-sdk/src/rp2_common/hardware_dma/dma.c.o
                0x10004a3c                dma_claim_unused_channel
 .text.pio_add_program
                0x10004a60      0x108 CMakeFiles/pico_booty.dir/usr/src/pico-sdk/src/rp2_common/hardware_pio/pio.c.o
                0x10004a60                pio_add_program
 .text.pio_sm_set_consecutive_pindirs
                0x10004b68       0x8c CMakeFiles/pico_booty.dir/usr/src/pico-sdk/src/rp2_common/hardware_pio/pio.c.o
                0x10004b68                pio_sm_set_consecutive_pindirs
 .text.pio_sm_init
                0x10004bf4       0xa8 CMakeFiles/pico_booty.dir/usr/src/pico-sdk/src/rp2_common/hardware_pio/pio.c.o
                0x10004bf4                pio_sm_init
 .text.memset   0x10004c9c       0x88 /usr/src/arm-gnu-toolchain/bin/../lib/gcc/arm-none-eabi/15.2.1/../../../../arm-none-eabi/lib/thumb/v8-m.main+fp/softfp/libg.a(libc_a-memset.o)
                0x10004c9c                memset
 .text          0x10004d24       0xec /usr/src/arm-gnu-toolchain/bin/../lib/gcc/arm-none-eabi/15.2.1/../../../../arm-none-eabi/lib/thumb/v8-m.main+fp/softfp/libg.a(libc_a-memcpy.o)
                0x10004d24                memcpy
 .text.strlen   0x10004e10       0x5c /usr/src/arm-gnu-toolchain/bin/../lib/gcc/arm-none-eabi/15.2.1/../../../../arm-none-eabi/lib/thumb/v8-m.main+fp/softfp/libg.a(libc_a-strlen-stub.o)
                0x10004e10                strlen
 *(.fini)
 .fini          0x10004e6c        0x4 /usr/src/arm-gnu-toolchain/bin/../lib/gcc/arm-none-eabi/15.2.1/thumb/v8-m.main+fp/softfp/crti.o
                0x10004e6c                _fini
 .fini.__stub   0x10004e70       0x48 linker stubs
 *crtbegin.o(.ctors)
 *crtbegin?.o(.ctors)
 *(EXCLUDE_FILE(*crtend.o *crtend?.o) .ctors)
 *(SORT_BY_NAME(.ctors.*))
 *(.ctors)
 *crtbegin.o(.dtors)
 *crtbegin?.o(.dtors)
 *(EXCLUDE_FILE(*crtend.o *crtend?.o) .dtors)
 *(SORT_BY_NAME(.dtors.*))
 *(.dtors)
                0x10004eb8                        . = ALIGN (0x4)
                0x10004eb8                        PROVIDE (__preinit_array_start = .)
 *(SORT_BY_NAME(.preinit_array.*))
 .preinit_array.00050
                0x10004eb8        0x4 CMakeFiles/pico_booty.dir/usr/src/pico-sdk/src/rp2_common/pico_runtime_init/runtime_init.c.o
                0x10004eb8                __pre_init_runtime_init_bootrom_reset
 .preinit_array.00100
                0x10004ebc        0x4 CMakeFiles/pico_booty.dir/usr/src/pico-sdk/src/rp2_common/pico_runtime_init/runtime_init.c.o
                0x10004ebc                __pre_init_runtime_init_early_resets
 .preinit_array.00101
                0x10004ec0        0x4 CMakeFiles/pico_booty.dir/usr/src/pico-sdk/src/rp2_common/pico_runtime_init/runtime_init.c.o
                0x10004ec0                __pre_init_runtime_init_usb_power_down
 .preinit_array.00500
                0x10004ec4        0x4 CMakeFiles/pico_booty.dir/usr/src/pico-sdk/src/rp2_common/pico_runtime_init/runtime_init.c.o
                0x10004ec4                __pre_init_runtime_init_clocks
 .preinit_array.00600
                0x10004ec8        0x4 CMakeFiles/pico_booty.dir/usr/src/pico-sdk/src/rp2_common/pico_runtime_init/runtime_init.c.o
                0x10004ec8                __pre_init_runtime_init_post_clock_resets
 .preinit_array.01000
                0x10004ecc        0x4 CMakeFiles/pico_booty.dir/usr/src/pico-sdk/src/rp2_common/hardware_boot_lock/boot_lock.c.o
                0x10004ecc                __pre_init_runtime_init_boot_locks_reset
 .preinit_array.01000
                0x10004ed0        0x4 CMakeFiles/pico_booty.dir/usr/src/pico-sdk/src/rp2_common/pico_runtime_init/runtime_init.c.o
                0x10004ed0                __pre_init_runtime_init_spin_locks_reset
 .preinit_array.01010
                0x10004ed4        0x4 CMakeFiles/pico_booty.dir/usr/src/pico-sdk/src/rp2_common/pico_bootrom/bootrom_lock.c.o
                0x10004ed4                __pre_init_runtime_init_bootrom_locking_enable
 .preinit_array.01100
                0x10004ed8        0x4 CMakeFiles/pico_booty.dir/usr/src/pico-sdk/src/common/pico_sync/mutex.c.o
                0x10004ed8                __pre_init_runtime_init_mutex
 .preinit_array.10080
                0x10004edc        0x4 CMakeFiles/pico_booty.dir/usr/src/pico-sdk/src/rp2_common/pico_runtime_init/runtime_init.c.o
                0x10004edc                __pre_init_runtime_init_install_ram_vector_table
 .preinit_array.11000
                0x10004ee0        0x4 CMakeFiles/pico_booty.dir/usr/src/pico-sdk/src/common/pico_time/time.c.o
                0x10004ee0                __pre_init_runtime_init_default_alarm_pool
 .preinit_array.YYYYY
                0x10004ee4        0x4 CMakeFiles/pico_booty.dir/usr/src/pico-sdk/src/rp2_common/pico_runtime/runtime.c.o
                0x10004ee4                __pre_init_first_per_core_initializer
 .preinit_array.ZZZZZ.00051
                0x10004ee8        0x4 CMakeFiles/pico_booty.dir/usr/src/pico-sdk/src/rp2_common/pico_runtime_init/runtime_init.c.o
                0x10004ee8                __pre_init_runtime_init_per_core_bootrom_reset
 .preinit_array.ZZZZZ.00200
                0x10004eec        0x4 CMakeFiles/pico_booty.dir/usr/src/pico-sdk/src/rp2_common/pico_runtime_init/runtime_init.c.o
                0x10004eec                __pre_init_runtime_init_per_core_enable_coprocessors
 .preinit_array.ZZZZZ.01000
                0x10004ef0        0x4 CMakeFiles/pico_booty.dir/usr/src/pico-sdk/src/rp2_common/hardware_sync_spin_lock/sync_spin_lock.c.o
                0x10004ef0                __pre_init_spinlock_set_extexclall
 .preinit_array.ZZZZZ.01200
                0x10004ef4        0x4 CMakeFiles/pico_booty.dir/usr/src/pico-sdk/src/rp2_common/hardware_irq/irq.c.o
                0x10004ef4                __pre_init_runtime_init_per_core_irq_priorities
 *(.preinit_array)
                0x10004ef8                        PROVIDE (__preinit_array_end = .)
                0x10004ef8                        . = ALIGN (0x4)
                0x10004ef8                        PROVIDE (__init_array_start = .)
 *(SORT_BY_NAME(.init_array.*))
 .init_array.01000
                0x10004ef8        0x4 CMakeFiles/pico_booty.dir/usr/src/pico-sdk/src/rp2_common/pico_unique_id/unique_id.c.o
 *(.init_array)
 .init_array    0x10004efc        0x4 /usr/src/arm-gnu-toolchain/bin/../lib/gcc/arm-none-eabi/15.2.1/thumb/v8-m.main+fp/softfp/crtbegin.o
                0x10004f00                        PROVIDE (__init_array_end = .)
                0x10004f00                        . = ALIGN (0x4)
                [!provide]                        PROVIDE (__fini_array_start = .)
 *(SORT_BY_NAME(.fini_array.*))
 *(.fini_array)
                [!provide]                        PROVIDE (__fini_array_end = .)
 *(.eh_frame*)
 .eh_frame      0x10004f00        0x0 /usr/src/arm-gnu-toolchain/bin/../lib/gcc/arm-none-eabi/15.2.1/thumb/v8-m.main+fp/softfp/crtbegin.o
                0x10004f00                        . = ALIGN (0x4)

.glue_7         0x10004f00        0x0
 .glue_7        0x10004f00        0x0 linker stubs

.glue_7t        0x10004f00        0x0
 .glue_7t       0x10004f00        0x0 linker stubs

.vfp11_veneer   0x10004f00        0x0
 .vfp11_veneer  0x10004f00        0x0 linker stubs

.v4_bx          0x10004f00        0x0
 .v4_bx         0x10004f00        0x0 linker stubs

.iplt           0x10004f00        0x0
 .iplt          0x10004f00        0x0 /usr/src/arm-gnu-toolchain/bin/../lib/gcc/arm-none-eabi/15.2.1/thumb/v8-m.main+fp/softfp/crtbegin.o

.boot2          0x10004f00        0x0
                0x10004f00                        __boot2_start__ = .
 *(.boot2)
                0x10004f00                        __boot2_end__ = .
                0x00000001                        ASSERT (((__boot2_end__ - __boot2_start__) <= 0x100), ERROR: Pico second stage bootloader must be no more than 256 bytes in size)

.rodata         0x10004f00      0x3e0
 *(EXCLUDE_FILE(*libm.a: *libc.a:*lib_a-mem*.o *libgcc.a:) .rodata*)
 .rodata.main.str1.4
                0x10004f00      0x1a6 CMakeFiles/pico_booty.dir/pico_booty.cpp.o
                                 0x29 (size before relaxing)
 *fill*         0x100050a6        0x2 
 .rodata._ZL16parallel_program
                0x100050a8        0x8 CMakeFiles/pico_booty.dir/pico_booty.cpp.o
 .rodata._ZL29parallel_program_instructions
                0x100050b0       0x12 CMakeFiles/pico_booty.dir/pico_booty.cpp.o
 .rodata.panic.str1.4
                0x100050c2        0x0 CMakeFiles/pico_booty.dir/usr/src/pico-sdk/src/rp2_common/pico_platform_panic/panic.c.o
                                 0x12 (size before relaxing)
 .rodata.spin_lock_claim_unused.str1.4
                0x100050c2        0x0 CMakeFiles/pico_booty.dir/usr/src/pico-sdk/src/rp2_common/hardware_sync/sync.c.o
                                 0x1b (size before relaxing)
 .rodata.user_irq_claim_unused.str1.4
                0x100050c2        0x0 CMakeFiles/pico_booty.dir/usr/src/pico-sdk/src/rp2_common/hardware_irq/irq.c.o
                                 0x1b (size before relaxing)
 .rodata.timer_hardware_alarm_claim.str1.4
                0x100050c2        0x0 CMakeFiles/pico_booty.dir/usr/src/pico-sdk/src/rp2_common/hardware_timer/timer.c.o
                                 0x22 (size before relaxing)
 .rodata.hard_assertion_failure.str1.4
                0x100050c2        0x0 CMakeFiles/pico_booty.dir/usr/src/pico-sdk/src/rp2_common/pico_runtime/runtime.c.o
                                  0xc (size before relaxing)
 .rodata.str1.4
                0x100050c2        0x0 CMakeFiles/pico_booty.dir/usr/src/pico-sdk/src/rp2_common/pico_standard_binary_info/standard_binary_info.c.o
                                 0x44 (size before relaxing)
 *fill*         0x100050c2        0x2 
 .rodata.__bi_84
                0x100050c4        0xc CMakeFiles/pico_booty.dir/usr/src/pico-sdk/src/rp2_common/pico_standard_binary_info/standard_binary_info.c.o
 .rodata.__bi_78
                0x100050d0        0xc CMakeFiles/pico_booty.dir/usr/src/pico-sdk/src/rp2_common/pico_standard_binary_info/standard_binary_info.c.o
 .rodata.__bi_60
                0x100050dc        0xc CMakeFiles/pico_booty.dir/usr/src/pico-sdk/src/rp2_common/pico_standard_binary_info/standard_binary_info.c.o
 .rodata.__bi_54
                0x100050e8        0xc CMakeFiles/pico_booty.dir/usr/src/pico-sdk/src/rp2_common/pico_standard_binary_info/standard_binary_info.c.o
 .rodata.__bi_48
                0x100050f4        0xc CMakeFiles/pico_booty.dir/usr/src/pico-sdk/src/rp2_common/pico_standard_binary_info/standard_binary_info.c.o
 .rodata.__bi_42
                0x10005100        0xc CMakeFiles/pico_booty.dir/usr/src/pico-sdk/src/rp2_common/pico_standard_binary_info/standard_binary_info.c.o
 .rodata.__bi_34
                0x1000510c        0xc CMakeFiles/pico_booty.dir/usr/src/pico-sdk/src/rp2_common/pico_standard_binary_info/standard_binary_info.c.o
 .rodata.__bi_26
                0x10005118        0xc CMakeFiles/pico_booty.dir/usr/src/pico-sdk/src/rp2_common/pico_standard_binary_info/standard_binary_info.c.o
 .rodata.crlf_str.0
                0x10005124        0x2 CMakeFiles/pico_booty.dir/usr/src/pico-sdk/src/rp2_common/pico_stdio/stdio.c.o
 *fill*         0x10005126        0x2 
 .rodata._resetd_driver
                0x10005128       0x20 CMakeFiles/pico_booty.dir/usr/src/pico-sdk/src/rp2_common/pico_stdio_usb/reset_interface.c.o
 .rodata.desc_ms_os_20
                0x10005148       0xa6 CMakeFiles/pico_booty.dir/usr/src/pico-sdk/src/rp2_common/pico_stdio_usb/reset_interface.c.o
 *fill*         0x100051ee        0x2 
 .rodata.desc_bos
                0x100051f0       0x21 CMakeFiles/pico_booty.dir/usr/src/pico-sdk/src/rp2_common/pico_stdio_usb/reset_interface.c.o
                0x100051f0                desc_bos
 .rodata.str1.4
                0x10005211        0x0 CMakeFiles/pico_booty.dir/usr/src/pico-sdk/src/rp2_common/pico_stdio_usb/stdio_usb.c.o
                                 0x13 (size before relaxing)
 *fill*         0x10005211        0x3 
 .rodata.__bi_202.0
                0x10005214        0xc CMakeFiles/pico_booty.dir/usr/src/pico-sdk/src/rp2_common/pico_stdio_usb/stdio_usb.c.o
 .rodata.str1.4
                0x10005220        0x0 CMakeFiles/pico_booty.dir/usr/src/pico-sdk/src/rp2_common/pico_stdio_usb/stdio_usb_descriptors.c.o
                                 0x2a (size before relaxing)
 .rodata.usbd_desc_str
                0x10005220       0x18 CMakeFiles/pico_booty.dir/usr/src/pico-sdk/src/rp2_common/pico_stdio_usb/stdio_usb_descriptors.c.o
 .rodata.usbd_desc_cfg
                0x10005238       0x54 CMakeFiles/pico_booty.dir/usr/src/pico-sdk/src/rp2_common/pico_stdio_usb/stdio_usb_descriptors.c.o
 .rodata.usbd_desc_device
                0x1000528c       0x12 CMakeFiles/pico_booty.dir/usr/src/pico-sdk/src/rp2_common/pico_stdio_usb/stdio_usb_descriptors.c.o
 .rodata.str1.4
                0x1000529e        0x0 CMakeFiles/pico_booty.dir/usr/src/pico-sdk/lib/tinyusb/src/portable/raspberrypi/rp2040/dcd_rp2040.c.o
                                 0x14 (size before relaxing)
 .rodata.str1.4
                0x1000529e        0x0 CMakeFiles/pico_booty.dir/usr/src/pico-sdk/lib/tinyusb/src/portable/raspberrypi/rp2040/rp2040_usb.c.o
                                 0x48 (size before relaxing)
 *fill*         0x1000529e        0x2 
 .rodata._usbd_driver
                0x100052a0       0x40 CMakeFiles/pico_booty.dir/usr/src/pico-sdk/lib/tinyusb/src/device/usbd.c.o
 .rodata.dma_claim_unused_channel.str1.4
                0x100052e0        0x0 CMakeFiles/pico_booty.dir/usr/src/pico-sdk/src/rp2_common/hardware_dma/dma.c.o
                                 0x1e (size before relaxing)
 *(.srodata*)
                0x100052e0                        . = ALIGN (0x4)
 *(SORT_BY_ALIGNMENT(SORT_BY_NAME(.flashdata*)))
                0x100052e0                        . = ALIGN (0x4)

.ARM.extab
 *(.ARM.extab* .gnu.linkonce.armextab.*)
                0x100052e0                        __exidx_start = .

.ARM.exidx      0x100052e0        0x8
 *(.ARM.exidx* .gnu.linkonce.armexidx.*)
 .ARM.exidx     0x100052e0        0x8 /usr/src/arm-gnu-toolchain/bin/../lib/gcc/arm-none-eabi/15.2.1/../../../../arm-none-eabi/lib/thumb/v8-m.main+fp/softfp/libg.a(libc_a-memcpy.o)
                0x100052e8                        __exidx_end = .
                0x100052e8                        . = ALIGN (0x4)
                0x100052e8                        __binary_info_start = .

.binary_info    0x100052e8       0x24
 *(.binary_info.keep.*)
 .binary_info.keep.__bi_ptr84
                0x100052e8        0x4 CMakeFiles/pico_booty.dir/usr/src/pico-sdk/src/rp2_common/pico_standard_binary_info/standard_binary_info.c.o
 .binary_info.keep.__bi_ptr78
                0x100052ec        0x4 CMakeFiles/pico_booty.dir/usr/src/pico-sdk/src/rp2_common/pico_standard_binary_info/standard_binary_info.c.o
 .binary_info.keep.__bi_ptr60
                0x100052f0        0x4 CMakeFiles/pico_booty.dir/usr/src/pico-sdk/src/rp2_common/pico_standard_binary_info/standard_binary_info.c.o
 .binary_info.keep.__bi_ptr54
                0x100052f4        0x4 CMakeFiles/pico_booty.dir/usr/src/pico-sdk/src/rp2_common/pico_standard_binary_info/standard_binary_info.c.o
 .binary_info.keep.__bi_ptr48
                0x100052f8        0x4 CMakeFiles/pico_booty.dir/usr/src/pico-sdk/src/rp2_common/pico_standard_binary_info/standard_binary_info.c.o
 .binary_info.keep.__bi_ptr42
                0x100052fc        0x4 CMakeFiles/pico_booty.dir/usr/src/pico-sdk/src/rp2_common/pico_standard_binary_info/standard_binary_info.c.o
 .binary_info.keep.__bi_ptr34
                0x10005300        0x4 CMakeFiles/pico_booty.dir/usr/src/pico-sdk/src/rp2_common/pico_standard_binary_info/standard_binary_info.c.o
 .binary_info.keep.__bi_ptr26
                0x10005304        0x4 CMakeFiles/pico_booty.dir/usr/src/pico-sdk/src/rp2_common/pico_standard_binary_info/standard_binary_info.c.o
 *(.binary_info.*)
 .binary_info.__bi_ptr202
                0x10005308        0x4 CMakeFiles/pico_booty.dir/usr/src/pico-sdk/src/rp2_common/pico_stdio_usb/stdio_usb.c.o
                0x1000530c                        __binary_info_end = .
                0x1000530c                        . = ALIGN (0x4)

.ram_vector_table
                0x20000000      0x110
 *(.ram_vector_table)
 .ram_vector_table
                0x20000000      0x110 CMakeFiles/pico_booty.dir/usr/src/pico-sdk/src/rp2_common/pico_runtime_init/runtime_init.c.o
                0x20000000                ram_vector_table

.uninitialized_data
                0x20000110        0x0
                0x20000110                        . = ALIGN (0x4)
 *(.uninitialized_data*)

.data           0x20000110     0xe194 load address 0x1000530c
                0x20000110                        __data_start__ = .
 *(vtable)
 *(.time_critical*)
 .time_critical.mutex_try_enter
                0x20000110       0x50 CMakeFiles/pico_booty.dir/usr/src/pico-sdk/src/common/pico_sync/mutex.c.o
                0x20000110                mutex_try_enter
 .time_critical.mutex_enter_block_until
                0x20000160       0x6c CMakeFiles/pico_booty.dir/usr/src/pico-sdk/src/common/pico_sync/mutex.c.o
                0x20000160                mutex_enter_block_until
 .time_critical.mutex_try_enter_block_until
                0x200001cc       0x68 CMakeFiles/pico_booty.dir/usr/src/pico-sdk/src/common/pico_sync/mutex.c.o
                0x200001cc                mutex_try_enter_block_until
 .time_critical.mutex_enter_timeout_ms
                0x20000234       0x38 CMakeFiles/pico_booty.dir/usr/src/pico-sdk/src/common/pico_sync/mutex.c.o
                0x20000234                mutex_enter_timeout_ms
 .time_critical.mutex_exit
                0x2000026c       0x3c CMakeFiles/pico_booty.dir/usr/src/pico-sdk/src/common/pico_sync/mutex.c.o
                0x2000026c                mutex_exit
 .time_critical.reset_non_control_endpoints
                0x200002a8       0x64 CMakeFiles/pico_booty.dir/usr/src/pico-sdk/lib/tinyusb/src/portable/raspberrypi/rp2040/dcd_rp2040.c.o
 .time_critical.hw_handle_buff_status
                0x2000030c       0x8c CMakeFiles/pico_booty.dir/usr/src/pico-sdk/lib/tinyusb/src/portable/raspberrypi/rp2040/dcd_rp2040.c.o
 .time_critical.dcd_rp2040_irq
                0x20000398      0x514 CMakeFiles/pico_booty.dir/usr/src/pico-sdk/lib/tinyusb/src/portable/raspberrypi/rp2040/dcd_rp2040.c.o
 .time_critical.prepare_ep_buffer
                0x200008ac       0xc4 CMakeFiles/pico_booty.dir/usr/src/pico-sdk/lib/tinyusb/src/portable/raspberrypi/rp2040/rp2040_usb.c.o
 .time_critical.sync_ep_buffer
                0x20000970       0xb8 CMakeFiles/pico_booty.dir/usr/src/pico-sdk/lib/tinyusb/src/portable/raspberrypi/rp2040/rp2040_usb.c.o
 .time_critical._hw_endpoint_xfer_sync
                0x20000a28       0x2c CMakeFiles/pico_booty.dir/usr/src/pico-sdk/lib/tinyusb/src/portable/raspberrypi/rp2040/rp2040_usb.c.o
 .time_critical.e15_is_bulkin_ep
                0x20000a54       0x28 CMakeFiles/pico_booty.dir/usr/src/pico-sdk/lib/tinyusb/src/portable/raspberrypi/rp2040/rp2040_usb.c.o
 .time_critical.e15_is_critical_frame_period
                0x20000a7c       0x28 CMakeFiles/pico_booty.dir/usr/src/pico-sdk/lib/tinyusb/src/portable/raspberrypi/rp2040/rp2040_usb.c.o
 .time_critical.hw_endpoint_reset_transfer
                0x20000aa4        0xc CMakeFiles/pico_booty.dir/usr/src/pico-sdk/lib/tinyusb/src/portable/raspberrypi/rp2040/rp2040_usb.c.o
                0x20000aa4                hw_endpoint_reset_transfer
 .time_critical._hw_endpoint_buffer_control_update32
                0x20000ab0       0x48 CMakeFiles/pico_booty.dir/usr/src/pico-sdk/lib/tinyusb/src/portable/raspberrypi/rp2040/rp2040_usb.c.o
                0x20000ab0                _hw_endpoint_buffer_control_update32
 .time_critical.hw_endpoint_start_next_buffer
                0x20000af8       0x64 CMakeFiles/pico_booty.dir/usr/src/pico-sdk/lib/tinyusb/src/portable/raspberrypi/rp2040/rp2040_usb.c.o
                0x20000af8                hw_endpoint_start_next_buffer
 .time_critical.hw_endpoint_xfer_continue
                0x20000b5c       0x3c CMakeFiles/pico_booty.dir/usr/src/pico-sdk/lib/tinyusb/src/portable/raspberrypi/rp2040/rp2040_usb.c.o
                0x20000b5c                hw_endpoint_xfer_continue
 .time_critical.tinyusb
                0x20000b98      0x218 CMakeFiles/pico_booty.dir/usr/src/pico-sdk/lib/tinyusb/src/device/usbd.c.o
                0x20000b98                dcd_event_handler
 .time_critical.tinyusb.__stub
                0x20000db0       0x30 linker stubs
 *(.text*)
                0x20000de0                        . = ALIGN (0x4)
 *(.rodata*)
                0x20000de0                        . = ALIGN (0x4)
 *(.data*)
 .data          0x20000de0     0xd420 CMakeFiles/pico_booty.dir/payload.s.o
                0x20000de0                c_payloadStart
                0x2000e200                c_payloadEnd
 .data.striped_spin_lock_num
                0x2000e200        0x1 CMakeFiles/pico_booty.dir/usr/src/pico-sdk/src/rp2_common/hardware_sync/sync.c.o
 *fill*         0x2000e201        0x3 
 .data          0x2000e204       0x48 CMakeFiles/pico_booty.dir/usr/src/pico-sdk/src/rp2_common/hardware_irq/irq_handler_chain.S.o
                0x2000e204                irq_handler_chain_slots
                0x2000e234                irq_handler_chain_first_slot
                0x2000e23e                irq_handler_chain_remove_tail
 .data.default_alarm_pool
                0x2000e24c       0x18 CMakeFiles/pico_booty.dir/usr/src/pico-sdk/src/common/pico_time/time.c.o
 .data.stdio_usb
                0x2000e264       0x18 CMakeFiles/pico_booty.dir/usr/src/pico-sdk/src/rp2_common/pico_stdio_usb/stdio_usb.c.o
                0x2000e264                stdio_usb
 .data._usbd_qdef
                0x2000e27c       0x1c CMakeFiles/pico_booty.dir/usr/src/pico-sdk/lib/tinyusb/src/device/usbd.c.o
                0x2000e27c                _usbd_qdef
 .data._usbd_rhport
                0x2000e298        0x1 CMakeFiles/pico_booty.dir/usr/src/pico-sdk/lib/tinyusb/src/device/usbd.c.o
 *(.sdata*)
                0x2000e29c                        . = ALIGN (0x4)
 *fill*         0x2000e299        0x3 
 *(.after_data.*)
                0x2000e29c                        . = ALIGN (0x4)
                0x2000e29c                        PROVIDE (__mutex_array_start = .)
 *(SORT_BY_NAME(.mutex_array.*))
 *(.mutex_array)
 .mutex_array   0x2000e29c        0x8 CMakeFiles/pico_booty.dir/usr/src/pico-sdk/src/rp2_common/pico_stdio/stdio.c.o
                0x2000e2a4                        PROVIDE (__mutex_array_end = .)
 *(.jcr)
                0x2000e2a4                        . = ALIGN (0x4)

.tm_clone_table
                0x2000e2a4        0x0 load address 0x100134a0
 .tm_clone_table
                0x2000e2a4        0x0 /usr/src/arm-gnu-toolchain/bin/../lib/gcc/arm-none-eabi/15.2.1/thumb/v8-m.main+fp/softfp/crtbegin.o
 .tm_clone_table
                0x2000e2a4        0x0 /usr/src/arm-gnu-toolchain/bin/../lib/gcc/arm-none-eabi/15.2.1/thumb/v8-m.main+fp/softfp/crtend.o

.igot.plt       0x2000e2a4        0x0 load address 0x100134a0
 .igot.plt      0x2000e2a4        0x0 /usr/src/arm-gnu-toolchain/bin/../lib/gcc/arm-none-eabi/15.2.1/thumb/v8-m.main+fp/softfp/crtbegin.o

.tdata          0x2000e2a4        0x0 load address 0x100134a0
                0x2000e2a4                        . = ALIGN (0x4)
 *(.tdata .tdata.* .gnu.linkonce.td.*)
                0x2000e2a4                        __tdata_end = .
                0x2000e2a4                        PROVIDE (__data_end__ = .)
                0x1000530c                        __etext = LOADADDR (.data)

.tbss           0x2000e2a4        0x0 load address 0x100134a0
                0x2000e2a4                        . = ALIGN (0x4)
                0x2000e2a4                        __bss_start__ = .
                0x2000e2a4                        __tls_base = .
 *(.tbss .tbss.* .gnu.linkonce.tb.*)
 *(.tcommon)
                0x2000e2a4                        __tls_end = .

.bss            0x2000e2a8      0xc4c load address 0x100134a0
                0x2000e2a8                        . = ALIGN (0x4)
                0x2000e2a8                        __tbss_end = .
 *(SORT_BY_ALIGNMENT(SORT_BY_NAME(.bss*)))
 .bss._cdcd_itf
                0x2000e2a8       0xc8 CMakeFiles/pico_booty.dir/usr/src/pico-sdk/lib/tinyusb/src/class/cdc/cdc_device.c.o
 .bss.default_alarm_pool_entries
                0x2000e370      0x180 CMakeFiles/pico_booty.dir/usr/src/pico-sdk/src/common/pico_time/time.c.o
 .bss.last_avail_time.1
                0x2000e4f0        0x8 CMakeFiles/pico_booty.dir/usr/src/pico-sdk/src/rp2_common/pico_stdio_usb/stdio_usb.c.o
 .bss._app_driver
                0x2000e4f8        0x4 CMakeFiles/pico_booty.dir/usr/src/pico-sdk/lib/tinyusb/src/device/usbd.c.o
 .bss._cdcd_epbuf
                0x2000e4fc       0x80 CMakeFiles/pico_booty.dir/usr/src/pico-sdk/lib/tinyusb/src/class/cdc/cdc_device.c.o
 .bss._cdcd_fifo_cfg
                0x2000e57c        0x1 CMakeFiles/pico_booty.dir/usr/src/pico-sdk/lib/tinyusb/src/class/cdc/cdc_device.c.o
 *fill*         0x2000e57d        0x3 
 .bss._ctrl_epbuf
                0x2000e580       0x40 CMakeFiles/pico_booty.dir/usr/src/pico-sdk/lib/tinyusb/src/device/usbd_control.c.o
 .bss._ctrl_xfer
                0x2000e5c0       0x14 CMakeFiles/pico_booty.dir/usr/src/pico-sdk/lib/tinyusb/src/device/usbd_control.c.o
 .bss._sw_spin_locks
                0x2000e5d4       0x20 CMakeFiles/pico_booty.dir/usr/src/pico-sdk/src/rp2_common/hardware_sync_spin_lock/sync_spin_lock.c.o
                0x2000e5d4                _sw_spin_locks
 .bss._tusb_rhport_role
                0x2000e5f4        0x2 CMakeFiles/pico_booty.dir/usr/src/pico-sdk/lib/tinyusb/src/tusb.c.o
                0x2000e5f4                _tusb_rhport_role
 *fill*         0x2000e5f6        0x2 
 .bss._ubsd_mutexdef
                0x2000e5f8        0x8 CMakeFiles/pico_booty.dir/usr/src/pico-sdk/lib/tinyusb/src/device/usbd.c.o
 .bss._usbd_dev
                0x2000e600       0x54 CMakeFiles/pico_booty.dir/usr/src/pico-sdk/lib/tinyusb/src/device/usbd.c.o
 .bss._usbd_mutex
                0x2000e654        0x4 CMakeFiles/pico_booty.dir/usr/src/pico-sdk/lib/tinyusb/src/device/usbd.c.o
 .bss._usbd_q   0x2000e658        0x4 CMakeFiles/pico_booty.dir/usr/src/pico-sdk/lib/tinyusb/src/device/usbd.c.o
 .bss._usbd_qdef_buf
                0x2000e65c       0xc0 CMakeFiles/pico_booty.dir/usr/src/pico-sdk/lib/tinyusb/src/device/usbd.c.o
                0x2000e65c                _usbd_qdef_buf
 .bss._used_instruction_space
                0x2000e71c        0xc CMakeFiles/pico_booty.dir/usr/src/pico-sdk/src/rp2_common/hardware_pio/pio.c.o
 .bss._vendord_epbuf
                0x2000e728       0x80 CMakeFiles/pico_booty.dir/usr/src/pico-sdk/lib/tinyusb/src/class/vendor/vendor_device.c.o
 .bss._vendord_itf
                0x2000e7a8      0x24c CMakeFiles/pico_booty.dir/usr/src/pico-sdk/lib/tinyusb/src/class/vendor/vendor_device.c.o
 .bss.callbacks
                0x2000e9f4        0x8 CMakeFiles/pico_booty.dir/usr/src/pico-sdk/src/rp2_common/hardware_gpio/gpio.c.o
 .bss.chars_available_callback
                0x2000e9fc        0x4 CMakeFiles/pico_booty.dir/usr/src/pico-sdk/src/rp2_common/pico_stdio_usb/stdio_usb.c.o
 .bss.chars_available_param
                0x2000ea00        0x4 CMakeFiles/pico_booty.dir/usr/src/pico-sdk/src/rp2_common/pico_stdio_usb/stdio_usb.c.o
 .bss.claimed   0x2000ea04        0x4 CMakeFiles/pico_booty.dir/usr/src/pico-sdk/src/rp2_common/hardware_sync/sync.c.o
 .bss.claimed   0x2000ea08        0x2 CMakeFiles/pico_booty.dir/usr/src/pico-sdk/src/rp2_common/hardware_timer/timer.c.o
 *fill*         0x2000ea0a        0x2 
 .bss.configured_freq
                0x2000ea0c       0x28 CMakeFiles/pico_booty.dir/usr/src/pico-sdk/src/rp2_common/hardware_clocks/clocks.c.o
 .bss.desc_str.0
                0x2000ea34       0x28 CMakeFiles/pico_booty.dir/usr/src/pico-sdk/src/rp2_common/pico_stdio_usb/stdio_usb_descriptors.c.o
 .bss.drivers   0x2000ea5c        0x4 CMakeFiles/pico_booty.dir/usr/src/pico-sdk/src/rp2_common/pico_stdio/stdio.c.o
 .bss.e15_last_sof
                0x2000ea60        0x4 CMakeFiles/pico_booty.dir/usr/src/pico-sdk/lib/tinyusb/src/portable/raspberrypi/rp2040/rp2040_usb.c.o
                0x2000ea60                e15_last_sof
 .bss.filter    0x2000ea64        0x4 CMakeFiles/pico_booty.dir/usr/src/pico-sdk/src/rp2_common/pico_stdio/stdio.c.o
 .bss.hw_endpoints
                0x2000ea68      0x400 CMakeFiles/pico_booty.dir/usr/src/pico-sdk/lib/tinyusb/src/portable/raspberrypi/rp2040/dcd_rp2040.c.o
 .bss.lastLowEvent
                0x2000ee68        0x4 CMakeFiles/pico_booty.dir/pico_booty.cpp.o
                0x2000ee68                lastLowEvent
 .bss.lazy_vsnprintf
                0x2000ee6c        0x4 CMakeFiles/pico_booty.dir/usr/src/pico-sdk/src/rp2_common/pico_printf/printf.c.o
 .bss.load_value
                0x2000ee70        0x4 CMakeFiles/pico_booty.dir/usr/src/pico-sdk/src/rp2_common/hardware_watchdog/watchdog.c.o
 .bss.next_buffer_ptr
                0x2000ee74        0x4 CMakeFiles/pico_booty.dir/usr/src/pico-sdk/lib/tinyusb/src/portable/raspberrypi/rp2040/dcd_rp2040.c.o
 .bss.object.0  0x2000ee78       0x18 /usr/src/arm-gnu-toolchain/bin/../lib/gcc/arm-none-eabi/15.2.1/thumb/v8-m.main+fp/softfp/crtbegin.o
 .bss.one_shot_timer_crit_sec
                0x2000ee90        0x8 CMakeFiles/pico_booty.dir/usr/src/pico-sdk/src/rp2_common/pico_stdio_usb/stdio_usb.c.o
 .bss.pools     0x2000ee98       0x20 CMakeFiles/pico_booty.dir/usr/src/pico-sdk/src/common/pico_time/time.c.o
 .bss.raw_irq_mask
                0x2000eeb8        0x8 CMakeFiles/pico_booty.dir/usr/src/pico-sdk/src/rp2_common/hardware_gpio/gpio.c.o
 .bss.retrieved_id
                0x2000eec0        0x8 CMakeFiles/pico_booty.dir/usr/src/pico-sdk/src/rp2_common/pico_unique_id/unique_id.c.o
 .bss.sleep_notifier
                0x2000eec8        0x4 CMakeFiles/pico_booty.dir/usr/src/pico-sdk/src/common/pico_time/time.c.o
 .bss.stdio_usb_mutex
                0x2000eecc        0x8 CMakeFiles/pico_booty.dir/usr/src/pico-sdk/src/rp2_common/pico_stdio_usb/stdio_usb.c.o
 .bss.usbd_serial_str
                0x2000eed4       0x11 CMakeFiles/pico_booty.dir/usr/src/pico-sdk/src/rp2_common/pico_stdio_usb/stdio_usb_descriptors.c.o
 *fill*         0x2000eee5        0x1 
 .bss._claimed  0x2000eee6        0x2 CMakeFiles/pico_booty.dir/usr/src/pico-sdk/src/rp2_common/hardware_dma/dma.c.o
 .bss._app_driver_count
                0x2000eee8        0x1 CMakeFiles/pico_booty.dir/usr/src/pico-sdk/lib/tinyusb/src/device/usbd.c.o
 .bss._sof_enable
                0x2000eee9        0x1 CMakeFiles/pico_booty.dir/usr/src/pico-sdk/lib/tinyusb/src/portable/raspberrypi/rp2040/dcd_rp2040.c.o
 .bss._usbd_queued_setup
                0x2000eeea        0x1 CMakeFiles/pico_booty.dir/usr/src/pico-sdk/lib/tinyusb/src/device/usbd.c.o
 .bss.irq_handler_chain_free_slot_head
                0x2000eeeb        0x1 CMakeFiles/pico_booty.dir/usr/src/pico-sdk/src/rp2_common/hardware_irq/irq.c.o
 .bss.itf_num   0x2000eeec        0x1 CMakeFiles/pico_booty.dir/usr/src/pico-sdk/src/rp2_common/pico_stdio_usb/reset_interface.c.o
 .bss.low_priority_irq_num
                0x2000eeed        0x1 CMakeFiles/pico_booty.dir/usr/src/pico-sdk/src/rp2_common/pico_stdio_usb/stdio_usb.c.o
 .bss.one_shot_timer_pending
                0x2000eeee        0x1 CMakeFiles/pico_booty.dir/usr/src/pico-sdk/src/rp2_common/pico_stdio_usb/stdio_usb.c.o
 .bss.resetPending
                0x2000eeef        0x1 CMakeFiles/pico_booty.dir/pico_booty.cpp.o
                0x2000eeef                resetPending
 .bss.user_irq_claimed
                0x2000eef0        0x1 CMakeFiles/pico_booty.dir/usr/src/pico-sdk/src/rp2_common/hardware_irq/irq.c.o
 *(COMMON)
                [!provide]                        PROVIDE (__global_pointer$ = (. + 0x800))
 *(.sbss*)
                0x2000eef4                        . = ALIGN (0x4)
 *fill*         0x2000eef1        0x3 
                0x2000eef4                        __bss_end__ = .

.heap           0x2000eef4      0x800 load address 0x100134a0
                0x2000eef4                        __end__ = .
                0x2000eef4                        end = __end__
 *(.heap*)
 .heap          0x2000eef4      0x800 CMakeFiles/pico_booty.dir/usr/src/pico-sdk/src/rp2_common/pico_crt0/crt0.S.o
                0x20080000                        __HeapLimit = (ORIGIN (RAM) + LENGTH (RAM))

.scratch_x      0x20080000        0x0 load address 0x100134a0
                0x20080000                        __scratch_x_start__ = .
 *(.scratch_x.*)
                0x20080000                        . = ALIGN (0x4)
                0x20080000                        __scratch_x_end__ = .
                0x100134a0                        __scratch_x_source__ = LOADADDR (.scratch_x)

.scratch_y      0x20081000        0x0 load address 0x100134a0
                0x20081000                        __scratch_y_start__ = .
 *(.scratch_y.*)
                0x20081000                        . = ALIGN (0x4)
                0x20081000                        __scratch_y_end__ = .
                0x100134a0                        __scratch_y_source__ = LOADADDR (.scratch_y)

.stack1_dummy
 *(.stack1*)

.stack_dummy    0x20081000      0x800
 *(.stack*)
 .stack         0x20081000      0x800 CMakeFiles/pico_booty.dir/usr/src/pico-sdk/src/rp2_common/pico_crt0/crt0.S.o

.flash_end      0x100134a0       0x14
 *(.embedded_end_block*)
 .embedded_end_block
                0x100134a0       0x14 CMakeFiles/pico_booty.dir/usr/src/pico-sdk/src/rp2_common/pico_crt0/crt0.S.o
                0x100134b4                        PROVIDE (__flash_binary_end = .)
                0x20080000                        __StackLimit = (ORIGIN (RAM) + LENGTH (RAM))
                0x20081000                        __StackOneTop = (ORIGIN (SCRATCH_X) + LENGTH (SCRATCH_X))
                0x20082000                        __StackTop = (ORIGIN (SCRATCH_Y) + LENGTH (SCRATCH_Y))
                0x20081000                        __StackOneBottom = (__StackOneTop - SIZEOF (.stack1_dummy))
                0x20081800                        __StackBottom = (__StackTop - SIZEOF (.stack_dummy))
                0x20082000                        PROVIDE (__stack = __StackTop)
                [!provide]                        PROVIDE (__heap_start = __end__)
                [!provide]                        PROVIDE (__heap_end = __HeapLimit)
                [!provide]                        PROVIDE (__tls_align = MAX (ALIGNOF (.tdata), ALIGNOF (.tbss)))
                [!provide]                        PROVIDE (__tls_size_align = (((__tls_size + __tls_align) - 0x1) & ~ ((__tls_align - 0x1))))
                [!provide]                        PROVIDE (__arm32_tls_tcb_offset = MAX (0x8, __tls_align))
                [!provide]                        PROVIDE (_end = __end__)
                [!provide]                        PROVIDE (__llvm_libc_heap_limit = __HeapLimit)
                0x00000001                        ASSERT ((__StackLimit >= __HeapLimit), region RAM overflowed)
                0x00000001                        ASSERT (((__binary_info_header_end - __logical_binary_start) <= 0x400), Binary info must be in first 1024 bytes of the binary)
                0x00000001                        ASSERT (((__embedded_block_end - __logical_binary_start) <= 0x1000), Embedded block must be in first 4096 bytes of the binary)
LOAD CMakeFiles/pico_booty.dir/pico_booty.cpp.o
LOAD CMakeFiles/pico_booty.dir/payload.s.o
LOAD CMakeFiles/pico_booty.dir/usr/src/pico-sdk/src/rp2_common/pico_stdlib/stdlib.c.o
LOAD CMakeFiles/pico_booty.dir/usr/src/pico-sdk/src/rp2_common/hardware_gpio/gpio.c.o
LOAD CMakeFiles/pico_booty.dir/usr/src/pico-sdk/src/rp2350/pico_platform/platform.c.o
LOAD CMakeFiles/pico_booty.dir/usr/src/pico-sdk/src/rp2_common/pico_platform_common/common.c.o
LOAD CMakeFiles/pico_booty.dir/usr/src/pico-sdk/src/rp2_common/pico_platform_panic/panic.c.o
LOAD CMakeFiles/pico_booty.dir/usr/src/pico-sdk/src/common/hardware_claim/claim.c.o
LOAD CMakeFiles/pico_booty.dir/usr/src/pico-sdk/src/rp2_common/hardware_sync/sync.c.o
LOAD CMakeFiles/pico_booty.dir/usr/src/pico-sdk/src/rp2_common/hardware_sync_spin_lock/sync_spin_lock.c.o
LOAD CMakeFiles/pico_booty.dir/usr/src/pico-sdk/src/rp2_common/hardware_irq/irq.c.o
LOAD CMakeFiles/pico_booty.dir/usr/src/pico-sdk/src/rp2_common/hardware_irq/irq_handler_chain.S.o
LOAD CMakeFiles/pico_booty.dir/usr/src/pico-sdk/src/common/pico_sync/sem.c.o
LOAD CMakeFiles/pico_booty.dir/usr/src/pico-sdk/src/common/pico_sync/lock_core.c.o
LOAD CMakeFiles/pico_booty.dir/usr/src/pico-sdk/src/common/pico_sync/mutex.c.o
LOAD CMakeFiles/pico_booty.dir/usr/src/pico-sdk/src/common/pico_sync/critical_section.c.o
LOAD CMakeFiles/pico_booty.dir/usr/src/pico-sdk/src/common/pico_time/time.c.o
LOAD CMakeFiles/pico_booty.dir/usr/src/pico-sdk/src/common/pico_time/timeout_helper.c.o
LOAD CMakeFiles/pico_booty.dir/usr/src/pico-sdk/src/rp2_common/hardware_timer/timer.c.o
LOAD CMakeFiles/pico_booty.dir/usr/src/pico-sdk/src/common/pico_util/datetime.c.o
LOAD CMakeFiles/pico_booty.dir/usr/src/pico-sdk/src/common/pico_util/pheap.c.o
LOAD CMakeFiles/pico_booty.dir/usr/src/pico-sdk/src/common/pico_util/queue.c.o
LOAD CMakeFiles/pico_booty.dir/usr/src/pico-sdk/src/rp2_common/hardware_uart/uart.c.o
LOAD CMakeFiles/pico_booty.dir/usr/src/pico-sdk/src/rp2_common/hardware_clocks/clocks.c.o
LOAD CMakeFiles/pico_booty.dir/usr/src/pico-sdk/src/rp2_common/hardware_pll/pll.c.o
LOAD CMakeFiles/pico_booty.dir/usr/src/pico-sdk/src/rp2_common/hardware_vreg/vreg.c.o
LOAD CMakeFiles/pico_booty.dir/usr/src/pico-sdk/src/rp2_common/hardware_watchdog/watchdog.c.o
LOAD CMakeFiles/pico_booty.dir/usr/src/pico-sdk/src/rp2_common/hardware_ticks/ticks.c.o
LOAD CMakeFiles/pico_booty.dir/usr/src/pico-sdk/src/rp2_common/pico_bootrom/bootrom.c.o
LOAD CMakeFiles/pico_booty.dir/usr/src/pico-sdk/src/rp2_common/pico_bootrom/bootrom_lock.c.o
LOAD CMakeFiles/pico_booty.dir/usr/src/pico-sdk/src/rp2_common/hardware_boot_lock/boot_lock.c.o
LOAD CMakeFiles/pico_booty.dir/usr/src/pico-sdk/src/rp2_common/pico_flash/flash.c.o
LOAD CMakeFiles/pico_booty.dir/usr/src/pico-sdk/src/rp2_common/hardware_xosc/xosc.c.o
LOAD CMakeFiles/pico_booty.dir/usr/src/pico-sdk/src/rp2_common/hardware_divider/divider.c.o
LOAD CMakeFiles/pico_booty.dir/usr/src/pico-sdk/src/rp2_common/pico_runtime/runtime.c.o
LOAD CMakeFiles/pico_booty.dir/usr/src/pico-sdk/src/rp2_common/pico_runtime_init/runtime_init.c.o
LOAD CMakeFiles/pico_booty.dir/usr/src/pico-sdk/src/rp2_common/pico_runtime_init/runtime_init_clocks.c.o
LOAD CMakeFiles/pico_booty.dir/usr/src/pico-sdk/src/rp2_common/pico_runtime_init/runtime_init_stack_guard.c.o
LOAD CMakeFiles/pico_booty.dir/usr/src/pico-sdk/src/rp2_common/pico_bit_ops/bit_ops_aeabi.S.o
LOAD CMakeFiles/pico_booty.dir/usr/src/pico-sdk/src/rp2_common/pico_divider/divider_compiler.c.o
LOAD CMakeFiles/pico_booty.dir/usr/src/pico-sdk/src/rp2_common/pico_double/double_math.c.o
LOAD CMakeFiles/pico_booty.dir/usr/src/pico-sdk/src/rp2_common/pico_double/double_aeabi_dcp.S.o
LOAD CMakeFiles/pico_booty.dir/usr/src/pico-sdk/src/rp2_common/pico_double/double_fma_dcp.S.o
LOAD CMakeFiles/pico_booty.dir/usr/src/pico-sdk/src/rp2_common/pico_double/double_sci_m33.S.o
LOAD CMakeFiles/pico_booty.dir/usr/src/pico-sdk/src/rp2_common/pico_double/double_conv_m33.S.o
LOAD CMakeFiles/pico_booty.dir/usr/src/pico-sdk/src/rp2_common/pico_float/float_math.c.o
LOAD CMakeFiles/pico_booty.dir/usr/src/pico-sdk/src/rp2_common/pico_float/float_conv32_vfp.S.o
LOAD CMakeFiles/pico_booty.dir/usr/src/pico-sdk/src/rp2_common/pico_float/float_common_m33.S.o
LOAD CMakeFiles/pico_booty.dir/usr/src/pico-sdk/src/rp2_common/pico_float/float_sci_m33_vfp.S.o
LOAD CMakeFiles/pico_booty.dir/usr/src/pico-sdk/src/rp2_common/pico_malloc/malloc.c.o
LOAD CMakeFiles/pico_booty.dir/usr/src/pico-sdk/src/rp2_common/pico_atomic/atomic.c.o
LOAD CMakeFiles/pico_booty.dir/usr/src/pico-sdk/src/rp2_common/pico_cxx_options/new_delete.cpp.o
LOAD CMakeFiles/pico_booty.dir/usr/src/pico-sdk/src/rp2_common/pico_standard_binary_info/standard_binary_info.c.o
LOAD CMakeFiles/pico_booty.dir/usr/src/pico-sdk/src/rp2_common/pico_printf/printf.c.o
LOAD CMakeFiles/pico_booty.dir/usr/src/pico-sdk/src/rp2_common/pico_crt0/crt0.S.o
LOAD CMakeFiles/pico_booty.dir/usr/src/pico-sdk/src/rp2_common/pico_clib_interface/newlib_interface.c.o
LOAD CMakeFiles/pico_booty.dir/usr/src/pico-sdk/src/rp2_common/pico_stdio/stdio.c.o
LOAD CMakeFiles/pico_booty.dir/usr/src/pico-sdk/src/rp2_common/pico_stdio_usb/reset_interface.c.o
LOAD CMakeFiles/pico_booty.dir/usr/src/pico-sdk/src/rp2_common/pico_stdio_usb/stdio_usb.c.o
LOAD CMakeFiles/pico_booty.dir/usr/src/pico-sdk/src/rp2_common/pico_stdio_usb/stdio_usb_descriptors.c.o
LOAD CMakeFiles/pico_booty.dir/usr/src/pico-sdk/src/rp2_common/pico_unique_id/unique_id.c.o
LOAD CMakeFiles/pico_booty.dir/usr/src/pico-sdk/src/rp2_common/hardware_flash/flash.c.o
LOAD CMakeFiles/pico_booty.dir/usr/src/pico-sdk/src/rp2_common/hardware_xip_cache/xip_cache.c.o
LOAD CMakeFiles/pico_booty.dir/usr/src/pico-sdk/lib/tinyusb/src/portable/raspberrypi/rp2040/dcd_rp2040.c.o
LOAD CMakeFiles/pico_booty.dir/usr/src/pico-sdk/lib/tinyusb/src/portable/raspberrypi/rp2040/rp2040_usb.c.o
LOAD CMakeFiles/pico_booty.dir/usr/src/pico-sdk/lib/tinyusb/src/device/usbd.c.o
LOAD CMakeFiles/pico_booty.dir/usr/src/pico-sdk/lib/tinyusb/src/device/usbd_control.c.o
LOAD CMakeFiles/pico_booty.dir/usr/src/pico-sdk/lib/tinyusb/src/class/audio/audio_device.c.o
LOAD CMakeFiles/pico_booty.dir/usr/src/pico-sdk/lib/tinyusb/src/class/cdc/cdc_device.c.o
LOAD CMakeFiles/pico_booty.dir/usr/src/pico-sdk/lib/tinyusb/src/class/dfu/dfu_device.c.o
LOAD CMakeFiles/pico_booty.dir/usr/src/pico-sdk/lib/tinyusb/src/class/dfu/dfu_rt_device.c.o
LOAD CMakeFiles/pico_booty.dir/usr/src/pico-sdk/lib/tinyusb/src/class/hid/hid_device.c.o
LOAD CMakeFiles/pico_booty.dir/usr/src/pico-sdk/lib/tinyusb/src/class/midi/midi_device.c.o
LOAD CMakeFiles/pico_booty.dir/usr/src/pico-sdk/lib/tinyusb/src/class/msc/msc_device.c.o
LOAD CMakeFiles/pico_booty.dir/usr/src/pico-sdk/lib/tinyusb/src/class/net/ecm_rndis_device.c.o
LOAD CMakeFiles/pico_booty.dir/usr/src/pico-sdk/lib/tinyusb/src/class/net/ncm_device.c.o
LOAD CMakeFiles/pico_booty.dir/usr/src/pico-sdk/lib/tinyusb/src/class/usbtmc/usbtmc_device.c.o
LOAD CMakeFiles/pico_booty.dir/usr/src/pico-sdk/lib/tinyusb/src/class/vendor/vendor_device.c.o
LOAD CMakeFiles/pico_booty.dir/usr/src/pico-sdk/lib/tinyusb/src/class/video/video_device.c.o
LOAD CMakeFiles/pico_booty.dir/usr/src/pico-sdk/lib/tinyusb/src/tusb.c.o
LOAD CMakeFiles/pico_booty.dir/usr/src/pico-sdk/lib/tinyusb/src/common/tusb_fifo.c.o
LOAD CMakeFiles/pico_booty.dir/usr/src/pico-sdk/src/rp2_common/pico_fix/rp2040_usb_device_enumeration/rp2040_usb_device_enumeration.c.o
LOAD CMakeFiles/pico_booty.dir/usr/src/pico-sdk/src/rp2_common/hardware_dma/dma.c.o
LOAD CMakeFiles/pico_booty.dir/usr/src/pico-sdk/src/rp2_common/hardware_pio/pio.c.o
LOAD pico-sdk/src/rp2350/boot_stage2/CMakeFiles/bs2_default_library.dir/bs2_default_padded_checksummed.S.o
LOAD /usr/src/arm-gnu-toolchain/bin/../lib/gcc/arm-none-eabi/15.2.1/../../../../arm-none-eabi/lib/thumb/v8-m.main+fp/softfp/libstdc++.a
LOAD /usr/src/arm-gnu-toolchain/bin/../lib/gcc/arm-none-eabi/15.2.1/../../../../arm-none-eabi/lib/thumb/v8-m.main+fp/softfp/libm.a
START GROUP
LOAD /usr/src/arm-gnu-toolchain/bin/../lib/gcc/arm-none-eabi/15.2.1/thumb/v8-m.main+fp/softfp/libgcc.a
LOAD /usr/src/arm-gnu-toolchain/bin/../lib/gcc/arm-none-eabi/15.2.1/../../../../arm-none-eabi/lib/thumb/v8-m.main+fp/softfp/libg.a
LOAD /usr/src/arm-gnu-toolchain/bin/../lib/gcc/arm-none-eabi/15.2.1/../../../../arm-none-eabi/lib/thumb/v8-m.main+fp/softfp/libc.a
END GROUP
START GROUP
LOAD /usr/src/arm-gnu-toolchain/bin/../lib/gcc/arm-none-eabi/15.2.1/thumb/v8-m.main+fp/softfp/libgcc.a
LOAD /usr/src/arm-gnu-toolchain/bin/../lib/gcc/arm-none-eabi/15.2.1/../../../../arm-none-eabi/lib/thumb/v8-m.main+fp/softfp/libc.a
LOAD /usr/src/arm-gnu-toolchain/bin/../lib/gcc/arm-none-eabi/15.2.1/../../../../arm-none-eabi/lib/thumb/v8-m.main+fp/softfp/libnosys.a
END GROUP
LOAD /usr/src/arm-gnu-toolchain/bin/../lib/gcc/arm-none-eabi/15.2.1/thumb/v8-m.main+fp/softfp/crtend.o
LOAD /usr/src/arm-gnu-toolchain/bin/../lib/gcc/arm-none-eabi/15.2.1/thumb/v8-m.main+fp/softfp/crtn.o
OUTPUT(pico_booty.elf elf32-littlearm)
LOAD linker stubs

.rel.dyn        0x100134b4        0x0
 .rel.iplt      0x100134b4        0x0 /usr/src/arm-gnu-toolchain/bin/../lib/gcc/arm-none-eabi/15.2.1/thumb/v8-m.main+fp/softfp/crtbegin.o

.ARM.attributes
                0x00000000       0x34
 .ARM.attributes
                0x00000000       0x26 /usr/src/arm-gnu-toolchain/bin/../lib/gcc/arm-none-eabi/15.2.1/thumb/v8-m.main+fp/softfp/crti.o
 .ARM.attributes
                0x00000026       0x36 /usr/src/arm-gnu-toolchain/bin/../lib/gcc/arm-none-eabi/15.2.1/thumb/v8-m.main+fp/softfp/crtbegin.o
 .ARM.attributes
                0x0000005c       0x38 CMakeFiles/pico_booty.dir/pico_booty.cpp.o
 .ARM.attributes
                0x00000094       0x22 CMakeFiles/pico_booty.dir/payload.s.o
 .ARM.attributes
                0x000000b6       0x38 CMakeFiles/pico_booty.dir/usr/src/pico-sdk/src/rp2_common/hardware_gpio/gpio.c.o
 .ARM.attributes
                0x000000ee       0x38 CMakeFiles/pico_booty.dir/usr/src/pico-sdk/src/rp2_common/pico_platform_panic/panic.c.o
 .ARM.attributes
                0x00000126       0x38 CMakeFiles/pico_booty.dir/usr/src/pico-sdk/src/common/hardware_claim/claim.c.o
 .ARM.attributes
                0x0000015e       0x38 CMakeFiles/pico_booty.dir/usr/src/pico-sdk/src/rp2_common/hardware_sync/sync.c.o
 .ARM.attributes
                0x00000196       0x38 CMakeFiles/pico_booty.dir/usr/src/pico-sdk/src/rp2_common/hardware_sync_spin_lock/sync_spin_lock.c.o
 .ARM.attributes
                0x000001ce       0x38 CMakeFiles/pico_booty.dir/usr/src/pico-sdk/src/rp2_common/hardware_irq/irq.c.o
 .ARM.attributes
                0x00000206       0x28 CMakeFiles/pico_booty.dir/usr/src/pico-sdk/src/rp2_common/hardware_irq/irq_handler_chain.S.o
 .ARM.attributes
                0x0000022e       0x38 CMakeFiles/pico_booty.dir/usr/src/pico-sdk/src/common/pico_sync/lock_core.c.o
 .ARM.attributes
                0x00000266       0x38 CMakeFiles/pico_booty.dir/usr/src/pico-sdk/src/common/pico_sync/mutex.c.o
 .ARM.attributes
                0x0000029e       0x38 CMakeFiles/pico_booty.dir/usr/src/pico-sdk/src/common/pico_sync/critical_section.c.o
 .ARM.attributes
                0x000002d6       0x38 CMakeFiles/pico_booty.dir/usr/src/pico-sdk/src/common/pico_time/time.c.o
 .ARM.attributes
                0x0000030e       0x38 CMakeFiles/pico_booty.dir/usr/src/pico-sdk/src/rp2_common/hardware_timer/timer.c.o
 .ARM.attributes
                0x00000346       0x38 CMakeFiles/pico_booty.dir/usr/src/pico-sdk/src/rp2_common/hardware_clocks/clocks.c.o
 .ARM.attributes
                0x0000037e       0x38 CMakeFiles/pico_booty.dir/usr/src/pico-sdk/src/rp2_common/hardware_pll/pll.c.o
 .ARM.attributes
                0x000003b6       0x38 CMakeFiles/pico_booty.dir/usr/src/pico-sdk/src/rp2_common/hardware_watchdog/watchdog.c.o
 .ARM.attributes
                0x000003ee       0x38 CMakeFiles/pico_booty.dir/usr/src/pico-sdk/src/rp2_common/hardware_ticks/ticks.c.o
 .ARM.attributes
                0x00000426       0x38 CMakeFiles/pico_booty.dir/usr/src/pico-sdk/src/rp2_common/pico_bootrom/bootrom.c.o
 .ARM.attributes
                0x0000045e       0x38 CMakeFiles/pico_booty.dir/usr/src/pico-sdk/src/rp2_common/pico_bootrom/bootrom_lock.c.o
 .ARM.attributes
                0x00000496       0x38 CMakeFiles/pico_booty.dir/usr/src/pico-sdk/src/rp2_common/hardware_boot_lock/boot_lock.c.o
 .ARM.attributes
                0x000004ce       0x38 CMakeFiles/pico_booty.dir/usr/src/pico-sdk/src/rp2_common/hardware_xosc/xosc.c.o
 .ARM.attributes
                0x00000506       0x38 CMakeFiles/pico_booty.dir/usr/src/pico-sdk/src/rp2_common/pico_runtime/runtime.c.o
 .ARM.attributes
                0x0000053e       0x38 CMakeFiles/pico_booty.dir/usr/src/pico-sdk/src/rp2_common/pico_runtime_init/runtime_init.c.o
 .ARM.attributes
                0x00000576       0x38 CMakeFiles/pico_booty.dir/usr/src/pico-sdk/src/rp2_common/pico_runtime_init/runtime_init_clocks.c.o
 .ARM.attributes
                0x000005ae       0x38 CMakeFiles/pico_booty.dir/usr/src/pico-sdk/src/rp2_common/pico_standard_binary_info/standard_binary_info.c.o
 .ARM.attributes
                0x000005e6       0x38 CMakeFiles/pico_booty.dir/usr/src/pico-sdk/src/rp2_common/pico_printf/printf.c.o
 .ARM.attributes
                0x0000061e       0x28 CMakeFiles/pico_booty.dir/usr/src/pico-sdk/src/rp2_common/pico_crt0/crt0.S.o
 .ARM.attributes
                0x00000646       0x38 CMakeFiles/pico_booty.dir/usr/src/pico-sdk/src/rp2_common/pico_clib_interface/newlib_interface.c.o
 .ARM.attributes
                0x0000067e       0x38 CMakeFiles/pico_booty.dir/usr/src/pico-sdk/src/rp2_common/pico_stdio/stdio.c.o
 .ARM.attributes
                0x000006b6       0x38 CMakeFiles/pico_booty.dir/usr/src/pico-sdk/src/rp2_common/pico_stdio_usb/reset_interface.c.o
 .ARM.attributes
                0x000006ee       0x38 CMakeFiles/pico_booty.dir/usr/src/pico-sdk/src/rp2_common/pico_stdio_usb/stdio_usb.c.o
 .ARM.attributes
                0x00000726       0x38 CMakeFiles/pico_booty.dir/usr/src/pico-sdk/src/rp2_common/pico_stdio_usb/stdio_usb_descriptors.c.o
 .ARM.attributes
                0x0000075e       0x38 CMakeFiles/pico_booty.dir/usr/src/pico-sdk/src/rp2_common/pico_unique_id/unique_id.c.o
 .ARM.attributes
                0x00000796       0x38 CMakeFiles/pico_booty.dir/usr/src/pico-sdk/lib/tinyusb/src/portable/raspberrypi/rp2040/dcd_rp2040.c.o
 .ARM.attributes
                0x000007ce       0x38 CMakeFiles/pico_booty.dir/usr/src/pico-sdk/lib/tinyusb/src/portable/raspberrypi/rp2040/rp2040_usb.c.o
 .ARM.attributes
                0x00000806       0x38 CMakeFiles/pico_booty.dir/usr/src/pico-sdk/lib/tinyusb/src/device/usbd.c.o
 .ARM.attributes
                0x0000083e       0x38 CMakeFiles/pico_booty.dir/usr/src/pico-sdk/lib/tinyusb/src/device/usbd_control.c.o
 .ARM.attributes
                0x00000876       0x38 CMakeFiles/pico_booty.dir/usr/src/pico-sdk/lib/tinyusb/src/class/cdc/cdc_device.c.o
 .ARM.attributes
                0x000008ae       0x38 CMakeFiles/pico_booty.dir/usr/src/pico-sdk/lib/tinyusb/src/class/vendor/vendor_device.c.o
 .ARM.attributes
                0x000008e6       0x38 CMakeFiles/pico_booty.dir/usr/src/pico-sdk/lib/tinyusb/src/tusb.c.o
 .ARM.attributes
                0x0000091e       0x38 CMakeFiles/pico_booty.dir/usr/src/pico-sdk/lib/tinyusb/src/common/tusb_fifo.c.o
 .ARM.attributes
                0x00000956       0x38 CMakeFiles/pico_booty.dir/usr/src/pico-sdk/src/rp2_common/hardware_dma/dma.c.o
 .ARM.attributes
                0x0000098e       0x38 CMakeFiles/pico_booty.dir/usr/src/pico-sdk/src/rp2_common/hardware_pio/pio.c.o
 .ARM.attributes
                0x000009c6       0x36 /usr/src/arm-gnu-toolchain/bin/../lib/gcc/arm-none-eabi/15.2.1/../../../../arm-none-eabi/lib/thumb/v8-m.main+fp/softfp/libg.a(libc_a-memset.o)
 .ARM.attributes
                0x000009fc       0x24 /usr/src/arm-gnu-toolchain/bin/../lib/gcc/arm-none-eabi/15.2.1/../../../../arm-none-eabi/lib/thumb/v8-m.main+fp/softfp/libg.a(libc_a-memcpy.o)
 .ARM.attributes