Archive member included to satisfy reference by file (symbol)

/usr/src/arm-gnu-toolchain/bin/../lib/gcc/arm-none-eabi/15.2.1/../../../../arm-none-eabi/lib/thumb/v8-m.main+fp/softfp/libm.a(libm_a-wf_sqrt.o)
                              CMakeFiles/pico_booty.dir/usr/src/pico-sdk/src/rp2_common/pico_float/float_math.c.o (sqrtf)
/usr/src/arm-gnu-toolchain/bin/../lib/gcc/arm-none-eabi/15.2.1/../../../../arm-none-eabi/lib/thumb/v8-m.main+fp/softfp/libm.a(libm_a-ef_sqrt.o)
                              /usr/src/arm-gnu-toolchain/bin/../lib/gcc/arm-none-eabi/15.2.1/../../../../arm-none-eabi/lib/thumb/v8-m.main+fp/softfp/libm.a(libm_a-wf_sqrt.o) (__ieee754_sqrtf)
/usr/src/arm-gnu-toolchain/bin/../lib/gcc/arm-none-eabi/15.2.1/thumb/v8-m.main+fp/softfp/libgcc.a(_arm_addsubdf3.o)
                              CMakeFiles/pico_booty.dir/usr/src/pico-sdk/src/rp2_common/pico_float/float_math.c.o (__aeabi_f2d)
/usr/src/arm-gnu-toolchain/bin/../lib/gcc/arm-none-eabi/15.2.1/thumb/v8-m.main+fp/softfp/libgcc.a(_aeabi_ldivmod.o)
                              CMakeFiles/pico_booty.dir/usr/src/pico-sdk/src/common/pico_time/time.c.o (__aeabi_ldivmod)
/usr/src/arm-gnu-toolchain/bin/../lib/gcc/arm-none-eabi/15.2.1/thumb/v8-m.main+fp/softfp/libgcc.a(_aeabi_uldivmod.o)
                              CMakeFiles/pico_booty.dir/usr/src/pico-sdk/src/rp2_common/hardware_clocks/clocks.c.o (__aeabi_uldivmod)
/usr/src/arm-gnu-toolchain/bin/../lib/gcc/arm-none-eabi/15.2.1/thumb/v8-m.main+fp/softfp/libgcc.a(_udivmoddi4.o)
                              /usr/src/arm-gnu-toolchain/bin/../lib/gcc/arm-none-eabi/15.2.1/thumb/v8-m.main+fp/softfp/libgcc.a(_aeabi_ldivmod.o) (__udivmoddi4)
/usr/src/arm-gnu-toolchain/bin/../lib/gcc/arm-none-eabi/15.2.1/thumb/v8-m.main+fp/softfp/libgcc.a(_dvmd_tls.o)
                              /usr/src/arm-gnu-toolchain/bin/../lib/gcc/arm-none-eabi/15.2.1/thumb/v8-m.main+fp/softfp/libgcc.a(_aeabi_ldivmod.o) (__aeabi_ldiv0)
/usr/src/arm-gnu-toolchain/bin/../lib/gcc/arm-none-eabi/15.2.1/../../../../arm-none-eabi/lib/thumb/v8-m.main+fp/softfp/libg.a(libc_a-calloc.o)
                              CMakeFiles/pico_booty.dir/usr/src/pico-sdk/src/rp2_common/pico_malloc/malloc.c.o (calloc)
/usr/src/arm-gnu-toolchain/bin/../lib/gcc/arm-none-eabi/15.2.1/../../../../arm-none-eabi/lib/thumb/v8-m.main+fp/softfp/libg.a(libc_a-callocr.o)
                              /usr/src/arm-gnu-toolchain/bin/../lib/gcc/arm-none-eabi/15.2.1/../../../../arm-none-eabi/lib/thumb/v8-m.main+fp/softfp/libg.a(libc_a-calloc.o) (_calloc_r)
/usr/src/arm-gnu-toolchain/bin/../lib/gcc/arm-none-eabi/15.2.1/../../../../arm-none-eabi/lib/thumb/v8-m.main+fp/softfp/libg.a(libc_a-malloc.o)
                              CMakeFiles/pico_booty.dir/usr/src/pico-sdk/src/rp2_common/pico_malloc/malloc.c.o (malloc)
/usr/src/arm-gnu-toolchain/bin/../lib/gcc/arm-none-eabi/15.2.1/../../../../arm-none-eabi/lib/thumb/v8-m.main+fp/softfp/libg.a(libc_a-mallocr.o)
                              /usr/src/arm-gnu-toolchain/bin/../lib/gcc/arm-none-eabi/15.2.1/../../../../arm-none-eabi/lib/thumb/v8-m.main+fp/softfp/libg.a(libc_a-callocr.o) (_malloc_r)
/usr/src/arm-gnu-toolchain/bin/../lib/gcc/arm-none-eabi/15.2.1/../../../../arm-none-eabi/lib/thumb/v8-m.main+fp/softfp/libg.a(libc_a-mlock.o)
                              /usr/src/arm-gnu-toolchain/bin/../lib/gcc/arm-none-eabi/15.2.1/../../../../arm-none-eabi/lib/thumb/v8-m.main+fp/softfp/libg.a(libc_a-mallocr.o) (__malloc_lock)
/usr/src/arm-gnu-toolchain/bin/../lib/gcc/arm-none-eabi/15.2.1/../../../../arm-none-eabi/lib/thumb/v8-m.main+fp/softfp/libg.a(libc_a-realloc.o)
                              CMakeFiles/pico_booty.dir/usr/src/pico-sdk/src/rp2_common/pico_malloc/malloc.c.o (realloc)
/usr/src/arm-gnu-toolchain/bin/../lib/gcc/arm-none-eabi/15.2.1/../../../../arm-none-eabi/lib/thumb/v8-m.main+fp/softfp/libg.a(libc_a-reallocr.o)
                              /usr/src/arm-gnu-toolchain/bin/../lib/gcc/arm-none-eabi/15.2.1/../../../../arm-none-eabi/lib/thumb/v8-m.main+fp/softfp/libg.a(libc_a-realloc.o) (_realloc_r)
/usr/src/arm-gnu-toolchain/bin/../lib/gcc/arm-none-eabi/15.2.1/../../../../arm-none-eabi/lib/thumb/v8-m.main+fp/softfp/libg.a(libc_a-memcmp.o)
                              CMakeFiles/pico_booty.dir/usr/src/pico-sdk/src/rp2_common/pico_atomic/atomic.c.o (memcmp)
/usr/src/arm-gnu-toolchain/bin/../lib/gcc/arm-none-eabi/15.2.1/../../../../arm-none-eabi/lib/thumb/v8-m.main+fp/softfp/libg.a(libc_a-memmove.o)
                              /usr/src/arm-gnu-toolchain/bin/../lib/gcc/arm-none-eabi/15.2.1/../../../../arm-none-eabi/lib/thumb/v8-m.main+fp/softfp/libg.a(libc_a-reallocr.o) (memmove)
/usr/src/arm-gnu-toolchain/bin/../lib/gcc/arm-none-eabi/15.2.1/../../../../arm-none-eabi/lib/thumb/v8-m.main+fp/softfp/libg.a(libc_a-memset.o)
                              /usr/src/arm-gnu-toolchain/bin/../lib/gcc/arm-none-eabi/15.2.1/../../../../arm-none-eabi/lib/thumb/v8-m.main+fp/softfp/crt0.o (memset)
[...]
Memory Configuration

Name             Origin             Length             Attributes
FLASH            0x10000000         0x00400000         xr
RAM              0x20000000         0x00080000         xrw
SCRATCH_X        0x20080000         0x00001000         xrw
SCRATCH_Y        0x20081000         0x00001000         xrw
*default*        0x00000000         0xffffffff

Linker script and memory map

LOAD /usr/src/arm-gnu-toolchain/bin/../lib/gcc/arm-none-eabi/15.2.1/thumb/v8-m.main+fp/softfp/crti.o
LOAD /usr/src/arm-gnu-toolchain/bin/../lib/gcc/arm-none-eabi/15.2.1/thumb/v8-m.main+fp/softfp/crtbegin.o
LOAD /usr/src/arm-gnu-toolchain/bin/../lib/gcc/arm-none-eabi/15.2.1/../../../../arm-none-eabi/lib/thumb/v8-m.main+fp/softfp/crt0.o

.flash_begin    0x10000000        0x0
                0x10000000                        __flash_binary_start = .

.text           0x10000000     0x4320
                0x10000000                        __logical_binary_start = .
 *(.vectors)
 .vectors       0x10000000      0x124 CMakeFiles/pico_booty.dir/usr/src/pico-sdk/src/rp2_common/pico_crt0/crt0.S.o
                0x10000000                __vectors
                0x10000000                __VECTOR_TABLE
                0x10000110                isr_securefault
                0x10000110                isr_irq30
                0x10000110                __unhandled_user_irq
                0x10000110                isr_irq49
                0x10000110                isr_irq13
                0x10000110                isr_irq43
                0x10000110                isr_irq45
                0x10000110                isr_irq27
                0x10000110                isr_irq32
                0x10000110                isr_irq31
                0x10000110                isr_irq5
                0x10000110                isr_irq11
                0x10000110                isr_irq23
                0x10000110                isr_usagefault
                0x10000110                isr_irq48
                0x10000110                isr_irq35
                0x10000110                isr_irq18
                0x10000110                isr_irq50
                0x10000110                isr_irq40
                0x10000110                isr_irq28
                0x10000110                isr_irq19
                0x10000110                isr_irq36
                0x10000110                isr_irq41
                0x10000110                isr_irq0
                0x10000110                isr_irq6
                0x10000110                isr_memmanage
                0x10000110                isr_irq37
                0x10000110                isr_irq42
                0x10000110                isr_irq22
                0x10000110                isr_irq17
                0x10000110                isr_irq38
                0x10000110                isr_irq14
                0x10000110                __vectors_end
                0x10000110                __default_isrs_start
                0x10000110                isr_irq2
                0x10000110                isr_irq10
                0x10000110                isr_irq8
                0x10000110                isr_debugmonitor
                0x10000110                isr_irq24
                0x10000110                isr_irq46
                0x10000110                isr_irq1
                0x10000110                isr_irq47
                0x10000110                isr_irq51
                0x10000110                isr_irq7
                0x10000110                isr_irq21
                0x10000110                isr_irq39
                0x10000110                isr_irq20
                0x10000110                isr_irq15
                0x10000110                isr_irq25
                0x10000110                isr_irq34
                0x10000110                isr_irq4
                0x10000110                isr_busfault
                0x10000110                isr_irq16
                0x10000110                isr_irq44
                0x10000110                isr_irq29
                0x10000110                isr_irq26
                0x10000110                isr_irq33
                0x10000110                isr_irq3
                0x10000110                isr_irq12
                0x10000110                isr_irq9
                0x10000116                unhandled_user_irq_num_in_r0
                0x10000118                isr_invalid
                0x1000011a                isr_nmi
                0x1000011c                isr_hardfault
                0x1000011e                isr_svcall
                0x10000120                isr_pendsv
                0x10000122                isr_systick
                0x10000124                __default_isrs_end
 *(.binary_info_header)
 .binary_info_header
                0x10000124       0x14 CMakeFiles/pico_booty.dir/usr/src/pico-sdk/src/rp2_common/pico_crt0/crt0.S.o
                0x10000138                        __binary_info_header_end = .
 *(.embedded_block)
 .embedded_block
                0x10000138       0x14 CMakeFiles/pico_booty.dir/usr/src/pico-sdk/src/rp2_common/pico_crt0/crt0.S.o
                0x1000014c                        __embedded_block_end = .
 *(.reset)
 .reset         0x1000014c       0x98 CMakeFiles/pico_booty.dir/usr/src/pico-sdk/src/rp2_common/pico_crt0/crt0.S.o
                0x1000014c                _entry_point
 *(.init)
 .init          0x100001e4        0x4 /usr/src/arm-gnu-toolchain/bin/../lib/gcc/arm-none-eabi/15.2.1/thumb/v8-m.main+fp/softfp/crti.o
                0x100001e4                _init
 SORT_BY_NAME(REVERSE(*libgcc.a:cmse_nonsecure_call.o))()
 *(EXCLUDE_FILE(*libm.a: *libc.a:*lib_a-mem*.o *libgcc.a:) .text*)
 .text.register_tm_clones
                0x100001e8       0x28 /usr/src/arm-gnu-toolchain/bin/../lib/gcc/arm-none-eabi/15.2.1/thumb/v8-m.main+fp/softfp/crtbegin.o
 .text.frame_dummy
                0x10000210       0x24 /usr/src/arm-gnu-toolchain/bin/../lib/gcc/arm-none-eabi/15.2.1/thumb/v8-m.main+fp/softfp/crtbegin.o
 .text._Z15PIN_RSTCallbackjm
                0x10000234       0x60 CMakeFiles/pico_booty.dir/pico_booty.cpp.o
                0x10000234                PIN_RSTCallback(unsigned int, unsigned long)
 .text._Z7initDMAPVKvj
                0x10000294       0x30 CMakeFiles/pico_booty.dir/pico_booty.cpp.o
                0x10000294                initDMA(void const volatile*, unsigned int)
 .text._Z19initParallelProgramP8pio_hw_thh
                0x100002c4       0xe4 CMakeFiles/pico_booty.dir/pico_booty.cpp.o
                0x100002c4                initParallelProgram(pio_hw_t*, unsigned char, unsigned char)
 .text.startup.main
                0x100003a8      0x120 CMakeFiles/pico_booty.dir/pico_booty.cpp.o
                0x100003a8                main
 .text.dma_channel_unclaim
                0x100004c8        0xc CMakeFiles/pico_booty.dir/usr/src/pico-sdk/src/rp2_common/hardware_dma/dma.c.o
                0x100004c8                dma_channel_unclaim
 .text.dma_claim_unused_channel
                0x100004d4       0x20 CMakeFiles/pico_booty.dir/usr/src/pico-sdk/src/rp2_common/hardware_dma/dma.c.o
                0x100004d4                dma_claim_unused_channel
 .text.panic    0x100004f4       0x2c CMakeFiles/pico_booty.dir/usr/src/pico-sdk/src/rp2_common/pico_platform_panic/panic.c.o
                0x100004f4                panic
 .text.hw_claim_lock
                0x10000520       0x24 CMakeFiles/pico_booty.dir/usr/src/pico-sdk/src/common/hardware_claim/claim.c.o
                0x10000520                hw_claim_lock
 .text.hw_claim_unlock
                0x10000544       0x14 CMakeFiles/pico_booty.dir/usr/src/pico-sdk/src/common/hardware_claim/claim.c.o
                0x10000544                hw_claim_unlock
 .text.hw_is_claimed
                0x10000558       0x16 CMakeFiles/pico_booty.dir/usr/src/pico-sdk/src/common/hardware_claim/claim.c.o
                0x10000558                hw_is_claimed
 .text.hw_claim_or_assert
                0x1000056e       0x3a CMakeFiles/pico_booty.dir/usr/src/pico-sdk/src/common/hardware_claim/claim.c.o
                0x1000056e                hw_claim_or_assert
 .text.hw_claim_unused_from_range
                0x100005a8       0x52 CMakeFiles/pico_booty.dir/usr/src/pico-sdk/src/common/hardware_claim/claim.c.o
                0x100005a8                hw_claim_unused_from_range
 .text.hw_claim_clear
                0x100005fa       0x24 CMakeFiles/pico_booty.dir/usr/src/pico-sdk/src/common/hardware_claim/claim.c.o
                0x100005fa                hw_claim_clear
 *fill*         0x1000061e        0x2 
 .text.next_striped_spin_lock_num
                0x10000620       0x18 CMakeFiles/pico_booty.dir/usr/src/pico-sdk/src/rp2_common/hardware_sync/sync.c.o
                0x10000620                next_striped_spin_lock_num
 .text.spin_lock_claim_unused
                0x10000638       0x20 CMakeFiles/pico_booty.dir/usr/src/pico-sdk/src/rp2_common/hardware_sync/sync.c.o
                0x10000638                spin_lock_claim_unused
 .text.spinlock_set_extexclall
                0x10000658        0xe CMakeFiles/pico_booty.dir/usr/src/pico-sdk/src/rp2_common/hardware_sync_spin_lock/sync_spin_lock.c.o
 *fill*         0x10000666        0x2 
 .text.spin_locks_reset
                0x10000668       0x18 CMakeFiles/pico_booty.dir/usr/src/pico-sdk/src/rp2_common/hardware_sync_spin_lock/sync_spin_lock.c.o
                0x10000668                spin_locks_reset
 .text.add_program_at_offset_check
                0x10000680       0x54 CMakeFiles/pico_booty.dir/usr/src/pico-sdk/src/rp2_common/hardware_pio/pio.c.o
 .text.add_program_at_offset
                0x100006d4       0x54 CMakeFiles/pico_booty.dir/usr/src/pico-sdk/src/rp2_common/hardware_pio/pio.c.o
 .text.find_offset_for_program.isra.0
                0x10000728       0x54 CMakeFiles/pico_booty.dir/usr/src/pico-sdk/src/rp2_common/hardware_pio/pio.c.o
 .text.pio_add_program
                0x1000077c       0x32 CMakeFiles/pico_booty.dir/usr/src/pico-sdk/src/rp2_common/hardware_pio/pio.c.o
                0x1000077c                pio_add_program
 .text.pio_sm_set_consecutive_pindirs
                0x100007ae       0x7a CMakeFiles/pico_booty.dir/usr/src/pico-sdk/src/rp2_common/hardware_pio/pio.c.o
                0x100007ae                pio_sm_set_consecutive_pindirs
 .text.pio_sm_init
                0x10000828       0x8a CMakeFiles/pico_booty.dir/usr/src/pico-sdk/src/rp2_common/hardware_pio/pio.c.o
                0x10000828                pio_sm_init
 *fill*         0x100008b2        0x2 
 .text._gpio_set_irq_enabled
                0x100008b4       0x30 CMakeFiles/pico_booty.dir/usr/src/pico-sdk/src/rp2_common/hardware_gpio/gpio.c.o
 .text.gpio_default_irq_handler
                0x100008e4       0x8c CMakeFiles/pico_booty.dir/usr/src/pico-sdk/src/rp2_common/hardware_gpio/gpio.c.o
 .text.gpio_set_function
                0x10000970       0x38 CMakeFiles/pico_booty.dir/usr/src/pico-sdk/src/rp2_common/hardware_gpio/gpio.c.o
                0x10000970                gpio_set_function
 .text.gpio_set_slew_rate
                0x100009a8       0x1c CMakeFiles/pico_booty.dir/usr/src/pico-sdk/src/rp2_common/hardware_gpio/gpio.c.o
                0x100009a8                gpio_set_slew_rate
 .text.gpio_set_drive_strength
                0x100009c4       0x20 CMakeFiles/pico_booty.dir/usr/src/pico-sdk/src/rp2_common/hardware_gpio/gpio.c.o
                0x100009c4                gpio_set_drive_strength
 .text.gpio_set_irq_enabled
                0x100009e4       0x20 CMakeFiles/pico_booty.dir/usr/src/pico-sdk/src/rp2_common/hardware_gpio/gpio.c.o
                0x100009e4                gpio_set_irq_enabled
 .text.gpio_set_irq_callback
                0x10000a04       0x40 CMakeFiles/pico_booty.dir/usr/src/pico-sdk/src/rp2_common/hardware_gpio/gpio.c.o
                0x10000a04                gpio_set_irq_callback
 .text.gpio_set_irq_enabled_with_callback
                0x10000a44       0x28 CMakeFiles/pico_booty.dir/usr/src/pico-sdk/src/rp2_common/hardware_gpio/gpio.c.o
                0x10000a44                gpio_set_irq_enabled_with_callback
 .text.gpio_set_input_enabled
                0x10000a6c       0x1c CMakeFiles/pico_booty.dir/usr/src/pico-sdk/src/rp2_common/hardware_gpio/gpio.c.o
                0x10000a6c                gpio_set_input_enabled
 .text.gpio_init
                0x10000a88       0x12 CMakeFiles/pico_booty.dir/usr/src/pico-sdk/src/rp2_common/hardware_gpio/gpio.c.o
                0x10000a88                gpio_init
 *fill*         0x10000a9a        0x2 
 .text.set_raw_irq_handler_and_unlock
                0x10000a9c       0x24 CMakeFiles/pico_booty.dir/usr/src/pico-sdk/src/rp2_common/hardware_irq/irq.c.o
 .text.runtime_init_per_core_irq_priorities
                0x10000ac0       0x20 CMakeFiles/pico_booty.dir/usr/src/pico-sdk/src/rp2_common/hardware_irq/irq.c.o
                0x10000ac0                runtime_init_per_core_irq_priorities
 .text.irq_set_enabled
                0x10000ae0       0x2c CMakeFiles/pico_booty.dir/usr/src/pico-sdk/src/rp2_common/hardware_irq/irq.c.o
                0x10000ae0                irq_set_enabled
 .text.irq_is_enabled
                0x10000b0c       0x20 CMakeFiles/pico_booty.dir/usr/src/pico-sdk/src/rp2_common/hardware_irq/irq.c.o
                0x10000b0c                irq_is_enabled
 .text.irq_set_pending
                0x10000b2c       0x18 CMakeFiles/pico_booty.dir/usr/src/pico-sdk/src/rp2_common/hardware_irq/irq.c.o
                0x10000b2c                irq_set_pending
 .text.irq_get_vtable_handler
                0x10000b44       0x10 CMakeFiles/pico_booty.dir/usr/src/pico-sdk/src/rp2_common/hardware_irq/irq.c.o
                0x10000b44                irq_get_vtable_handler
 .text.irq_has_shared_handler
                0x10000b54       0x18 CMakeFiles/pico_booty.dir/usr/src/pico-sdk/src/rp2_common/hardware_irq/irq.c.o
                0x10000b54                irq_has_shared_handler
 .text.irq_set_exclusive_handler
                0x10000b6c       0x4c CMakeFiles/pico_booty.dir/usr/src/pico-sdk/src/rp2_common/hardware_irq/irq.c.o
                0x10000b6c                irq_set_exclusive_handler
 .text.irq_add_shared_handler
                0x10000bb8      0x1c4 CMakeFiles/pico_booty.dir/usr/src/pico-sdk/src/rp2_common/hardware_irq/irq.c.o
                0x10000bb8                irq_add_shared_handler
 .text.irq_remove_handler
                0x10000d7c      0x170 CMakeFiles/pico_booty.dir/usr/src/pico-sdk/src/rp2_common/hardware_irq/irq.c.o
                0x10000d7c                irq_remove_handler
 .text.irq_add_tail_to_free_list
                0x10000eec       0xa4 CMakeFiles/pico_booty.dir/usr/src/pico-sdk/src/rp2_common/hardware_irq/irq.c.o
                0x10000eec                irq_add_tail_to_free_list
 .text.user_irq_claim_unused
                0x10000f90       0x28 CMakeFiles/pico_booty.dir/usr/src/pico-sdk/src/rp2_common/hardware_irq/irq.c.o
                0x10000f90                user_irq_claim_unused
 .text.lock_init
                0x10000fb8        0xc CMakeFiles/pico_booty.dir/usr/src/pico-sdk/src/common/pico_sync/lock_core.c.o
                0x10000fb8                lock_init
 .text.mutex_init
                0x10000fc4       0x1a CMakeFiles/pico_booty.dir/usr/src/pico-sdk/src/common/pico_sync/mutex.c.o
                0x10000fc4                mutex_init
 .text.recursive_mutex_init
                0x10000fde       0x1a CMakeFiles/pico_booty.dir/usr/src/pico-sdk/src/common/pico_sync/mutex.c.o
                0x10000fde                recursive_mutex_init
 .text.runtime_init_mutex
                0x10000ff8       0x2c CMakeFiles/pico_booty.dir/usr/src/pico-sdk/src/common/pico_sync/mutex.c.o
                0x10000ff8                runtime_init_mutex
 .text.critical_section_init
                0x10001024       0x1c CMakeFiles/pico_booty.dir/usr/src/pico-sdk/src/common/pico_sync/critical_section.c.o
                0x10001024                critical_section_init
 .text.critical_section_init_with_lock_num
                0x10001040       0x10 CMakeFiles/pico_booty.dir/usr/src/pico-sdk/src/common/pico_sync/critical_section.c.o
                0x10001040                critical_section_init_with_lock_num
 .text.sleep_until_callback
                0x10001050       0x3c CMakeFiles/pico_booty.dir/usr/src/pico-sdk/src/common/pico_time/time.c.o
 *fill*         0x1000108c        0x4 
 .text.alarm_pool_irq_handler
                0x10001090      0x2b0 CMakeFiles/pico_booty.dir/usr/src/pico-sdk/src/common/pico_time/time.c.o
 .text.alarm_pool_post_alloc_init
                0x10001340       0x8c CMakeFiles/pico_booty.dir/usr/src/pico-sdk/src/common/pico_time/time.c.o
 .text.runtime_init_default_alarm_pool
                0x100013cc       0x34 CMakeFiles/pico_booty.dir/usr/src/pico-sdk/src/common/pico_time/time.c.o
                0x100013cc                runtime_init_default_alarm_pool
 .text.time_reached
                0x10001400       0x24 CMakeFiles/pico_booty.dir/usr/src/pico-sdk/src/common/pico_time/time.c.o
 .text.alarm_pool_get_default
                0x10001424        0x8 CMakeFiles/pico_booty.dir/usr/src/pico-sdk/src/common/pico_time/time.c.o
                0x10001424                alarm_pool_get_default
 .text.alarm_pool_add_alarm_at_force_in_context
                0x1000142c       0xc2 CMakeFiles/pico_booty.dir/usr/src/pico-sdk/src/common/pico_time/time.c.o
                0x1000142c                alarm_pool_add_alarm_at_force_in_context
 .text.alarm_pool_add_alarm_at
                0x100014ee       0x3a CMakeFiles/pico_booty.dir/usr/src/pico-sdk/src/common/pico_time/time.c.o
                0x100014ee                alarm_pool_add_alarm_at
 .text.alarm_pool_cancel_alarm
                0x10001528       0x76 CMakeFiles/pico_booty.dir/usr/src/pico-sdk/src/common/pico_time/time.c.o
                0x10001528                alarm_pool_cancel_alarm
 .text.alarm_pool_core_num
                0x1000159e        0x4 CMakeFiles/pico_booty.dir/usr/src/pico-sdk/src/common/pico_time/time.c.o
                0x1000159e                alarm_pool_core_num
 *fill*         0x100015a2        0x2 
 .text.sleep_until
                0x100015a4       0xa4 CMakeFiles/pico_booty.dir/usr/src/pico-sdk/src/common/pico_time/time.c.o
                0x100015a4                sleep_until
 .text.sleep_us
                0x10001648       0x2e CMakeFiles/pico_booty.dir/usr/src/pico-sdk/src/common/pico_time/time.c.o
                0x10001648                sleep_us
 .text.sleep_ms
                0x10001676        0xc CMakeFiles/pico_booty.dir/usr/src/pico-sdk/src/common/pico_time/time.c.o
                0x10001676                sleep_ms
 *fill*         0x10001682        0x2 
 .text.best_effort_wfe_or_timeout
                0x10001684       0x84 CMakeFiles/pico_booty.dir/usr/src/pico-sdk/src/common/pico_time/time.c.o
                0x10001684                best_effort_wfe_or_timeout
 .text.timer_hardware_alarm_claim
                0x10001708       0x24 CMakeFiles/pico_booty.dir/usr/src/pico-sdk/src/rp2_common/hardware_timer/timer.c.o
                0x10001708                timer_hardware_alarm_claim
 .text.timer_time_us_64
                0x1000172c       0x10 CMakeFiles/pico_booty.dir/usr/src/pico-sdk/src/rp2_common/hardware_timer/timer.c.o
                0x1000172c                timer_time_us_64
 .text.timer_busy_wait_until
                0x1000173c       0x16 CMakeFiles/pico_booty.dir/usr/src/pico-sdk/src/rp2_common/hardware_timer/timer.c.o
                0x1000173c                timer_busy_wait_until
 *fill*         0x10001752        0x2 
 .text.time_us_64
                0x10001754        0xc CMakeFiles/pico_booty.dir/usr/src/pico-sdk/src/rp2_common/hardware_timer/timer.c.o
                0x10001754                time_us_64
 .text.busy_wait_until
                0x10001760       0x10 CMakeFiles/pico_booty.dir/usr/src/pico-sdk/src/rp2_common/hardware_timer/timer.c.o
                0x10001760                busy_wait_until
 .text.clock_configure_internal
                0x10001770       0xa0 CMakeFiles/pico_booty.dir/usr/src/pico-sdk/src/rp2_common/hardware_clocks/clocks.c.o
 .text.clock_configure_undivided
                0x10001810       0x10 CMakeFiles/pico_booty.dir/usr/src/pico-sdk/src/rp2_common/hardware_clocks/clocks.c.o
                0x10001810                clock_configure_undivided
 .text.clock_get_hz
                0x10001820        0xc CMakeFiles/pico_booty.dir/usr/src/pico-sdk/src/rp2_common/hardware_clocks/clocks.c.o
                0x10001820                clock_get_hz
 .text.pll_init
                0x1000182c       0x88 CMakeFiles/pico_booty.dir/usr/src/pico-sdk/src/rp2_common/hardware_pll/pll.c.o
                0x1000182c                pll_init
 .text.watchdog_update
                0x100018b4       0x14 CMakeFiles/pico_booty.dir/usr/src/pico-sdk/src/rp2_common/hardware_watchdog/watchdog.c.o
                0x100018b4                watchdog_update
 .text._watchdog_enable
                0x100018c8       0x5c CMakeFiles/pico_booty.dir/usr/src/pico-sdk/src/rp2_common/hardware_watchdog/watchdog.c.o
                0x100018c8                _watchdog_enable
 .text.watchdog_reboot
                0x10001924       0x40 CMakeFiles/pico_booty.dir/usr/src/pico-sdk/src/rp2_common/hardware_watchdog/watchdog.c.o
                0x10001924                watchdog_reboot
 .text.tick_start
                0x10001964       0x14 CMakeFiles/pico_booty.dir/usr/src/pico-sdk/src/rp2_common/hardware_ticks/ticks.c.o
                0x10001964                tick_start
 .text.rom_reboot.constprop.0.isra.0
                0x10001978       0x32 CMakeFiles/pico_booty.dir/usr/src/pico-sdk/src/rp2_common/pico_bootrom/bootrom.c.o
 .text.rom_func_lookup
                0x100019aa       0x14 CMakeFiles/pico_booty.dir/usr/src/pico-sdk/src/rp2_common/pico_bootrom/bootrom.c.o
                0x100019aa                rom_func_lookup
 .text.rom_reset_usb_boot_extra
                0x100019be       0x1a CMakeFiles/pico_booty.dir/usr/src/pico-sdk/src/rp2_common/pico_bootrom/bootrom.c.o
                0x100019be                rom_reset_usb_boot_extra
 .text.runtime_init_bootrom_locking_enable
                0x100019d8       0x14 CMakeFiles/pico_booty.dir/usr/src/pico-sdk/src/rp2_common/pico_bootrom/bootrom_lock.c.o
                0x100019d8                runtime_init_bootrom_locking_enable
 .text.boot_locks_reset
                0x100019ec       0x1c CMakeFiles/pico_booty.dir/usr/src/pico-sdk/src/rp2_common/hardware_boot_lock/boot_lock.c.o
                0x100019ec                boot_locks_reset
 .text.runtime_init_boot_locks_reset
                0x10001a08        0x4 CMakeFiles/pico_booty.dir/usr/src/pico-sdk/src/rp2_common/hardware_boot_lock/boot_lock.c.o
                0x10001a08                runtime_init_boot_locks_reset
 .text.xosc_init
                0x10001a0c       0x28 CMakeFiles/pico_booty.dir/usr/src/pico-sdk/src/rp2_common/hardware_xosc/xosc.c.o
                0x10001a0c                xosc_init
 .text.first_per_core_initializer
                0x10001a34        0x2 CMakeFiles/pico_booty.dir/usr/src/pico-sdk/src/rp2_common/pico_runtime/runtime.c.o
 *fill*         0x10001a36        0x2 
 .text.hard_assertion_failure
                0x10001a38        0xc CMakeFiles/pico_booty.dir/usr/src/pico-sdk/src/rp2_common/pico_runtime/runtime.c.o
                0x10001a38                hard_assertion_failure
 .text.runtime_run_initializers
                0x10001a44       0x1c CMakeFiles/pico_booty.dir/usr/src/pico-sdk/src/rp2_common/pico_runtime/runtime.c.o
                0x10001a44                runtime_run_initializers
 .text.runtime_init_early_resets
                0x10001a60       0x2c CMakeFiles/pico_booty.dir/usr/src/pico-sdk/src/rp2_common/pico_runtime_init/runtime_init.c.o
                0x10001a60                runtime_init_early_resets
 .text.runtime_init_usb_power_down
                0x10001a8c       0x1c CMakeFiles/pico_booty.dir/usr/src/pico-sdk/src/rp2_common/pico_runtime_init/runtime_init.c.o
                0x10001a8c                runtime_init_usb_power_down
 .text.runtime_init_per_core_enable_coprocessors
                0x10001aa8       0x1c CMakeFiles/pico_booty.dir/usr/src/pico-sdk/src/rp2_common/pico_runtime_init/runtime_init.c.o
                0x10001aa8                runtime_init_per_core_enable_coprocessors
 .text.runtime_init_post_clock_resets
                0x10001ac4       0x20 CMakeFiles/pico_booty.dir/usr/src/pico-sdk/src/rp2_common/pico_runtime_init/runtime_init.c.o
                0x10001ac4                runtime_init_post_clock_resets
 .text.runtime_init_bootrom_reset
                0x10001ae4       0x14 CMakeFiles/pico_booty.dir/usr/src/pico-sdk/src/rp2_common/pico_runtime_init/runtime_init.c.o
                0x10001ae4                runtime_init_bootrom_reset
 .text.runtime_init_per_core_bootrom_reset
                0x10001af8       0x14 CMakeFiles/pico_booty.dir/usr/src/pico-sdk/src/rp2_common/pico_runtime_init/runtime_init.c.o
                0x10001af8                runtime_init_per_core_bootrom_reset
 .text.runtime_init_spin_locks_reset
                0x10001b0c        0x4 CMakeFiles/pico_booty.dir/usr/src/pico-sdk/src/rp2_common/pico_runtime_init/runtime_init.c.o
                0x10001b0c                runtime_init_spin_locks_reset
 .text.runtime_init_install_ram_vector_table
                0x10001b10       0x44 CMakeFiles/pico_booty.dir/usr/src/pico-sdk/src/rp2_common/pico_runtime_init/runtime_init.c.o
                0x10001b10                runtime_init_install_ram_vector_table
 .text.runtime_init_clocks
                0x10001b54       0xd4 CMakeFiles/pico_booty.dir/usr/src/pico-sdk/src/rp2_common/pico_runtime_init/runtime_init_clocks.c.o
                0x10001b54                runtime_init_clocks
 .text._out_char
                0x10001c28        0x8 CMakeFiles/pico_booty.dir/usr/src/pico-sdk/src/rp2_common/pico_printf/printf.c.o
 .text.weak_raw_vprintf
                0x10001c30       0x2c CMakeFiles/pico_booty.dir/usr/src/pico-sdk/src/rp2_common/pico_printf/printf.c.o
                0x10001c30                weak_raw_vprintf
 .text._exit    0x10001c5c        0x4 CMakeFiles/pico_booty.dir/usr/src/pico-sdk/src/rp2_common/pico_clib_interface/newlib_interface.c.o
                0x10001c5c                _exit
 .text.exit     0x10001c60        0x6 CMakeFiles/pico_booty.dir/usr/src/pico-sdk/src/rp2_common/pico_clib_interface/newlib_interface.c.o
                0x10001c60                exit
 *fill*         0x10001c66        0x2 
 .text.runtime_init
                0x10001c68       0x20 CMakeFiles/pico_booty.dir/usr/src/pico-sdk/src/rp2_common/pico_clib_interface/newlib_interface.c.o
                0x10001c68                runtime_init
 .text.stdio_out_chars_no_crlf
                0x10001c88        0xa CMakeFiles/pico_booty.dir/usr/src/pico-sdk/src/rp2_common/pico_stdio/stdio.c.o
 *fill*         0x10001c92        0x2 
 .text.stdio_out_chars_crlf
                0x10001c94       0x88 CMakeFiles/pico_booty.dir/usr/src/pico-sdk/src/rp2_common/pico_stdio/stdio.c.o
 .text.stdout_serialize_begin
                0x10001d1c       0x38 CMakeFiles/pico_booty.dir/usr/src/pico-sdk/src/rp2_common/pico_stdio/stdio.c.o
                0x10001d1c                stdout_serialize_begin
 .text.stdout_serialize_end
                0x10001d54        0xc CMakeFiles/pico_booty.dir/usr/src/pico-sdk/src/rp2_common/pico_stdio/stdio.c.o
                0x10001d54                stdout_serialize_end
 .text.stdio_put_string
                0x10001d60       0x88 CMakeFiles/pico_booty.dir/usr/src/pico-sdk/src/rp2_common/pico_stdio/stdio.c.o
                0x10001d60                stdio_put_string
 .text.stdio_set_driver_enabled
                0x10001de8       0x2c CMakeFiles/pico_booty.dir/usr/src/pico-sdk/src/rp2_common/pico_stdio/stdio.c.o
                0x10001de8                stdio_set_driver_enabled
 .text.stdio_flush
                0x10001e14       0x18 CMakeFiles/pico_booty.dir/usr/src/pico-sdk/src/rp2_common/pico_stdio/stdio.c.o
                0x10001e14                stdio_flush
 .text.stdio_init_all
                0x10001e2c        0x4 CMakeFiles/pico_booty.dir/usr/src/pico-sdk/src/rp2_common/pico_stdio/stdio.c.o
                0x10001e2c                stdio_init_all
 .text.__wrap_putchar
                0x10001e30       0x1c CMakeFiles/pico_booty.dir/usr/src/pico-sdk/src/rp2_common/pico_stdio/stdio.c.o
                0x10001e30                stdio_putchar
                0x10001e30                __wrap_putchar
 .text.__wrap_puts
                0x10001e4c       0x1e CMakeFiles/pico_booty.dir/usr/src/pico-sdk/src/rp2_common/pico_stdio/stdio.c.o
                0x10001e4c                __wrap_puts
                0x10001e4c                stdio_puts
 .text.resetd_init
                0x10001e6a        0x2 CMakeFiles/pico_booty.dir/usr/src/pico-sdk/src/rp2_common/pico_stdio_usb/reset_interface.c.o
 .text.resetd_reset
                0x10001e6c        0xc CMakeFiles/pico_booty.dir/usr/src/pico-sdk/src/rp2_common/pico_stdio_usb/reset_interface.c.o
 .text.resetd_open
                0x10001e78       0x28 CMakeFiles/pico_booty.dir/usr/src/pico-sdk/src/rp2_common/pico_stdio_usb/reset_interface.c.o
 .text.resetd_xfer_cb
                0x10001ea0        0x4 CMakeFiles/pico_booty.dir/usr/src/pico-sdk/src/rp2_common/pico_stdio_usb/reset_interface.c.o
 .text.resetd_control_xfer_cb
                0x10001ea4       0x4c CMakeFiles/pico_booty.dir/usr/src/pico-sdk/src/rp2_common/pico_stdio_usb/reset_interface.c.o
 .text.tud_descriptor_bos_cb
                0x10001ef0        0x8 CMakeFiles/pico_booty.dir/usr/src/pico-sdk/src/rp2_common/pico_stdio_usb/reset_interface.c.o
                0x10001ef0                tud_descriptor_bos_cb
 .text.tud_vendor_control_xfer_cb
                0x10001ef8       0x28 CMakeFiles/pico_booty.dir/usr/src/pico-sdk/src/rp2_common/pico_stdio_usb/reset_interface.c.o
                0x10001ef8                tud_vendor_control_xfer_cb
 .text.usbd_app_driver_get_cb
                0x10001f20        0xc CMakeFiles/pico_booty.dir/usr/src/pico-sdk/src/rp2_common/pico_stdio_usb/reset_interface.c.o
                0x10001f20                usbd_app_driver_get_cb
 .text.tud_cdc_line_coding_cb
                0x10001f2c       0x18 CMakeFiles/pico_booty.dir/usr/src/pico-sdk/src/rp2_common/pico_stdio_usb/reset_interface.c.o
                0x10001f2c                tud_cdc_line_coding_cb
 .text.stdio_usb_set_chars_available_callback
                0x10001f44       0x14 CMakeFiles/pico_booty.dir/usr/src/pico-sdk/src/rp2_common/pico_stdio_usb/stdio_usb.c.o
                0x10001f44                stdio_usb_set_chars_available_callback
 .text.timer_task
                0x10001f58       0x68 CMakeFiles/pico_booty.dir/usr/src/pico-sdk/src/rp2_common/pico_stdio_usb/stdio_usb.c.o
 .text.usb_irq  0x10001fc0        0xc CMakeFiles/pico_booty.dir/usr/src/pico-sdk/src/rp2_common/pico_stdio_usb/stdio_usb.c.o
 .text.stdio_usb_out_flush
                0x10001fcc       0x54 CMakeFiles/pico_booty.dir/usr/src/pico-sdk/src/rp2_common/pico_stdio_usb/stdio_usb.c.o
 .text.low_priority_worker_irq
                0x10002020       0xd0 CMakeFiles/pico_booty.dir/usr/src/pico-sdk/src/rp2_common/pico_stdio_usb/stdio_usb.c.o
 .text.stdio_usb_init
                0x100020f0       0xdc CMakeFiles/pico_booty.dir/usr/src/pico-sdk/src/rp2_common/pico_stdio_usb/stdio_usb.c.o
                0x100020f0                stdio_usb_init
 .text.stdio_usb_connected
                0x100021cc        0x6 CMakeFiles/pico_booty.dir/usr/src/pico-sdk/src/rp2_common/pico_stdio_usb/stdio_usb.c.o
                0x100021cc                stdio_usb_connected
 *fill*         0x100021d2        0x2 
 .text.stdio_usb_in_chars
                0x100021d4       0x84 CMakeFiles/pico_booty.dir/usr/src/pico-sdk/src/rp2_common/pico_stdio_usb/stdio_usb.c.o
                0x100021d4                stdio_usb_in_chars
 .text.stdio_usb_out_chars
                0x10002258       0xe0 CMakeFiles/pico_booty.dir/usr/src/pico-sdk/src/rp2_common/pico_stdio_usb/stdio_usb.c.o
 .text.tud_descriptor_device_cb
                0x10002338        0x8 CMakeFiles/pico_booty.dir/usr/src/pico-sdk/src/rp2_common/pico_stdio_usb/stdio_usb_descriptors.c.o
                0x10002338                tud_descriptor_device_cb
 .text.tud_descriptor_configuration_cb
                0x10002340        0x8 CMakeFiles/pico_booty.dir/usr/src/pico-sdk/src/rp2_common/pico_stdio_usb/stdio_usb_descriptors.c.o
                0x10002340                tud_descriptor_configuration_cb
 .text.tud_descriptor_string_cb
                0x10002348       0x5c CMakeFiles/pico_booty.dir/usr/src/pico-sdk/src/rp2_common/pico_stdio_usb/stdio_usb_descriptors.c.o
                0x10002348                tud_descriptor_string_cb
 .text.startup._retrieve_unique_id_on_boot
                0x100023a4       0x30 CMakeFiles/pico_booty.dir/usr/src/pico-sdk/src/rp2_common/pico_unique_id/unique_id.c.o
 .text.pico_get_unique_board_id_string
                0x100023d4       0x3c CMakeFiles/pico_booty.dir/usr/src/pico-sdk/src/rp2_common/pico_unique_id/unique_id.c.o
                0x100023d4                pico_get_unique_board_id_string
 .text.hw_endpoint_init
                0x10002410       0x80 CMakeFiles/pico_booty.dir/usr/src/pico-sdk/lib/tinyusb/src/portable/raspberrypi/rp2040/dcd_rp2040.c.o
 .text.hw_endpoint_alloc.isra.0
                0x10002490       0x30 CMakeFiles/pico_booty.dir/usr/src/pico-sdk/lib/tinyusb/src/portable/raspberrypi/rp2040/dcd_rp2040.c.o
 .text.dcd_init
                0x100024c0       0x68 CMakeFiles/pico_booty.dir/usr/src/pico-sdk/lib/tinyusb/src/portable/raspberrypi/rp2040/dcd_rp2040.c.o
                0x100024c0                dcd_init
 .text.dcd_int_enable
                0x10002528        0x8 CMakeFiles/pico_booty.dir/usr/src/pico-sdk/lib/tinyusb/src/portable/raspberrypi/rp2040/dcd_rp2040.c.o
                0x10002528                dcd_int_enable
 .text.dcd_set_address
                0x10002530       0x10 CMakeFiles/pico_booty.dir/usr/src/pico-sdk/lib/tinyusb/src/portable/raspberrypi/rp2040/dcd_rp2040.c.o
                0x10002530                dcd_set_address
 .text.dcd_sof_enable
                0x10002540       0x1c CMakeFiles/pico_booty.dir/usr/src/pico-sdk/lib/tinyusb/src/portable/raspberrypi/rp2040/dcd_rp2040.c.o
                0x10002540                dcd_sof_enable
 .text.dcd_edpt0_status_complete
                0x1000255c       0x1c CMakeFiles/pico_booty.dir/usr/src/pico-sdk/lib/tinyusb/src/portable/raspberrypi/rp2040/dcd_rp2040.c.o
                0x1000255c                dcd_edpt0_status_complete
 .text.dcd_edpt_open
                0x10002578       0x58 CMakeFiles/pico_booty.dir/usr/src/pico-sdk/lib/tinyusb/src/portable/raspberrypi/rp2040/dcd_rp2040.c.o
                0x10002578                dcd_edpt_open
 .text.dcd_edpt_close_all
                0x100025d0        0x4 CMakeFiles/pico_booty.dir/usr/src/pico-sdk/lib/tinyusb/src/portable/raspberrypi/rp2040/dcd_rp2040.c.o
                0x100025d0                dcd_edpt_close_all
 .text.dcd_edpt_xfer
                0x100025d4       0x24 CMakeFiles/pico_booty.dir/usr/src/pico-sdk/lib/tinyusb/src/portable/raspberrypi/rp2040/dcd_rp2040.c.o
                0x100025d4                dcd_edpt_xfer
 .text.dcd_edpt_stall
                0x100025f8       0x30 CMakeFiles/pico_booty.dir/usr/src/pico-sdk/lib/tinyusb/src/portable/raspberrypi/rp2040/dcd_rp2040.c.o
                0x100025f8                dcd_edpt_stall
 .text.dcd_edpt_clear_stall
                0x10002628       0x24 CMakeFiles/pico_booty.dir/usr/src/pico-sdk/lib/tinyusb/src/portable/raspberrypi/rp2040/dcd_rp2040.c.o
                0x10002628                dcd_edpt_clear_stall
 .text.rp2040_usb_init
                0x1000264c       0x40 CMakeFiles/pico_booty.dir/usr/src/pico-sdk/lib/tinyusb/src/portable/raspberrypi/rp2040/rp2040_usb.c.o
                0x1000264c                rp2040_usb_init
 .text.hw_endpoint_xfer_start
                0x1000268c       0x3c CMakeFiles/pico_booty.dir/usr/src/pico-sdk/lib/tinyusb/src/portable/raspberrypi/rp2040/rp2040_usb.c.o
                0x1000268c                hw_endpoint_xfer_start
 .text.configuration_reset
                0x100026c8       0x84 CMakeFiles/pico_booty.dir/usr/src/pico-sdk/lib/tinyusb/src/device/usbd.c.o
 .text.invoke_class_control
                0x1000274c       0x1c CMakeFiles/pico_booty.dir/usr/src/pico-sdk/lib/tinyusb/src/device/usbd.c.o
 .text.tud_event_hook_cb
                0x10002768        0x2 CMakeFiles/pico_booty.dir/usr/src/pico-sdk/lib/tinyusb/src/device/usbd.c.o
                0x10002768                tud_event_hook_cb
 .text.tud_sof_cb
                0x1000276a        0x2 CMakeFiles/pico_booty.dir/usr/src/pico-sdk/lib/tinyusb/src/device/usbd.c.o
                0x1000276a                tud_sof_cb
 .text.tud_descriptor_device_qualifier_cb
                0x1000276c        0x4 CMakeFiles/pico_booty.dir/usr/src/pico-sdk/lib/tinyusb/src/device/usbd.c.o
                0x1000276c                tud_descriptor_device_qualifier_cb
 .text.tud_descriptor_other_speed_configuration_cb
                0x10002770        0x4 CMakeFiles/pico_booty.dir/usr/src/pico-sdk/lib/tinyusb/src/device/usbd.c.o
                0x10002770                tud_descriptor_other_speed_configuration_cb
 .text.tud_mount_cb
                0x10002774        0x2 CMakeFiles/pico_booty.dir/usr/src/pico-sdk/lib/tinyusb/src/device/usbd.c.o
                0x10002774                tud_mount_cb
 .text.tud_umount_cb
                0x10002776        0x2 CMakeFiles/pico_booty.dir/usr/src/pico-sdk/lib/tinyusb/src/device/usbd.c.o
                0x10002776                tud_umount_cb
 .text.tud_suspend_cb
                0x10002778        0x2 CMakeFiles/pico_booty.dir/usr/src/pico-sdk/lib/tinyusb/src/device/usbd.c.o
                0x10002778                tud_suspend_cb
 .text.tud_resume_cb
                0x1000277a        0x2 CMakeFiles/pico_booty.dir/usr/src/pico-sdk/lib/tinyusb/src/device/usbd.c.o
                0x1000277a                tud_resume_cb
 .text.tud_mounted
                0x1000277c       0x10 CMakeFiles/pico_booty.dir/usr/src/pico-sdk/lib/tinyusb/src/device/usbd.c.o
                0x1000277c                tud_mounted
 .text.tud_suspended
                0x1000278c       0x10 CMakeFiles/pico_booty.dir/usr/src/pico-sdk/lib/tinyusb/src/device/usbd.c.o
                0x1000278c                tud_suspended
 .text.tud_rhport_init
                0x1000279c       0xe8 CMakeFiles/pico_booty.dir/usr/src/pico-sdk/lib/tinyusb/src/device/usbd.c.o
                0x1000279c                tud_rhport_init
 .text.usbd_edpt_open
                0x10002884       0x44 CMakeFiles/pico_booty.dir/usr/src/pico-sdk/lib/tinyusb/src/device/usbd.c.o
                0x10002884                usbd_edpt_open
 .text.usbd_open_edpt_pair
                0x100028c8       0x5c CMakeFiles/pico_booty.dir/usr/src/pico-sdk/lib/tinyusb/src/device/usbd.c.o
                0x100028c8                usbd_open_edpt_pair
 .text.usbd_edpt_claim
                0x10002924       0x20 CMakeFiles/pico_booty.dir/usr/src/pico-sdk/lib/tinyusb/src/device/usbd.c.o
                0x10002924                usbd_edpt_claim
 .text.usbd_edpt_release
                0x10002944       0x20 CMakeFiles/pico_booty.dir/usr/src/pico-sdk/lib/tinyusb/src/device/usbd.c.o
                0x10002944                usbd_edpt_release
 .text.usbd_edpt_xfer
                0x10002964       0x5c CMakeFiles/pico_booty.dir/usr/src/pico-sdk/lib/tinyusb/src/device/usbd.c.o
                0x10002964                usbd_edpt_xfer
 .text.usbd_edpt_stall
                0x100029c0       0x3c CMakeFiles/pico_booty.dir/usr/src/pico-sdk/lib/tinyusb/src/device/usbd.c.o
                0x100029c0                usbd_edpt_stall
 .text.usbd_edpt_clear_stall
                0x100029fc       0x3c CMakeFiles/pico_booty.dir/usr/src/pico-sdk/lib/tinyusb/src/device/usbd.c.o
                0x100029fc                usbd_edpt_clear_stall
 .text.usbd_edpt_stalled
                0x10002a38       0x1c CMakeFiles/pico_booty.dir/usr/src/pico-sdk/lib/tinyusb/src/device/usbd.c.o
                0x10002a38                usbd_edpt_stalled
 .text.tud_task_ext
                0x10002a54      0x670 CMakeFiles/pico_booty.dir/usr/src/pico-sdk/lib/tinyusb/src/device/usbd.c.o
                0x10002a54                tud_task_ext
 .text.data_stage_xact
                0x100030c4       0x54 CMakeFiles/pico_booty.dir/usr/src/pico-sdk/lib/tinyusb/src/device/usbd_control.c.o
 .text.status_stage_xact.isra.0
                0x10003118        0xe CMakeFiles/pico_booty.dir/usr/src/pico-sdk/lib/tinyusb/src/device/usbd_control.c.o
 *fill*         0x10003126        0x2 
 .text.tud_control_status
                0x10003128       0x24 CMakeFiles/pico_booty.dir/usr/src/pico-sdk/lib/tinyusb/src/device/usbd_control.c.o
                0x10003128                tud_control_status
 .text.tud_control_xfer
                0x1000314c       0x54 CMakeFiles/pico_booty.dir/usr/src/pico-sdk/lib/tinyusb/src/device/usbd_control.c.o
                0x1000314c                tud_control_xfer
 .text.usbd_control_reset
                0x100031a0       0x10 CMakeFiles/pico_booty.dir/usr/src/pico-sdk/lib/tinyusb/src/device/usbd_control.c.o
                0x100031a0                usbd_control_reset
 .text.usbd_control_set_complete_callback
                0x100031b0        0xc CMakeFiles/pico_booty.dir/usr/src/pico-sdk/lib/tinyusb/src/device/usbd_control.c.o
                0x100031b0                usbd_control_set_complete_callback
 .text.usbd_control_set_request
                0x100031bc       0x18 CMakeFiles/pico_booty.dir/usr/src/pico-sdk/lib/tinyusb/src/device/usbd_control.c.o
                0x100031bc                usbd_control_set_request
 .text.usbd_control_xfer_cb
                0x100031d4       0xb0 CMakeFiles/pico_booty.dir/usr/src/pico-sdk/lib/tinyusb/src/device/usbd_control.c.o
                0x100031d4                usbd_control_xfer_cb
 .text._prep_out_transaction.isra.0
                0x10003284       0x6c CMakeFiles/pico_booty.dir/usr/src/pico-sdk/lib/tinyusb/src/class/cdc/cdc_device.c.o
 .text.tud_cdc_n_connected
                0x100032f0       0x2c CMakeFiles/pico_booty.dir/usr/src/pico-sdk/lib/tinyusb/src/class/cdc/cdc_device.c.o
                0x100032f0                tud_cdc_n_connected
 .text.tud_cdc_n_available
                0x1000331c       0x14 CMakeFiles/pico_booty.dir/usr/src/pico-sdk/lib/tinyusb/src/class/cdc/cdc_device.c.o
                0x1000331c                tud_cdc_n_available
 .text.tud_cdc_n_read
                0x10003330       0x2c CMakeFiles/pico_booty.dir/usr/src/pico-sdk/lib/tinyusb/src/class/cdc/cdc_device.c.o
                0x10003330                tud_cdc_n_read
 .text.tud_cdc_n_write_flush
                0x1000335c       0x80 CMakeFiles/pico_booty.dir/usr/src/pico-sdk/lib/tinyusb/src/class/cdc/cdc_device.c.o
                0x1000335c                tud_cdc_n_write_flush
 .text.tud_cdc_n_write
                0x100033dc       0x38 CMakeFiles/pico_booty.dir/usr/src/pico-sdk/lib/tinyusb/src/class/cdc/cdc_device.c.o
                0x100033dc                tud_cdc_n_write
 .text.tud_cdc_n_write_available
                0x10003414       0x14 CMakeFiles/pico_booty.dir/usr/src/pico-sdk/lib/tinyusb/src/class/cdc/cdc_device.c.o
                0x10003414                tud_cdc_n_write_available
 .text.cdcd_init
                0x10003428       0x70 CMakeFiles/pico_booty.dir/usr/src/pico-sdk/lib/tinyusb/src/class/cdc/cdc_device.c.o
                0x10003428                cdcd_init
 .text.cdcd_deinit
                0x10003498       0x24 CMakeFiles/pico_booty.dir/usr/src/pico-sdk/lib/tinyusb/src/class/cdc/cdc_device.c.o
                0x10003498                cdcd_deinit
 .text.cdcd_reset
                0x100034bc       0x3c CMakeFiles/pico_booty.dir/usr/src/pico-sdk/lib/tinyusb/src/class/cdc/cdc_device.c.o
                0x100034bc                cdcd_reset
 .text.cdcd_open
                0x100034f8       0xa0 CMakeFiles/pico_booty.dir/usr/src/pico-sdk/lib/tinyusb/src/class/cdc/cdc_device.c.o
                0x100034f8                cdcd_open
 .text.cdcd_control_xfer_cb
                0x10003598       0xbc CMakeFiles/pico_booty.dir/usr/src/pico-sdk/lib/tinyusb/src/class/cdc/cdc_device.c.o
                0x10003598                cdcd_control_xfer_cb
 .text.cdcd_xfer_cb
                0x10003654       0xec CMakeFiles/pico_booty.dir/usr/src/pico-sdk/lib/tinyusb/src/class/cdc/cdc_device.c.o
                0x10003654                cdcd_xfer_cb
 .text.tud_vendor_n_write_flush
                0x10003740       0x10 CMakeFiles/pico_booty.dir/usr/src/pico-sdk/lib/tinyusb/src/class/vendor/vendor_device.c.o
                0x10003740                tud_vendor_n_write_flush
 .text.vendord_init
                0x10003750       0x5c CMakeFiles/pico_booty.dir/usr/src/pico-sdk/lib/tinyusb/src/class/vendor/vendor_device.c.o
                0x10003750                vendord_init
 .text.vendord_deinit
                0x100037ac       0x1c CMakeFiles/pico_booty.dir/usr/src/pico-sdk/lib/tinyusb/src/class/vendor/vendor_device.c.o
                0x100037ac                vendord_deinit
 .text.vendord_reset
                0x100037c8       0x24 CMakeFiles/pico_booty.dir/usr/src/pico-sdk/lib/tinyusb/src/class/vendor/vendor_device.c.o
                0x100037c8                vendord_reset
 .text.vendord_open
                0x100037ec       0xe4 CMakeFiles/pico_booty.dir/usr/src/pico-sdk/lib/tinyusb/src/class/vendor/vendor_device.c.o
                0x100037ec                vendord_open
 .text.vendord_xfer_cb
                0x100038d0       0x84 CMakeFiles/pico_booty.dir/usr/src/pico-sdk/lib/tinyusb/src/class/vendor/vendor_device.c.o
                0x100038d0                vendord_xfer_cb
 .text.tusb_rhport_init
                0x10003954       0x60 CMakeFiles/pico_booty.dir/usr/src/pico-sdk/lib/tinyusb/src/tusb.c.o
                0x10003954                tusb_rhport_init
 .text.tu_edpt_claim
                0x100039b4       0x4a CMakeFiles/pico_booty.dir/usr/src/pico-sdk/lib/tinyusb/src/tusb.c.o
                0x100039b4                tu_edpt_claim
 .text.tu_edpt_release
                0x100039fe       0x36 CMakeFiles/pico_booty.dir/usr/src/pico-sdk/lib/tinyusb/src/tusb.c.o
                0x100039fe                tu_edpt_release
 .text.tu_edpt_validate
                0x10003a34       0x5e CMakeFiles/pico_booty.dir/usr/src/pico-sdk/lib/tinyusb/src/tusb.c.o
                0x10003a34                tu_edpt_validate
 .text.tu_edpt_bind_driver
                0x10003a92       0x24 CMakeFiles/pico_booty.dir/usr/src/pico-sdk/lib/tinyusb/src/tusb.c.o
                0x10003a92                tu_edpt_bind_driver
 .text.tu_edpt_stream_init
                0x10003ab6       0x4a CMakeFiles/pico_booty.dir/usr/src/pico-sdk/lib/tinyusb/src/tusb.c.o
                0x10003ab6                tu_edpt_stream_init
 .text.tu_edpt_stream_deinit
                0x10003b00        0x4 CMakeFiles/pico_booty.dir/usr/src/pico-sdk/lib/tinyusb/src/tusb.c.o
                0x10003b00                tu_edpt_stream_deinit
 .text.tu_edpt_stream_write_zlp_if_needed
                0x10003b04       0x68 CMakeFiles/pico_booty.dir/usr/src/pico-sdk/lib/tinyusb/src/tusb.c.o
                0x10003b04                tu_edpt_stream_write_zlp_if_needed
 .text.tu_edpt_stream_write_xfer
                0x10003b6c       0x6e CMakeFiles/pico_booty.dir/usr/src/pico-sdk/lib/tinyusb/src/tusb.c.o
                0x10003b6c                tu_edpt_stream_write_xfer
 .text.tu_edpt_stream_read_xfer
                0x10003bda       0xc0 CMakeFiles/pico_booty.dir/usr/src/pico-sdk/lib/tinyusb/src/tusb.c.o
                0x10003bda                tu_edpt_stream_read_xfer
 .text.advance_index
                0x10003c9a       0x18 CMakeFiles/pico_booty.dir/usr/src/pico-sdk/lib/tinyusb/src/common/tusb_fifo.c.o
 .text._tu_fifo_peek
                0x10003cb2       0x4c CMakeFiles/pico_booty.dir/usr/src/pico-sdk/lib/tinyusb/src/common/tusb_fifo.c.o
 .text._tu_fifo_peek_n.constprop.0
                0x10003cfe       0x8c CMakeFiles/pico_booty.dir/usr/src/pico-sdk/lib/tinyusb/src/common/tusb_fifo.c.o
 .text.tu_fifo_config
                0x10003d8a       0x5a CMakeFiles/pico_booty.dir/usr/src/pico-sdk/lib/tinyusb/src/common/tusb_fifo.c.o
                0x10003d8a                tu_fifo_config
 .text.tu_fifo_count
                0x10003de4       0x22 CMakeFiles/pico_booty.dir/usr/src/pico-sdk/lib/tinyusb/src/common/tusb_fifo.c.o
                0x10003de4                tu_fifo_count
 .text.tu_fifo_empty
                0x10003e06       0x10 CMakeFiles/pico_booty.dir/usr/src/pico-sdk/lib/tinyusb/src/common/tusb_fifo.c.o
                0x10003e06                tu_fifo_empty
 .text.tu_fifo_full
                0x10003e16       0x22 CMakeFiles/pico_booty.dir/usr/src/pico-sdk/lib/tinyusb/src/common/tusb_fifo.c.o
                0x10003e16                tu_fifo_full
 .text.tu_fifo_remaining
                0x10003e38       0x24 CMakeFiles/pico_booty.dir/usr/src/pico-sdk/lib/tinyusb/src/common/tusb_fifo.c.o
                0x10003e38                tu_fifo_remaining
 .text.tu_fifo_read
                0x10003e5c       0x3e CMakeFiles/pico_booty.dir/usr/src/pico-sdk/lib/tinyusb/src/common/tusb_fifo.c.o
                0x10003e5c                tu_fifo_read
 .text.tu_fifo_read_n
                0x10003e9a       0x46 CMakeFiles/pico_booty.dir/usr/src/pico-sdk/lib/tinyusb/src/common/tusb_fifo.c.o
                0x10003e9a                tu_fifo_read_n
 .text.tu_fifo_write
                0x10003ee0       0x62 CMakeFiles/pico_booty.dir/usr/src/pico-sdk/lib/tinyusb/src/common/tusb_fifo.c.o
                0x10003ee0                tu_fifo_write
 .text.tu_fifo_write_n
                0x10003f42      0x108 CMakeFiles/pico_booty.dir/usr/src/pico-sdk/lib/tinyusb/src/common/tusb_fifo.c.o
                0x10003f42                tu_fifo_write_n
 .text.tu_fifo_clear
                0x1000404a       0x36 CMakeFiles/pico_booty.dir/usr/src/pico-sdk/lib/tinyusb/src/common/tusb_fifo.c.o
                0x1000404a                tu_fifo_clear
 .text.tu_fifo_set_overwritable
                0x10004080       0x3a CMakeFiles/pico_booty.dir/usr/src/pico-sdk/lib/tinyusb/src/common/tusb_fifo.c.o
                0x10004080                tu_fifo_set_overwritable
 *fill*         0x100040ba        0x2 
 .text.memset   0x100040bc       0x88 /usr/src/arm-gnu-toolchain/bin/../lib/gcc/arm-none-eabi/15.2.1/../../../../arm-none-eabi/lib/thumb/v8-m.main+fp/softfp/libg.a(libc_a-memset.o)
                0x100040bc                memset
 .text          0x10004144       0xec /usr/src/arm-gnu-toolchain/bin/../lib/gcc/arm-none-eabi/15.2.1/../../../../arm-none-eabi/lib/thumb/v8-m.main+fp/softfp/libg.a(libc_a-memcpy.o)
                0x10004144                memcpy
 .text.strlen   0x10004230       0x5c /usr/src/arm-gnu-toolchain/bin/../lib/gcc/arm-none-eabi/15.2.1/../../../../arm-none-eabi/lib/thumb/v8-m.main+fp/softfp/libg.a(libc_a-strlen-stub.o)
                0x10004230                strlen
 *(.fini)
 .fini          0x1000428c        0x4 /usr/src/arm-gnu-toolchain/bin/../lib/gcc/arm-none-eabi/15.2.1/thumb/v8-m.main+fp/softfp/crti.o
                0x1000428c                _fini
 .fini.__stub   0x10004290       0x48 linker stubs
 *crtbegin.o(.ctors)
 *crtbegin?.o(.ctors)
 *(EXCLUDE_FILE(*crtend.o *crtend?.o) .ctors)
 *(SORT_BY_NAME(.ctors.*))
 *(.ctors)
 *crtbegin.o(.dtors)
 *crtbegin?.o(.dtors)
 *(EXCLUDE_FILE(*crtend.o *crtend?.o) .dtors)
 *(SORT_BY_NAME(.dtors.*))
 *(.dtors)
                0x100042d8                        . = ALIGN (0x4)
                0x100042d8                        PROVIDE (__preinit_array_start = .)
 *(SORT_BY_NAME(.preinit_array.*))
 .preinit_array.00050
                0x100042d8        0x4 CMakeFiles/pico_booty.dir/usr/src/pico-sdk/src/rp2_common/pico_runtime_init/runtime_init.c.o
                0x100042d8                __pre_init_runtime_init_bootrom_reset
 .preinit_array.00100
                0x100042dc        0x4 CMakeFiles/pico_booty.dir/usr/src/pico-sdk/src/rp2_common/pico_runtime_init/runtime_init.c.o
                0x100042dc                __pre_init_runtime_init_early_resets
 .preinit_array.00101
                0x100042e0        0x4 CMakeFiles/pico_booty.dir/usr/src/pico-sdk/src/rp2_common/pico_runtime_init/runtime_init.c.o
                0x100042e0                __pre_init_runtime_init_usb_power_down
 .preinit_array.00500
                0x100042e4        0x4 CMakeFiles/pico_booty.dir/usr/src/pico-sdk/src/rp2_common/pico_runtime_init/runtime_init.c.o
                0x100042e4                __pre_init_runtime_init_clocks
 .preinit_array.00600
                0x100042e8        0x4 CMakeFiles/pico_booty.dir/usr/src/pico-sdk/src/rp2_common/pico_runtime_init/runtime_init.c.o
                0x100042e8                __pre_init_runtime_init_post_clock_resets
 .preinit_array.01000
                0x100042ec        0x4 CMakeFiles/pico_booty.dir/usr/src/pico-sdk/src/rp2_common/hardware_boot_lock/boot_lock.c.o
                0x100042ec                __pre_init_runtime_init_boot_locks_reset
 .preinit_array.01000
                0x100042f0        0x4 CMakeFiles/pico_booty.dir/usr/src/pico-sdk/src/rp2_common/pico_runtime_init/runtime_init.c.o
                0x100042f0                __pre_init_runtime_init_spin_locks_reset
 .preinit_array.01010
                0x100042f4        0x4 CMakeFiles/pico_booty.dir/usr/src/pico-sdk/src/rp2_common/pico_bootrom/bootrom_lock.c.o
                0x100042f4                __pre_init_runtime_init_bootrom_locking_enable
 .preinit_array.01100
                0x100042f8        0x4 CMakeFiles/pico_booty.dir/usr/src/pico-sdk/src/common/pico_sync/mutex.c.o
                0x100042f8                __pre_init_runtime_init_mutex
 .preinit_array.10080
                0x100042fc        0x4 CMakeFiles/pico_booty.dir/usr/src/pico-sdk/src/rp2_common/pico_runtime_init/runtime_init.c.o
                0x100042fc                __pre_init_runtime_init_install_ram_vector_table
 .preinit_array.11000
                0x10004300        0x4 CMakeFiles/pico_booty.dir/usr/src/pico-sdk/src/common/pico_time/time.c.o
                0x10004300                __pre_init_runtime_init_default_alarm_pool
 .preinit_array.YYYYY
                0x10004304        0x4 CMakeFiles/pico_booty.dir/usr/src/pico-sdk/src/rp2_common/pico_runtime/runtime.c.o
                0x10004304                __pre_init_first_per_core_initializer
 .preinit_array.ZZZZZ.00051
                0x10004308        0x4 CMakeFiles/pico_booty.dir/usr/src/pico-sdk/src/rp2_common/pico_runtime_init/runtime_init.c.o
                0x10004308                __pre_init_runtime_init_per_core_bootrom_reset
 .preinit_array.ZZZZZ.00200
                0x1000430c        0x4 CMakeFiles/pico_booty.dir/usr/src/pico-sdk/src/rp2_common/pico_runtime_init/runtime_init.c.o
                0x1000430c                __pre_init_runtime_init_per_core_enable_coprocessors
 .preinit_array.ZZZZZ.01000
                0x10004310        0x4 CMakeFiles/pico_booty.dir/usr/src/pico-sdk/src/rp2_common/hardware_sync_spin_lock/sync_spin_lock.c.o
                0x10004310                __pre_init_spinlock_set_extexclall
 .preinit_array.ZZZZZ.01200
                0x10004314        0x4 CMakeFiles/pico_booty.dir/usr/src/pico-sdk/src/rp2_common/hardware_irq/irq.c.o
                0x10004314                __pre_init_runtime_init_per_core_irq_priorities
 *(.preinit_array)
                0x10004318                        PROVIDE (__preinit_array_end = .)
                0x10004318                        . = ALIGN (0x4)
                0x10004318                        PROVIDE (__init_array_start = .)
 *(SORT_BY_NAME(.init_array.*))
 .init_array.01000
                0x10004318        0x4 CMakeFiles/pico_booty.dir/usr/src/pico-sdk/src/rp2_common/pico_unique_id/unique_id.c.o
 *(.init_array)
 .init_array    0x1000431c        0x4 /usr/src/arm-gnu-toolchain/bin/../lib/gcc/arm-none-eabi/15.2.1/thumb/v8-m.main+fp/softfp/crtbegin.o
                0x10004320                        PROVIDE (__init_array_end = .)
                0x10004320                        . = ALIGN (0x4)
                [!provide]                        PROVIDE (__fini_array_start = .)
 *(SORT_BY_NAME(.fini_array.*))
 *(.fini_array)
                [!provide]                        PROVIDE (__fini_array_end = .)
 *(.eh_frame*)
 .eh_frame      0x10004320        0x0 /usr/src/arm-gnu-toolchain/bin/../lib/gcc/arm-none-eabi/15.2.1/thumb/v8-m.main+fp/softfp/crtbegin.o
                0x10004320                        . = ALIGN (0x4)

.glue_7         0x10004320        0x0
 .glue_7        0x10004320        0x0 linker stubs

.glue_7t        0x10004320        0x0
 .glue_7t       0x10004320        0x0 linker stubs

.vfp11_veneer   0x10004320        0x0
 .vfp11_veneer  0x10004320        0x0 linker stubs

.v4_bx          0x10004320        0x0
 .v4_bx         0x10004320        0x0 linker stubs

.iplt           0x10004320        0x0
 .iplt          0x10004320        0x0 /usr/src/arm-gnu-toolchain/bin/../lib/gcc/arm-none-eabi/15.2.1/thumb/v8-m.main+fp/softfp/crtbegin.o

.boot2          0x10004320        0x0
                0x10004320                        __boot2_start__ = .
 *(.boot2)
                0x10004320                        __boot2_end__ = .
                0x00000001                        ASSERT (((__boot2_end__ - __boot2_start__) <= 0x100), ERROR: Pico second stage bootloader must be no more than 256 bytes in size)

.rodata         0x10004320      0x3bc
 *(EXCLUDE_FILE(*libm.a: *libc.a:*lib_a-mem*.o *libgcc.a:) .rodata*)
 .rodata.main.str1.1
                0x10004320      0x189 CMakeFiles/pico_booty.dir/pico_booty.cpp.o
                                 0x28 (size before relaxing)
 *fill*         0x100044a9        0x3 
 .rodata._ZL16parallel_program
                0x100044ac        0x8 CMakeFiles/pico_booty.dir/pico_booty.cpp.o
 .rodata._ZL29parallel_program_instructions
                0x100044b4       0x12 CMakeFiles/pico_booty.dir/pico_booty.cpp.o
 .rodata.dma_claim_unused_channel.str1.1
                0x100044c6        0x0 CMakeFiles/pico_booty.dir/usr/src/pico-sdk/src/rp2_common/hardware_dma/dma.c.o
                                 0x1e (size before relaxing)
 .rodata.panic.str1.1
                0x100044c6        0x0 CMakeFiles/pico_booty.dir/usr/src/pico-sdk/src/rp2_common/pico_platform_panic/panic.c.o
                                 0x12 (size before relaxing)
 .rodata.spin_lock_claim_unused.str1.1
                0x100044c6        0x0 CMakeFiles/pico_booty.dir/usr/src/pico-sdk/src/rp2_common/hardware_sync/sync.c.o
                                 0x1b (size before relaxing)
 .rodata.user_irq_claim_unused.str1.1
                0x100044c6        0x0 CMakeFiles/pico_booty.dir/usr/src/pico-sdk/src/rp2_common/hardware_irq/irq.c.o
                                 0x1b (size before relaxing)
 .rodata.timer_hardware_alarm_claim.str1.1
                0x100044c6        0x0 CMakeFiles/pico_booty.dir/usr/src/pico-sdk/src/rp2_common/hardware_timer/timer.c.o
                                 0x22 (size before relaxing)
 .rodata.hard_assertion_failure.str1.1
                0x100044c6        0x0 CMakeFiles/pico_booty.dir/usr/src/pico-sdk/src/rp2_common/pico_runtime/runtime.c.o
                                  0xc (size before relaxing)
 .rodata.str1.1
                0x100044c6        0x0 CMakeFiles/pico_booty.dir/usr/src/pico-sdk/src/rp2_common/pico_standard_binary_info/standard_binary_info.c.o
                                 0x40 (size before relaxing)
 .rodata.__bi_84
                0x100044c6        0xc CMakeFiles/pico_booty.dir/usr/src/pico-sdk/src/rp2_common/pico_standard_binary_info/standard_binary_info.c.o
 .rodata.__bi_78
                0x100044d2        0xc CMakeFiles/pico_booty.dir/usr/src/pico-sdk/src/rp2_common/pico_standard_binary_info/standard_binary_info.c.o
 .rodata.__bi_60
                0x100044de        0xc CMakeFiles/pico_booty.dir/usr/src/pico-sdk/src/rp2_common/pico_standard_binary_info/standard_binary_info.c.o
 .rodata.__bi_54
                0x100044ea        0xc CMakeFiles/pico_booty.dir/usr/src/pico-sdk/src/rp2_common/pico_standard_binary_info/standard_binary_info.c.o
 .rodata.__bi_48
                0x100044f6        0xc CMakeFiles/pico_booty.dir/usr/src/pico-sdk/src/rp2_common/pico_standard_binary_info/standard_binary_info.c.o
 .rodata.__bi_42
                0x10004502        0xc CMakeFiles/pico_booty.dir/usr/src/pico-sdk/src/rp2_common/pico_standard_binary_info/standard_binary_info.c.o
 .rodata.__bi_34
                0x1000450e        0xc CMakeFiles/pico_booty.dir/usr/src/pico-sdk/src/rp2_common/pico_standard_binary_info/standard_binary_info.c.o
 .rodata.__bi_26
                0x1000451a        0xc CMakeFiles/pico_booty.dir/usr/src/pico-sdk/src/rp2_common/pico_standard_binary_info/standard_binary_info.c.o
 .rodata.crlf_str.0
                0x10004526        0x2 CMakeFiles/pico_booty.dir/usr/src/pico-sdk/src/rp2_common/pico_stdio/stdio.c.o
 .rodata._resetd_driver
                0x10004528       0x20 CMakeFiles/pico_booty.dir/usr/src/pico-sdk/src/rp2_common/pico_stdio_usb/reset_interface.c.o
 .rodata.desc_ms_os_20
                0x10004548       0xa6 CMakeFiles/pico_booty.dir/usr/src/pico-sdk/src/rp2_common/pico_stdio_usb/reset_interface.c.o
 .rodata.desc_bos
                0x100045ee       0x21 CMakeFiles/pico_booty.dir/usr/src/pico-sdk/src/rp2_common/pico_stdio_usb/reset_interface.c.o
                0x100045ee                desc_bos
 .rodata.str1.1
                0x1000460f        0x0 CMakeFiles/pico_booty.dir/usr/src/pico-sdk/src/rp2_common/pico_stdio_usb/stdio_usb.c.o
                                 0x13 (size before relaxing)
 .rodata.__bi_202.0
                0x1000460f        0xc CMakeFiles/pico_booty.dir/usr/src/pico-sdk/src/rp2_common/pico_stdio_usb/stdio_usb.c.o
 .rodata.str1.1
                0x1000461b        0x0 CMakeFiles/pico_booty.dir/usr/src/pico-sdk/src/rp2_common/pico_stdio_usb/stdio_usb_descriptors.c.o
                                 0x22 (size before relaxing)
 *fill*         0x1000461b        0x1 
 .rodata.usbd_desc_str
                0x1000461c       0x18 CMakeFiles/pico_booty.dir/usr/src/pico-sdk/src/rp2_common/pico_stdio_usb/stdio_usb_descriptors.c.o
 .rodata.usbd_desc_cfg
                0x10004634       0x54 CMakeFiles/pico_booty.dir/usr/src/pico-sdk/src/rp2_common/pico_stdio_usb/stdio_usb_descriptors.c.o
 .rodata.usbd_desc_device
                0x10004688       0x12 CMakeFiles/pico_booty.dir/usr/src/pico-sdk/src/rp2_common/pico_stdio_usb/stdio_usb_descriptors.c.o
 .rodata.str1.1
                0x1000469a        0x0 CMakeFiles/pico_booty.dir/usr/src/pico-sdk/lib/tinyusb/src/portable/raspberrypi/rp2040/dcd_rp2040.c.o
                                 0x14 (size before relaxing)
 .rodata.str1.1
                0x1000469a        0x0 CMakeFiles/pico_booty.dir/usr/src/pico-sdk/lib/tinyusb/src/portable/raspberrypi/rp2040/rp2040_usb.c.o
                                 0x46 (size before relaxing)
 *fill*         0x1000469a        0x2 
 .rodata._usbd_driver
                0x1000469c       0x40 CMakeFiles/pico_booty.dir/usr/src/pico-sdk/lib/tinyusb/src/device/usbd.c.o
 *(.srodata*)
                0x100046dc                        . = ALIGN (0x4)
 *(SORT_BY_ALIGNMENT(SORT_BY_NAME(.flashdata*)))
                0x100046dc                        . = ALIGN (0x4)

.ARM.extab
 *(.ARM.extab* .gnu.linkonce.armextab.*)
                0x100046dc                        __exidx_start = .

.ARM.exidx      0x100046dc        0x8
 *(.ARM.exidx* .gnu.linkonce.armexidx.*)
 .ARM.exidx     0x100046dc        0x8 /usr/src/arm-gnu-toolchain/bin/../lib/gcc/arm-none-eabi/15.2.1/../../../../arm-none-eabi/lib/thumb/v8-m.main+fp/softfp/libg.a(libc_a-memcpy.o)
                0x100046e4                        __exidx_end = .
                0x100046e4                        . = ALIGN (0x4)
                0x100046e4                        __binary_info_start = .

.binary_info    0x100046e4       0x24
 *(.binary_info.keep.*)
 .binary_info.keep.__bi_ptr84
                0x100046e4        0x4 CMakeFiles/pico_booty.dir/usr/src/pico-sdk/src/rp2_common/pico_standard_binary_info/standard_binary_info.c.o
 .binary_info.keep.__bi_ptr78
                0x100046e8        0x4 CMakeFiles/pico_booty.dir/usr/src/pico-sdk/src/rp2_common/pico_standard_binary_info/standard_binary_info.c.o
 .binary_info.keep.__bi_ptr60
                0x100046ec        0x4 CMakeFiles/pico_booty.dir/usr/src/pico-sdk/src/rp2_common/pico_standard_binary_info/standard_binary_info.c.o
 .binary_info.keep.__bi_ptr54
                0x100046f0        0x4 CMakeFiles/pico_booty.dir/usr/src/pico-sdk/src/rp2_common/pico_standard_binary_info/standard_binary_info.c.o
 .binary_info.keep.__bi_ptr48
                0x100046f4        0x4 CMakeFiles/pico_booty.dir/usr/src/pico-sdk/src/rp2_common/pico_standard_binary_info/standard_binary_info.c.o
 .binary_info.keep.__bi_ptr42
                0x100046f8        0x4 CMakeFiles/pico_booty.dir/usr/src/pico-sdk/src/rp2_common/pico_standard_binary_info/standard_binary_info.c.o
 .binary_info.keep.__bi_ptr34
                0x100046fc        0x4 CMakeFiles/pico_booty.dir/usr/src/pico-sdk/src/rp2_common/pico_standard_binary_info/standard_binary_info.c.o
 .binary_info.keep.__bi_ptr26
                0x10004700        0x4 CMakeFiles/pico_booty.dir/usr/src/pico-sdk/src/rp2_common/pico_standard_binary_info/standard_binary_info.c.o
 *(.binary_info.*)
 .binary_info.__bi_ptr202
                0x10004704        0x4 CMakeFiles/pico_booty.dir/usr/src/pico-sdk/src/rp2_common/pico_stdio_usb/stdio_usb.c.o
                0x10004708                        __binary_info_end = .
                0x10004708                        . = ALIGN (0x4)

.ram_vector_table
                0x20000000      0x110
 *(.ram_vector_table)
 .ram_vector_table
                0x20000000      0x110 CMakeFiles/pico_booty.dir/usr/src/pico-sdk/src/rp2_common/pico_runtime_init/runtime_init.c.o
                0x20000000                ram_vector_table

.uninitialized_data
                0x20000110        0x0
                0x20000110                        . = ALIGN (0x4)
 *(.uninitialized_data*)

.data           0x20000110     0xdcb4 load address 0x10004708
                0x20000110                        __data_start__ = .
 *(vtable)
 *(.time_critical*)
 .time_critical.mutex_try_enter
                0x20000110       0x4c CMakeFiles/pico_booty.dir/usr/src/pico-sdk/src/common/pico_sync/mutex.c.o
                0x20000110                mutex_try_enter
 .time_critical.mutex_enter_block_until
                0x2000015c       0x66 CMakeFiles/pico_booty.dir/usr/src/pico-sdk/src/common/pico_sync/mutex.c.o
                0x2000015c                mutex_enter_block_until
 .time_critical.mutex_try_enter_block_until
                0x200001c2       0x34 CMakeFiles/pico_booty.dir/usr/src/pico-sdk/src/common/pico_sync/mutex.c.o
                0x200001c2                mutex_try_enter_block_until
 .time_critical.mutex_enter_timeout_ms
                0x200001f6       0x34 CMakeFiles/pico_booty.dir/usr/src/pico-sdk/src/common/pico_sync/mutex.c.o
                0x200001f6                mutex_enter_timeout_ms
 .time_critical.mutex_exit
                0x2000022a       0x34 CMakeFiles/pico_booty.dir/usr/src/pico-sdk/src/common/pico_sync/mutex.c.o
                0x2000022a                mutex_exit
 *fill*         0x2000025e        0x2 
 .time_critical.reset_non_control_endpoints
                0x20000260       0x3c CMakeFiles/pico_booty.dir/usr/src/pico-sdk/lib/tinyusb/src/portable/raspberrypi/rp2040/dcd_rp2040.c.o
 .time_critical.hw_handle_buff_status
                0x2000029c       0x80 CMakeFiles/pico_booty.dir/usr/src/pico-sdk/lib/tinyusb/src/portable/raspberrypi/rp2040/dcd_rp2040.c.o
 .time_critical.dcd_rp2040_irq
                0x2000031c      0x1a0 CMakeFiles/pico_booty.dir/usr/src/pico-sdk/lib/tinyusb/src/portable/raspberrypi/rp2040/dcd_rp2040.c.o
 .time_critical.prepare_ep_buffer
                0x200004bc       0x5e CMakeFiles/pico_booty.dir/usr/src/pico-sdk/lib/tinyusb/src/portable/raspberrypi/rp2040/rp2040_usb.c.o
 *fill*         0x2000051a        0x2 
 .time_critical.e15_is_bulkin_ep
                0x2000051c       0x24 CMakeFiles/pico_booty.dir/usr/src/pico-sdk/lib/tinyusb/src/portable/raspberrypi/rp2040/rp2040_usb.c.o
 .time_critical.e15_is_critical_frame_period
                0x20000540       0x28 CMakeFiles/pico_booty.dir/usr/src/pico-sdk/lib/tinyusb/src/portable/raspberrypi/rp2040/rp2040_usb.c.o
 .time_critical.sync_ep_buffer
                0x20000568       0x4e CMakeFiles/pico_booty.dir/usr/src/pico-sdk/lib/tinyusb/src/portable/raspberrypi/rp2040/rp2040_usb.c.o
 .time_critical._hw_endpoint_xfer_sync
                0x200005b6       0x2a CMakeFiles/pico_booty.dir/usr/src/pico-sdk/lib/tinyusb/src/portable/raspberrypi/rp2040/rp2040_usb.c.o
 .time_critical.hw_endpoint_reset_transfer
                0x200005e0        0xa CMakeFiles/pico_booty.dir/usr/src/pico-sdk/lib/tinyusb/src/portable/raspberrypi/rp2040/rp2040_usb.c.o
                0x200005e0                hw_endpoint_reset_transfer
 *fill*         0x200005ea        0x2 
 .time_critical._hw_endpoint_buffer_control_update32
                0x200005ec       0x44 CMakeFiles/pico_booty.dir/usr/src/pico-sdk/lib/tinyusb/src/portable/raspberrypi/rp2040/rp2040_usb.c.o
                0x200005ec                _hw_endpoint_buffer_control_update32
 .time_critical.hw_endpoint_start_next_buffer
                0x20000630       0x64 CMakeFiles/pico_booty.dir/usr/src/pico-sdk/lib/tinyusb/src/portable/raspberrypi/rp2040/rp2040_usb.c.o
                0x20000630                hw_endpoint_start_next_buffer
 .time_critical.hw_endpoint_xfer_continue
                0x20000694       0x38 CMakeFiles/pico_booty.dir/usr/src/pico-sdk/lib/tinyusb/src/portable/raspberrypi/rp2040/rp2040_usb.c.o
                0x20000694                hw_endpoint_xfer_continue
 .time_critical.tinyusb
                0x200006cc      0x200 CMakeFiles/pico_booty.dir/usr/src/pico-sdk/lib/tinyusb/src/device/usbd.c.o
                0x200006cc                dcd_event_handler
 *fill*         0x200008cc        0x4 
 .time_critical.tinyusb.__stub
                0x200008d0       0x30 linker stubs
 *(.text*)
                0x20000900                        . = ALIGN (0x4)
 *(.rodata*)
                0x20000900                        . = ALIGN (0x4)
 *(.data*)
 .data          0x20000900     0xd420 CMakeFiles/pico_booty.dir/payload.s.o
                0x20000900                c_payloadStart
                0x2000dd20                c_payloadEnd
 .data.striped_spin_lock_num
                0x2000dd20        0x1 CMakeFiles/pico_booty.dir/usr/src/pico-sdk/src/rp2_common/hardware_sync/sync.c.o
 *fill*         0x2000dd21        0x3 
 .data          0x2000dd24       0x48 CMakeFiles/pico_booty.dir/usr/src/pico-sdk/src/rp2_common/hardware_irq/irq_handler_chain.S.o
                0x2000dd24                irq_handler_chain_slots
                0x2000dd54                irq_handler_chain_first_slot
                0x2000dd5e                irq_handler_chain_remove_tail
 .data.default_alarm_pool
                0x2000dd6c       0x18 CMakeFiles/pico_booty.dir/usr/src/pico-sdk/src/common/pico_time/time.c.o
 .data.stdio_usb
                0x2000dd84       0x18 CMakeFiles/pico_booty.dir/usr/src/pico-sdk/src/rp2_common/pico_stdio_usb/stdio_usb.c.o
                0x2000dd84                stdio_usb
 .data._usbd_qdef
                0x2000dd9c       0x1c CMakeFiles/pico_booty.dir/usr/src/pico-sdk/lib/tinyusb/src/device/usbd.c.o
                0x2000dd9c                _usbd_qdef
 .data._usbd_rhport
                0x2000ddb8        0x1 CMakeFiles/pico_booty.dir/usr/src/pico-sdk/lib/tinyusb/src/device/usbd.c.o
 *(.sdata*)
                0x2000ddbc                        . = ALIGN (0x4)
 *fill*         0x2000ddb9        0x3 
 *(.after_data.*)
                0x2000ddbc                        . = ALIGN (0x4)
                0x2000ddbc                        PROVIDE (__mutex_array_start = .)
 *(SORT_BY_NAME(.mutex_array.*))
 *(.mutex_array)
 .mutex_array   0x2000ddbc        0x8 CMakeFiles/pico_booty.dir/usr/src/pico-sdk/src/rp2_common/pico_stdio/stdio.c.o
                0x2000ddc4                        PROVIDE (__mutex_array_end = .)
 *(.jcr)
                0x2000ddc4                        . = ALIGN (0x4)

.tm_clone_table
                0x2000ddc4        0x0 load address 0x100123bc
 .tm_clone_table
                0x2000ddc4        0x0 /usr/src/arm-gnu-toolchain/bin/../lib/gcc/arm-none-eabi/15.2.1/thumb/v8-m.main+fp/softfp/crtbegin.o
 .tm_clone_table
                0x2000ddc4        0x0 /usr/src/arm-gnu-toolchain/bin/../lib/gcc/arm-none-eabi/15.2.1/thumb/v8-m.main+fp/softfp/crtend.o

.igot.plt       0x2000ddc4        0x0 load address 0x100123bc
 .igot.plt      0x2000ddc4        0x0 /usr/src/arm-gnu-toolchain/bin/../lib/gcc/arm-none-eabi/15.2.1/thumb/v8-m.main+fp/softfp/crtbegin.o

.tdata          0x2000ddc4        0x0 load address 0x100123bc
                0x2000ddc4                        . = ALIGN (0x4)
 *(.tdata .tdata.* .gnu.linkonce.td.*)
                0x2000ddc4                        __tdata_end = .
                0x2000ddc4                        PROVIDE (__data_end__ = .)
                0x10004708                        __etext = LOADADDR (.data)

.tbss           0x2000ddc4        0x0 load address 0x100123bc
                0x2000ddc4                        . = ALIGN (0x4)
                0x2000ddc4                        __bss_start__ = .
                0x2000ddc4                        __tls_base = .
 *(.tbss .tbss.* .gnu.linkonce.tb.*)
 *(.tcommon)
                0x2000ddc4                        __tls_end = .

.bss            0x2000ddc8      0xc44 load address 0x100123bc
                0x2000ddc8                        . = ALIGN (0x4)
                0x2000ddc8                        __tbss_end = .
 *(SORT_BY_ALIGNMENT(SORT_BY_NAME(.bss*)))
 .bss.default_alarm_pool_entries
                0x2000ddc8      0x180 CMakeFiles/pico_booty.dir/usr/src/pico-sdk/src/common/pico_time/time.c.o
 .bss.last_avail_time.1
                0x2000df48        0x8 CMakeFiles/pico_booty.dir/usr/src/pico-sdk/src/rp2_common/pico_stdio_usb/stdio_usb.c.o
 .bss._app_driver
                0x2000df50        0x4 CMakeFiles/pico_booty.dir/usr/src/pico-sdk/lib/tinyusb/src/device/usbd.c.o
 .bss._cdcd_epbuf
                0x2000df54       0x80 CMakeFiles/pico_booty.dir/usr/src/pico-sdk/lib/tinyusb/src/class/cdc/cdc_device.c.o
 .bss._cdcd_itf
                0x2000dfd4       0xc8 CMakeFiles/pico_booty.dir/usr/src/pico-sdk/lib/tinyusb/src/class/cdc/cdc_device.c.o
 .bss._ctrl_epbuf
                0x2000e09c       0x40 CMakeFiles/pico_booty.dir/usr/src/pico-sdk/lib/tinyusb/src/device/usbd_control.c.o
 .bss._ctrl_xfer
                0x2000e0dc       0x14 CMakeFiles/pico_booty.dir/usr/src/pico-sdk/lib/tinyusb/src/device/usbd_control.c.o
 .bss._ubsd_mutexdef
                0x2000e0f0        0x8 CMakeFiles/pico_booty.dir/usr/src/pico-sdk/lib/tinyusb/src/device/usbd.c.o
 .bss._usbd_mutex
                0x2000e0f8        0x4 CMakeFiles/pico_booty.dir/usr/src/pico-sdk/lib/tinyusb/src/device/usbd.c.o
 .bss._usbd_q   0x2000e0fc        0x4 CMakeFiles/pico_booty.dir/usr/src/pico-sdk/lib/tinyusb/src/device/usbd.c.o
 .bss._used_instruction_space
                0x2000e100        0xc CMakeFiles/pico_booty.dir/usr/src/pico-sdk/src/rp2_common/hardware_pio/pio.c.o
 .bss._vendord_epbuf
                0x2000e10c       0x80 CMakeFiles/pico_booty.dir/usr/src/pico-sdk/lib/tinyusb/src/class/vendor/vendor_device.c.o
 .bss._vendord_itf
                0x2000e18c      0x24c CMakeFiles/pico_booty.dir/usr/src/pico-sdk/lib/tinyusb/src/class/vendor/vendor_device.c.o
 .bss.callbacks
                0x2000e3d8        0x8 CMakeFiles/pico_booty.dir/usr/src/pico-sdk/src/rp2_common/hardware_gpio/gpio.c.o
 .bss.chars_available_callback
                0x2000e3e0        0x4 CMakeFiles/pico_booty.dir/usr/src/pico-sdk/src/rp2_common/pico_stdio_usb/stdio_usb.c.o
 .bss.chars_available_param
                0x2000e3e4        0x4 CMakeFiles/pico_booty.dir/usr/src/pico-sdk/src/rp2_common/pico_stdio_usb/stdio_usb.c.o
 .bss.claimed   0x2000e3e8        0x4 CMakeFiles/pico_booty.dir/usr/src/pico-sdk/src/rp2_common/hardware_sync/sync.c.o
 .bss.configured_freq
                0x2000e3ec       0x28 CMakeFiles/pico_booty.dir/usr/src/pico-sdk/src/rp2_common/hardware_clocks/clocks.c.o
 .bss.drivers   0x2000e414        0x4 CMakeFiles/pico_booty.dir/usr/src/pico-sdk/src/rp2_common/pico_stdio/stdio.c.o
 .bss.e15_last_sof
                0x2000e418        0x4 CMakeFiles/pico_booty.dir/usr/src/pico-sdk/lib/tinyusb/src/portable/raspberrypi/rp2040/rp2040_usb.c.o
                0x2000e418                e15_last_sof
 .bss.filter    0x2000e41c        0x4 CMakeFiles/pico_booty.dir/usr/src/pico-sdk/src/rp2_common/pico_stdio/stdio.c.o
 .bss.hw_endpoints
                0x2000e420      0x400 CMakeFiles/pico_booty.dir/usr/src/pico-sdk/lib/tinyusb/src/portable/raspberrypi/rp2040/dcd_rp2040.c.o
 .bss.lastLowEvent
                0x2000e820        0x4 CMakeFiles/pico_booty.dir/pico_booty.cpp.o
                0x2000e820                lastLowEvent
 .bss.lazy_vsnprintf
                0x2000e824        0x4 CMakeFiles/pico_booty.dir/usr/src/pico-sdk/src/rp2_common/pico_printf/printf.c.o
 .bss.load_value
                0x2000e828        0x4 CMakeFiles/pico_booty.dir/usr/src/pico-sdk/src/rp2_common/hardware_watchdog/watchdog.c.o
 .bss.next_buffer_ptr
                0x2000e82c        0x4 CMakeFiles/pico_booty.dir/usr/src/pico-sdk/lib/tinyusb/src/portable/raspberrypi/rp2040/dcd_rp2040.c.o
 .bss.object.0  0x2000e830       0x18 /usr/src/arm-gnu-toolchain/bin/../lib/gcc/arm-none-eabi/15.2.1/thumb/v8-m.main+fp/softfp/crtbegin.o
 .bss.one_shot_timer_crit_sec
                0x2000e848        0x8 CMakeFiles/pico_booty.dir/usr/src/pico-sdk/src/rp2_common/pico_stdio_usb/stdio_usb.c.o
 .bss.pools     0x2000e850       0x20 CMakeFiles/pico_booty.dir/usr/src/pico-sdk/src/common/pico_time/time.c.o
 .bss.raw_irq_mask
                0x2000e870        0x8 CMakeFiles/pico_booty.dir/usr/src/pico-sdk/src/rp2_common/hardware_gpio/gpio.c.o
 .bss.sleep_notifier
                0x2000e878        0x4 CMakeFiles/pico_booty.dir/usr/src/pico-sdk/src/common/pico_time/time.c.o
 .bss.stdio_usb_mutex
                0x2000e87c        0x8 CMakeFiles/pico_booty.dir/usr/src/pico-sdk/src/rp2_common/pico_stdio_usb/stdio_usb.c.o
 .bss._claimed  0x2000e884        0x2 CMakeFiles/pico_booty.dir/usr/src/pico-sdk/src/rp2_common/hardware_dma/dma.c.o
 .bss.desc_str.0
                0x2000e886       0x28 CMakeFiles/pico_booty.dir/usr/src/pico-sdk/src/rp2_common/pico_stdio_usb/stdio_usb_descriptors.c.o
 .bss.PIN_RSTPending
                0x2000e8ae        0x1 CMakeFiles/pico_booty.dir/pico_booty.cpp.o
                0x2000e8ae                PIN_RSTPending
 .bss._app_driver_count
                0x2000e8af        0x1 CMakeFiles/pico_booty.dir/usr/src/pico-sdk/lib/tinyusb/src/device/usbd.c.o
 .bss._cdcd_fifo_cfg
                0x2000e8b0        0x1 CMakeFiles/pico_booty.dir/usr/src/pico-sdk/lib/tinyusb/src/class/cdc/cdc_device.c.o
 .bss._sof_enable
                0x2000e8b1        0x1 CMakeFiles/pico_booty.dir/usr/src/pico-sdk/lib/tinyusb/src/portable/raspberrypi/rp2040/dcd_rp2040.c.o
 .bss._sw_spin_locks
                0x2000e8b2       0x20 CMakeFiles/pico_booty.dir/usr/src/pico-sdk/src/rp2_common/hardware_sync_spin_lock/sync_spin_lock.c.o
                0x2000e8b2                _sw_spin_locks
 .bss._tusb_rhport_role
                0x2000e8d2        0x2 CMakeFiles/pico_booty.dir/usr/src/pico-sdk/lib/tinyusb/src/tusb.c.o
                0x2000e8d2                _tusb_rhport_role
 .bss._usbd_dev
                0x2000e8d4       0x54 CMakeFiles/pico_booty.dir/usr/src/pico-sdk/lib/tinyusb/src/device/usbd.c.o
 .bss._usbd_qdef_buf
                0x2000e928       0xc0 CMakeFiles/pico_booty.dir/usr/src/pico-sdk/lib/tinyusb/src/device/usbd.c.o
                0x2000e928                _usbd_qdef_buf
 .bss._usbd_queued_setup
                0x2000e9e8        0x1 CMakeFiles/pico_booty.dir/usr/src/pico-sdk/lib/tinyusb/src/device/usbd.c.o
 .bss.claimed   0x2000e9e9        0x2 CMakeFiles/pico_booty.dir/usr/src/pico-sdk/src/rp2_common/hardware_timer/timer.c.o
 .bss.irq_handler_chain_free_slot_head
                0x2000e9eb        0x1 CMakeFiles/pico_booty.dir/usr/src/pico-sdk/src/rp2_common/hardware_irq/irq.c.o
 .bss.itf_num   0x2000e9ec        0x1 CMakeFiles/pico_booty.dir/usr/src/pico-sdk/src/rp2_common/pico_stdio_usb/reset_interface.c.o
 .bss.low_priority_irq_num
                0x2000e9ed        0x1 CMakeFiles/pico_booty.dir/usr/src/pico-sdk/src/rp2_common/pico_stdio_usb/stdio_usb.c.o
 .bss.one_shot_timer_pending
                0x2000e9ee        0x1 CMakeFiles/pico_booty.dir/usr/src/pico-sdk/src/rp2_common/pico_stdio_usb/stdio_usb.c.o
 .bss.retrieved_id
                0x2000e9ef        0x8 CMakeFiles/pico_booty.dir/usr/src/pico-sdk/src/rp2_common/pico_unique_id/unique_id.c.o
 .bss.usbd_serial_str
                0x2000e9f7       0x11 CMakeFiles/pico_booty.dir/usr/src/pico-sdk/src/rp2_common/pico_stdio_usb/stdio_usb_descriptors.c.o
 .bss.user_irq_claimed
                0x2000ea08        0x1 CMakeFiles/pico_booty.dir/usr/src/pico-sdk/src/rp2_common/hardware_irq/irq.c.o
 *(COMMON)
                [!provide]                        PROVIDE (__global_pointer$ = (. + 0x800))
 *(.sbss*)
                0x2000ea0c                        . = ALIGN (0x4)
 *fill*         0x2000ea09        0x3 
                0x2000ea0c                        __bss_end__ = .

.heap           0x2000ea0c      0x800 load address 0x100123bc
                0x2000ea0c                        __end__ = .
                0x2000ea0c                        end = __end__
 *(.heap*)
 .heap          0x2000ea0c      0x800 CMakeFiles/pico_booty.dir/usr/src/pico-sdk/src/rp2_common/pico_crt0/crt0.S.o
                0x20080000                        __HeapLimit = (ORIGIN (RAM) + LENGTH (RAM))

.scratch_x      0x20080000        0x0 load address 0x100123bc
                0x20080000                        __scratch_x_start__ = .
 *(.scratch_x.*)
                0x20080000                        . = ALIGN (0x4)
                0x20080000                        __scratch_x_end__ = .
                0x100123bc                        __scratch_x_source__ = LOADADDR (.scratch_x)

.scratch_y      0x20081000        0x0 load address 0x100123bc
                0x20081000                        __scratch_y_start__ = .
 *(.scratch_y.*)
                0x20081000                        . = ALIGN (0x4)
                0x20081000                        __scratch_y_end__ = .
                0x100123bc                        __scratch_y_source__ = LOADADDR (.scratch_y)

.stack1_dummy
 *(.stack1*)

.stack_dummy    0x20081000      0x800
 *(.stack*)
 .stack         0x20081000      0x800 CMakeFiles/pico_booty.dir/usr/src/pico-sdk/src/rp2_common/pico_crt0/crt0.S.o

.flash_end      0x100123bc       0x14
 *(.embedded_end_block*)
 .embedded_end_block
                0x100123bc       0x14 CMakeFiles/pico_booty.dir/usr/src/pico-sdk/src/rp2_common/pico_crt0/crt0.S.o
                0x100123d0                        PROVIDE (__flash_binary_end = .)
                0x20080000                        __StackLimit = (ORIGIN (RAM) + LENGTH (RAM))
                0x20081000                        __StackOneTop = (ORIGIN (SCRATCH_X) + LENGTH (SCRATCH_X))
                0x20082000                        __StackTop = (ORIGIN (SCRATCH_Y) + LENGTH (SCRATCH_Y))
                0x20081000                        __StackOneBottom = (__StackOneTop - SIZEOF (.stack1_dummy))
                0x20081800                        __StackBottom = (__StackTop - SIZEOF (.stack_dummy))
                0x20082000                        PROVIDE (__stack = __StackTop)
                [!provide]                        PROVIDE (__heap_start = __end__)
                [!provide]                        PROVIDE (__heap_end = __HeapLimit)
                [!provide]                        PROVIDE (__tls_align = MAX (ALIGNOF (.tdata), ALIGNOF (.tbss)))
                [!provide]                        PROVIDE (__tls_size_align = (((__tls_size + __tls_align) - 0x1) & ~ ((__tls_align - 0x1))))
                [!provide]                        PROVIDE (__arm32_tls_tcb_offset = MAX (0x8, __tls_align))
                [!provide]                        PROVIDE (_end = __end__)
                [!provide]                        PROVIDE (__llvm_libc_heap_limit = __HeapLimit)
                0x00000001                        ASSERT ((__StackLimit >= __HeapLimit), region RAM overflowed)
                0x00000001                        ASSERT (((__binary_info_header_end - __logical_binary_start) <= 0x400), Binary info must be in first 1024 bytes of the binary)
                0x00000001                        ASSERT (((__embedded_block_end - __logical_binary_start) <= 0x1000), Embedded block must be in first 4096 bytes of the binary)
LOAD CMakeFiles/pico_booty.dir/pico_booty.cpp.o
LOAD CMakeFiles/pico_booty.dir/payload.s.o
LOAD CMakeFiles/pico_booty.dir/usr/src/pico-sdk/src/rp2_common/hardware_dma/dma.c.o
LOAD CMakeFiles/pico_booty.dir/usr/src/pico-sdk/src/rp2350/pico_platform/platform.c.o
LOAD CMakeFiles/pico_booty.dir/usr/src/pico-sdk/src/rp2_common/pico_platform_common/common.c.o
LOAD CMakeFiles/pico_booty.dir/usr/src/pico-sdk/src/rp2_common/pico_platform_panic/panic.c.o
LOAD CMakeFiles/pico_booty.dir/usr/src/pico-sdk/src/common/hardware_claim/claim.c.o
LOAD CMakeFiles/pico_booty.dir/usr/src/pico-sdk/src/rp2_common/hardware_sync/sync.c.o
LOAD CMakeFiles/pico_booty.dir/usr/src/pico-sdk/src/rp2_common/hardware_sync_spin_lock/sync_spin_lock.c.o
LOAD CMakeFiles/pico_booty.dir/usr/src/pico-sdk/src/rp2_common/hardware_pio/pio.c.o
LOAD CMakeFiles/pico_booty.dir/usr/src/pico-sdk/src/rp2_common/hardware_gpio/gpio.c.o
LOAD CMakeFiles/pico_booty.dir/usr/src/pico-sdk/src/rp2_common/hardware_irq/irq.c.o
LOAD CMakeFiles/pico_booty.dir/usr/src/pico-sdk/src/rp2_common/hardware_irq/irq_handler_chain.S.o
LOAD CMakeFiles/pico_booty.dir/usr/src/pico-sdk/src/common/pico_sync/sem.c.o
LOAD CMakeFiles/pico_booty.dir/usr/src/pico-sdk/src/common/pico_sync/lock_core.c.o
LOAD CMakeFiles/pico_booty.dir/usr/src/pico-sdk/src/common/pico_sync/mutex.c.o
LOAD CMakeFiles/pico_booty.dir/usr/src/pico-sdk/src/common/pico_sync/critical_section.c.o
LOAD CMakeFiles/pico_booty.dir/usr/src/pico-sdk/src/common/pico_time/time.c.o
LOAD CMakeFiles/pico_booty.dir/usr/src/pico-sdk/src/common/pico_time/timeout_helper.c.o
LOAD CMakeFiles/pico_booty.dir/usr/src/pico-sdk/src/rp2_common/hardware_timer/timer.c.o
LOAD CMakeFiles/pico_booty.dir/usr/src/pico-sdk/src/common/pico_util/datetime.c.o
LOAD CMakeFiles/pico_booty.dir/usr/src/pico-sdk/src/common/pico_util/pheap.c.o
LOAD CMakeFiles/pico_booty.dir/usr/src/pico-sdk/src/common/pico_util/queue.c.o
LOAD CMakeFiles/pico_booty.dir/usr/src/pico-sdk/src/rp2_common/pico_stdlib/stdlib.c.o
LOAD CMakeFiles/pico_booty.dir/usr/src/pico-sdk/src/rp2_common/hardware_uart/uart.c.o
LOAD CMakeFiles/pico_booty.dir/usr/src/pico-sdk/src/rp2_common/hardware_clocks/clocks.c.o
LOAD CMakeFiles/pico_booty.dir/usr/src/pico-sdk/src/rp2_common/hardware_pll/pll.c.o
LOAD CMakeFiles/pico_booty.dir/usr/src/pico-sdk/src/rp2_common/hardware_vreg/vreg.c.o
LOAD CMakeFiles/pico_booty.dir/usr/src/pico-sdk/src/rp2_common/hardware_watchdog/watchdog.c.o
LOAD CMakeFiles/pico_booty.dir/usr/src/pico-sdk/src/rp2_common/hardware_ticks/ticks.c.o
LOAD CMakeFiles/pico_booty.dir/usr/src/pico-sdk/src/rp2_common/pico_bootrom/bootrom.c.o
LOAD CMakeFiles/pico_booty.dir/usr/src/pico-sdk/src/rp2_common/pico_bootrom/bootrom_lock.c.o
LOAD CMakeFiles/pico_booty.dir/usr/src/pico-sdk/src/rp2_common/hardware_boot_lock/boot_lock.c.o
LOAD CMakeFiles/pico_booty.dir/usr/src/pico-sdk/src/rp2_common/pico_flash/flash.c.o
LOAD CMakeFiles/pico_booty.dir/usr/src/pico-sdk/src/rp2_common/hardware_xosc/xosc.c.o
LOAD CMakeFiles/pico_booty.dir/usr/src/pico-sdk/src/rp2_common/hardware_divider/divider.c.o
LOAD CMakeFiles/pico_booty.dir/usr/src/pico-sdk/src/rp2_common/pico_runtime/runtime.c.o
LOAD CMakeFiles/pico_booty.dir/usr/src/pico-sdk/src/rp2_common/pico_runtime_init/runtime_init.c.o
LOAD CMakeFiles/pico_booty.dir/usr/src/pico-sdk/src/rp2_common/pico_runtime_init/runtime_init_clocks.c.o
LOAD CMakeFiles/pico_booty.dir/usr/src/pico-sdk/src/rp2_common/pico_runtime_init/runtime_init_stack_guard.c.o
LOAD CMakeFiles/pico_booty.dir/usr/src/pico-sdk/src/rp2_common/pico_bit_ops/bit_ops_aeabi.S.o
LOAD CMakeFiles/pico_booty.dir/usr/src/pico-sdk/src/rp2_common/pico_divider/divider_compiler.c.o
LOAD CMakeFiles/pico_booty.dir/usr/src/pico-sdk/src/rp2_common/pico_double/double_math.c.o
LOAD CMakeFiles/pico_booty.dir/usr/src/pico-sdk/src/rp2_common/pico_double/double_aeabi_dcp.S.o
LOAD CMakeFiles/pico_booty.dir/usr/src/pico-sdk/src/rp2_common/pico_double/double_fma_dcp.S.o
LOAD CMakeFiles/pico_booty.dir/usr/src/pico-sdk/src/rp2_common/pico_double/double_sci_m33.S.o
LOAD CMakeFiles/pico_booty.dir/usr/src/pico-sdk/src/rp2_common/pico_double/double_conv_m33.S.o
LOAD CMakeFiles/pico_booty.dir/usr/src/pico-sdk/src/rp2_common/pico_float/float_math.c.o
LOAD CMakeFiles/pico_booty.dir/usr/src/pico-sdk/src/rp2_common/pico_float/float_conv32_vfp.S.o
LOAD CMakeFiles/pico_booty.dir/usr/src/pico-sdk/src/rp2_common/pico_float/float_common_m33.S.o
LOAD CMakeFiles/pico_booty.dir/usr/src/pico-sdk/src/rp2_common/pico_float/float_sci_m33_vfp.S.o
LOAD CMakeFiles/pico_booty.dir/usr/src/pico-sdk/src/rp2_common/pico_malloc/malloc.c.o
LOAD CMakeFiles/pico_booty.dir/usr/src/pico-sdk/src/rp2_common/pico_atomic/atomic.c.o
LOAD CMakeFiles/pico_booty.dir/usr/src/pico-sdk/src/rp2_common/pico_cxx_options/new_delete.cpp.o
LOAD CMakeFiles/pico_booty.dir/usr/src/pico-sdk/src/rp2_common/pico_standard_binary_info/standard_binary_info.c.o
LOAD CMakeFiles/pico_booty.dir/usr/src/pico-sdk/src/rp2_common/pico_printf/printf.c.o
LOAD CMakeFiles/pico_booty.dir/usr/src/pico-sdk/src/rp2_common/pico_crt0/crt0.S.o
LOAD CMakeFiles/pico_booty.dir/usr/src/pico-sdk/src/rp2_common/pico_clib_interface/newlib_interface.c.o
LOAD CMakeFiles/pico_booty.dir/usr/src/pico-sdk/src/rp2_common/pico_stdio/stdio.c.o
LOAD CMakeFiles/pico_booty.dir/usr/src/pico-sdk/src/rp2_common/pico_stdio_usb/reset_interface.c.o
LOAD CMakeFiles/pico_booty.dir/usr/src/pico-sdk/src/rp2_common/pico_stdio_usb/stdio_usb.c.o
LOAD CMakeFiles/pico_booty.dir/usr/src/pico-sdk/src/rp2_common/pico_stdio_usb/stdio_usb_descriptors.c.o
LOAD CMakeFiles/pico_booty.dir/usr/src/pico-sdk/src/rp2_common/pico_unique_id/unique_id.c.o
LOAD CMakeFiles/pico_booty.dir/usr/src/pico-sdk/src/rp2_common/hardware_flash/flash.c.o
LOAD CMakeFiles/pico_booty.dir/usr/src/pico-sdk/src/rp2_common/hardware_xip_cache/xip_cache.c.o
LOAD CMakeFiles/pico_booty.dir/usr/src/pico-sdk/lib/tinyusb/src/portable/raspberrypi/rp2040/dcd_rp2040.c.o
LOAD CMakeFiles/pico_booty.dir/usr/src/pico-sdk/lib/tinyusb/src/portable/raspberrypi/rp2040/rp2040_usb.c.o
LOAD CMakeFiles/pico_booty.dir/usr/src/pico-sdk/lib/tinyusb/src/device/usbd.c.o
LOAD CMakeFiles/pico_booty.dir/usr/src/pico-sdk/lib/tinyusb/src/device/usbd_control.c.o
LOAD CMakeFiles/pico_booty.dir/usr/src/pico-sdk/lib/tinyusb/src/class/audio/audio_device.c.o
LOAD CMakeFiles/pico_booty.dir/usr/src/pico-sdk/lib/tinyusb/src/class/cdc/cdc_device.c.o
LOAD CMakeFiles/pico_booty.dir/usr/src/pico-sdk/lib/tinyusb/src/class/dfu/dfu_device.c.o
LOAD CMakeFiles/pico_booty.dir/usr/src/pico-sdk/lib/tinyusb/src/class/dfu/dfu_rt_device.c.o
LOAD CMakeFiles/pico_booty.dir/usr/src/pico-sdk/lib/tinyusb/src/class/hid/hid_device.c.o
LOAD CMakeFiles/pico_booty.dir/usr/src/pico-sdk/lib/tinyusb/src/class/midi/midi_device.c.o
LOAD CMakeFiles/pico_booty.dir/usr/src/pico-sdk/lib/tinyusb/src/class/msc/msc_device.c.o
LOAD CMakeFiles/pico_booty.dir/usr/src/pico-sdk/lib/tinyusb/src/class/net/ecm_rndis_device.c.o
LOAD CMakeFiles/pico_booty.dir/usr/src/pico-sdk/lib/tinyusb/src/class/net/ncm_device.c.o
LOAD CMakeFiles/pico_booty.dir/usr/src/pico-sdk/lib/tinyusb/src/class/usbtmc/usbtmc_device.c.o
LOAD CMakeFiles/pico_booty.dir/usr/src/pico-sdk/lib/tinyusb/src/class/vendor/vendor_device.c.o
LOAD CMakeFiles/pico_booty.dir/usr/src/pico-sdk/lib/tinyusb/src/class/video/video_device.c.o
LOAD CMakeFiles/pico_booty.dir/usr/src/pico-sdk/lib/tinyusb/src/tusb.c.o
LOAD CMakeFiles/pico_booty.dir/usr/src/pico-sdk/lib/tinyusb/src/common/tusb_fifo.c.o
LOAD CMakeFiles/pico_booty.dir/usr/src/pico-sdk/src/rp2_common/pico_fix/rp2040_usb_device_enumeration/rp2040_usb_device_enumeration.c.o
LOAD pico-sdk/src/rp2350/boot_stage2/CMakeFiles/bs2_default_library.dir/bs2_default_padded_checksummed.S.o
LOAD /usr/src/arm-gnu-toolchain/bin/../lib/gcc/arm-none-eabi/15.2.1/../../../../arm-none-eabi/lib/thumb/v8-m.main+fp/softfp/libstdc++.a
LOAD /usr/src/arm-gnu-toolchain/bin/../lib/gcc/arm-none-eabi/15.2.1/../../../../arm-none-eabi/lib/thumb/v8-m.main+fp/softfp/libm.a
START GROUP
LOAD /usr/src/arm-gnu-toolchain/bin/../lib/gcc/arm-none-eabi/15.2.1/thumb/v8-m.main+fp/softfp/libgcc.a
LOAD /usr/src/arm-gnu-toolchain/bin/../lib/gcc/arm-none-eabi/15.2.1/../../../../arm-none-eabi/lib/thumb/v8-m.main+fp/softfp/libg.a
LOAD /usr/src/arm-gnu-toolchain/bin/../lib/gcc/arm-none-eabi/15.2.1/../../../../arm-none-eabi/lib/thumb/v8-m.main+fp/softfp/libc.a
END GROUP
START GROUP
LOAD /usr/src/arm-gnu-toolchain/bin/../lib/gcc/arm-none-eabi/15.2.1/thumb/v8-m.main+fp/softfp/libgcc.a
LOAD /usr/src/arm-gnu-toolchain/bin/../lib/gcc/arm-none-eabi/15.2.1/../../../../arm-none-eabi/lib/thumb/v8-m.main+fp/softfp/libc.a
LOAD /usr/src/arm-gnu-toolchain/bin/../lib/gcc/arm-none-eabi/15.2.1/../../../../arm-none-eabi/lib/thumb/v8-m.main+fp/softfp/libnosys.a
END GROUP
LOAD /usr/src/arm-gnu-toolchain/bin/../lib/gcc/arm-none-eabi/15.2.1/thumb/v8-m.main+fp/softfp/crtend.o
LOAD /usr/src/arm-gnu-toolchain/bin/../lib/gcc/arm-none-eabi/15.2.1/thumb/v8-m.main+fp/softfp/crtn.o
OUTPUT(pico_booty.elf elf32-littlearm)
LOAD linker stubs

.rel.dyn        0x100123d0        0x0
 .rel.iplt      0x100123d0        0x0 /usr/src/arm-gnu-toolchain/bin/../lib/gcc/arm-none-eabi/15.2.1/thumb/v8-m.main+fp/softfp/crtbegin.o

.ARM.attributes
                0x00000000       0x34